[0.060s] colcon DEBUG Command line arguments: ['/usr/bin/colcon', 'build']
[0.060s] colcon DEBUG Parsed command line arguments: Namespace(log_base=None, log_level=None, verb_name='build', build_base='build', install_base='install', merge_install=False, symlink_install=False, test_result_base=None, continue_on_error=False, executor='parallel', parallel_workers=24, event_handlers=None, ignore_user_meta=False, metas=['./colcon.meta'], base_paths=['.'], packages_ignore=None, packages_ignore_regex=None, paths=None, packages_up_to=None, packages_up_to_regex=None, packages_above=None, packages_above_and_dependencies=None, packages_above_depth=None, packages_select_by_dep=None, packages_skip_by_dep=None, packages_skip_up_to=None, packages_select_build_failed=False, packages_skip_build_finished=False, packages_select_test_failures=False, packages_skip_test_passed=False, packages_select=None, packages_skip=None, packages_select_regex=None, packages_skip_regex=None, packages_start=None, packages_end=None, allow_overriding=[], cmake_args=None, cmake_target=None, cmake_target_skip_unavailable=False, cmake_clean_cache=False, cmake_clean_first=False, cmake_force_configure=False, ament_cmake_args=None, catkin_cmake_args=None, catkin_skip_building_tests=False, mixin_files=None, mixin=None, verb_parser=<colcon_mixin.mixin.mixin_argument.MixinArgumentDecorator object at 0x7eed34038bb0>, verb_extension=<colcon_core.verb.build.BuildVerb object at 0x7eed34038670>, main=<bound method BuildVerb.main of <colcon_core.verb.build.BuildVerb object at 0x7eed34038670>>, mixin_verb=('build',))
[0.131s] colcon.colcon_core.package_discovery Level 1 discover_packages(colcon_meta) check parameters
[0.131s] colcon.colcon_core.package_discovery Level 1 discover_packages(recursive) check parameters
[0.131s] colcon.colcon_core.package_discovery Level 1 discover_packages(ignore) check parameters
[0.131s] colcon.colcon_core.package_discovery Level 1 discover_packages(path) check parameters
[0.132s] colcon.colcon_core.package_discovery Level 1 discover_packages(colcon_meta) discover
[0.132s] colcon.colcon_core.package_discovery Level 1 discover_packages(recursive) discover
[0.132s] colcon.colcon_core.package_discovery INFO Crawling recursively for packages in '/home/anhnt298/Downloads/SpatialStack_RxR/ros2_ws'
[0.132s] colcon.colcon_core.package_identification Level 1 _identify(.) by extensions ['ignore', 'ignore_ament_install']
[0.132s] colcon.colcon_core.package_identification Level 1 _identify(.) by extension 'ignore'
[0.132s] colcon.colcon_core.package_identification Level 1 _identify(.) by extension 'ignore_ament_install'
[0.132s] colcon.colcon_core.package_identification Level 1 _identify(.) by extensions ['colcon_pkg']
[0.132s] colcon.colcon_core.package_identification Level 1 _identify(.) by extension 'colcon_pkg'
[0.132s] colcon.colcon_core.package_identification Level 1 _identify(.) by extensions ['colcon_meta']
[0.132s] colcon.colcon_core.package_identification Level 1 _identify(.) by extension 'colcon_meta'
[0.132s] colcon.colcon_core.package_identification Level 1 _identify(.) by extensions ['ros']
[0.132s] colcon.colcon_core.package_identification Level 1 _identify(.) by extension 'ros'
[0.142s] colcon.colcon_core.package_identification Level 1 _identify(.) by extensions ['cmake', 'python']
[0.142s] colcon.colcon_core.package_identification Level 1 _identify(.) by extension 'cmake'
[0.142s] colcon.colcon_core.package_identification Level 1 _identify(.) by extension 'python'
[0.143s] colcon.colcon_core.package_identification Level 1 _identify(.) by extensions ['python_setup_py']
[0.143s] colcon.colcon_core.package_identification Level 1 _identify(.) by extension 'python_setup_py'
[0.143s] colcon.colcon_core.package_identification Level 1 _identify(build) by extensions ['ignore', 'ignore_ament_install']
[0.143s] colcon.colcon_core.package_identification Level 1 _identify(build) by extension 'ignore'
[0.143s] colcon.colcon_core.package_identification Level 1 _identify(build) ignored
[0.143s] colcon.colcon_core.package_identification Level 1 _identify(install) by extensions ['ignore', 'ignore_ament_install']
[0.143s] colcon.colcon_core.package_identification Level 1 _identify(install) by extension 'ignore'
[0.143s] colcon.colcon_core.package_identification Level 1 _identify(install) ignored
[0.143s] colcon.colcon_core.package_identification Level 1 _identify(log) by extensions ['ignore', 'ignore_ament_install']
[0.143s] colcon.colcon_core.package_identification Level 1 _identify(log) by extension 'ignore'
[0.143s] colcon.colcon_core.package_identification Level 1 _identify(log) ignored
[0.143s] colcon.colcon_core.package_identification Level 1 _identify(src) by extensions ['ignore', 'ignore_ament_install']
[0.143s] colcon.colcon_core.package_identification Level 1 _identify(src) by extension 'ignore'
[0.143s] colcon.colcon_core.package_identification Level 1 _identify(src) by extension 'ignore_ament_install'
[0.143s] colcon.colcon_core.package_identification Level 1 _identify(src) by extensions ['colcon_pkg']
[0.143s] colcon.colcon_core.package_identification Level 1 _identify(src) by extension 'colcon_pkg'
[0.143s] colcon.colcon_core.package_identification Level 1 _identify(src) by extensions ['colcon_meta']
[0.143s] colcon.colcon_core.package_identification Level 1 _identify(src) by extension 'colcon_meta'
[0.143s] colcon.colcon_core.package_identification Level 1 _identify(src) by extensions ['ros']
[0.143s] colcon.colcon_core.package_identification Level 1 _identify(src) by extension 'ros'
[0.143s] colcon.colcon_core.package_identification Level 1 _identify(src) by extensions ['cmake', 'python']
[0.143s] colcon.colcon_core.package_identification Level 1 _identify(src) by extension 'cmake'
[0.143s] colcon.colcon_core.package_identification Level 1 _identify(src) by extension 'python'
[0.143s] colcon.colcon_core.package_identification Level 1 _identify(src) by extensions ['python_setup_py']
[0.143s] colcon.colcon_core.package_identification Level 1 _identify(src) by extension 'python_setup_py'
[0.143s] colcon.colcon_core.package_identification Level 1 _identify(src/ros2_inference_model) by extensions ['ignore', 'ignore_ament_install']
[0.143s] colcon.colcon_core.package_identification Level 1 _identify(src/ros2_inference_model) by extension 'ignore'
[0.143s] colcon.colcon_core.package_identification Level 1 _identify(src/ros2_inference_model) by extension 'ignore_ament_install'
[0.143s] colcon.colcon_core.package_identification Level 1 _identify(src/ros2_inference_model) by extensions ['colcon_pkg']
[0.143s] colcon.colcon_core.package_identification Level 1 _identify(src/ros2_inference_model) by extension 'colcon_pkg'
[0.143s] colcon.colcon_core.package_identification Level 1 _identify(src/ros2_inference_model) by extensions ['colcon_meta']
[0.143s] colcon.colcon_core.package_identification Level 1 _identify(src/ros2_inference_model) by extension 'colcon_meta'
[0.143s] colcon.colcon_core.package_identification Level 1 _identify(src/ros2_inference_model) by extensions ['ros']
[0.143s] colcon.colcon_core.package_identification Level 1 _identify(src/ros2_inference_model) by extension 'ros'
[0.144s] colcon.colcon_core.package_identification DEBUG Package 'src/ros2_inference_model' with type 'ros.ament_cmake' and name 'ros2_inference_model'
[0.145s] colcon.colcon_core.package_identification Level 1 _identify(src/vm_vln_msgs) by extensions ['ignore', 'ignore_ament_install']
[0.145s] colcon.colcon_core.package_identification Level 1 _identify(src/vm_vln_msgs) by extension 'ignore'
[0.145s] colcon.colcon_core.package_identification Level 1 _identify(src/vm_vln_msgs) by extension 'ignore_ament_install'
[0.145s] colcon.colcon_core.package_identification Level 1 _identify(src/vm_vln_msgs) by extensions ['colcon_pkg']
[0.145s] colcon.colcon_core.package_identification Level 1 _identify(src/vm_vln_msgs) by extension 'colcon_pkg'
[0.145s] colcon.colcon_core.package_identification Level 1 _identify(src/vm_vln_msgs) by extensions ['colcon_meta']
[0.145s] colcon.colcon_core.package_identification Level 1 _identify(src/vm_vln_msgs) by extension 'colcon_meta'
[0.145s] colcon.colcon_core.package_identification Level 1 _identify(src/vm_vln_msgs) by extensions ['ros']
[0.145s] colcon.colcon_core.package_identification Level 1 _identify(src/vm_vln_msgs) by extension 'ros'
[0.145s] colcon.colcon_core.package_identification DEBUG Package 'src/vm_vln_msgs' with type 'ros.ament_cmake' and name 'vm_vln_msgs'
[0.145s] colcon.colcon_core.package_discovery Level 1 discover_packages(recursive) using defaults
[0.145s] colcon.colcon_core.package_discovery Level 1 discover_packages(ignore) discover
[0.145s] colcon.colcon_core.package_discovery Level 1 discover_packages(ignore) using defaults
[0.145s] colcon.colcon_core.package_discovery Level 1 discover_packages(path) discover
[0.145s] colcon.colcon_core.package_discovery Level 1 discover_packages(path) using defaults
[0.152s] colcon.colcon_core.package_discovery Level 1 discover_packages(prefix_path) check parameters
[0.152s] colcon.colcon_core.package_discovery Level 1 discover_packages(prefix_path) discover
[0.153s] colcon.colcon_installed_package_information.package_discovery DEBUG Found 303 installed packages in /opt/ros/humble
[0.154s] colcon.colcon_core.package_discovery Level 1 discover_packages(prefix_path) using defaults
[0.168s] colcon.colcon_core.verb Level 5 set package 'vm_vln_msgs' build argument 'cmake_args' from command line to 'None'
[0.168s] colcon.colcon_core.verb Level 5 set package 'vm_vln_msgs' build argument 'cmake_target' from command line to 'None'
[0.168s] colcon.colcon_core.verb Level 5 set package 'vm_vln_msgs' build argument 'cmake_target_skip_unavailable' from command line to 'False'
[0.168s] colcon.colcon_core.verb Level 5 set package 'vm_vln_msgs' build argument 'cmake_clean_cache' from command line to 'False'
[0.168s] colcon.colcon_core.verb Level 5 set package 'vm_vln_msgs' build argument 'cmake_clean_first' from command line to 'False'
[0.168s] colcon.colcon_core.verb Level 5 set package 'vm_vln_msgs' build argument 'cmake_force_configure' from command line to 'False'
[0.168s] colcon.colcon_core.verb Level 5 set package 'vm_vln_msgs' build argument 'ament_cmake_args' from command line to 'None'
[0.168s] colcon.colcon_core.verb Level 5 set package 'vm_vln_msgs' build argument 'catkin_cmake_args' from command line to 'None'
[0.168s] colcon.colcon_core.verb Level 5 set package 'vm_vln_msgs' build argument 'catkin_skip_building_tests' from command line to 'False'
[0.168s] colcon.colcon_core.verb DEBUG Building package 'vm_vln_msgs' with the following arguments: {'ament_cmake_args': None, 'build_base': '/home/anhnt298/Downloads/SpatialStack_RxR/ros2_ws/build/vm_vln_msgs', 'catkin_cmake_args': None, 'catkin_skip_building_tests': False, 'cmake_args': None, 'cmake_clean_cache': False, 'cmake_clean_first': False, 'cmake_force_configure': False, 'cmake_target': None, 'cmake_target_skip_unavailable': False, 'install_base': '/home/anhnt298/Downloads/SpatialStack_RxR/ros2_ws/install/vm_vln_msgs', 'merge_install': False, 'path': '/home/anhnt298/Downloads/SpatialStack_RxR/ros2_ws/src/vm_vln_msgs', 'symlink_install': False, 'test_result_base': None}
[0.168s] colcon.colcon_core.verb Level 5 set package 'ros2_inference_model' build argument 'cmake_args' from command line to 'None'
[0.168s] colcon.colcon_core.verb Level 5 set package 'ros2_inference_model' build argument 'cmake_target' from command line to 'None'
[0.168s] colcon.colcon_core.verb Level 5 set package 'ros2_inference_model' build argument 'cmake_target_skip_unavailable' from command line to 'False'
[0.168s] colcon.colcon_core.verb Level 5 set package 'ros2_inference_model' build argument 'cmake_clean_cache' from command line to 'False'
[0.168s] colcon.colcon_core.verb Level 5 set package 'ros2_inference_model' build argument 'cmake_clean_first' from command line to 'False'
[0.168s] colcon.colcon_core.verb Level 5 set package 'ros2_inference_model' build argument 'cmake_force_configure' from command line to 'False'
[0.168s] colcon.colcon_core.verb Level 5 set package 'ros2_inference_model' build argument 'ament_cmake_args' from command line to 'None'
[0.168s] colcon.colcon_core.verb Level 5 set package 'ros2_inference_model' build argument 'catkin_cmake_args' from command line to 'None'
[0.168s] colcon.colcon_core.verb Level 5 set package 'ros2_inference_model' build argument 'catkin_skip_building_tests' from command line to 'False'
[0.168s] colcon.colcon_core.verb DEBUG Building package 'ros2_inference_model' with the following arguments: {'ament_cmake_args': None, 'build_base': '/home/anhnt298/Downloads/SpatialStack_RxR/ros2_ws/build/ros2_inference_model', 'catkin_cmake_args': None, 'catkin_skip_building_tests': False, 'cmake_args': None, 'cmake_clean_cache': False, 'cmake_clean_first': False, 'cmake_force_configure': False, 'cmake_target': None, 'cmake_target_skip_unavailable': False, 'install_base': '/home/anhnt298/Downloads/SpatialStack_RxR/ros2_ws/install/ros2_inference_model', 'merge_install': False, 'path': '/home/anhnt298/Downloads/SpatialStack_RxR/ros2_ws/src/ros2_inference_model', 'symlink_install': False, 'test_result_base': None}
[0.168s] colcon.colcon_core.executor INFO Executing jobs using 'parallel' executor
[0.169s] colcon.colcon_parallel_executor.executor.parallel DEBUG run_until_complete
[0.169s] colcon.colcon_ros.task.ament_cmake.build INFO Building ROS package in '/home/anhnt298/Downloads/SpatialStack_RxR/ros2_ws/src/vm_vln_msgs' with build type 'ament_cmake'
[0.169s] colcon.colcon_cmake.task.cmake.build INFO Building CMake package in '/home/anhnt298/Downloads/SpatialStack_RxR/ros2_ws/src/vm_vln_msgs'
[0.170s] colcon.colcon_core.plugin_system INFO Skipping extension 'colcon_core.shell.bat': Not used on non-Windows systems
[0.170s] colcon.colcon_core.shell INFO Skip shell extension 'powershell' for command environment: Not usable outside of PowerShell
[0.170s] colcon.colcon_core.shell DEBUG Skip shell extension 'dsv' for command environment
[0.175s] colcon.colcon_core.event_handler.log_command DEBUG Invoking command in '/home/anhnt298/Downloads/SpatialStack_RxR/ros2_ws/build/vm_vln_msgs': CMAKE_PREFIX_PATH=/opt/ros/humble /usr/bin/cmake /home/anhnt298/Downloads/SpatialStack_RxR/ros2_ws/src/vm_vln_msgs -DCMAKE_INSTALL_PREFIX=/home/anhnt298/Downloads/SpatialStack_RxR/ros2_ws/install/vm_vln_msgs
[1.413s] colcon.colcon_core.event_handler.log_command DEBUG Invoked command in '/home/anhnt298/Downloads/SpatialStack_RxR/ros2_ws/build/vm_vln_msgs' returned '0': CMAKE_PREFIX_PATH=/opt/ros/humble /usr/bin/cmake /home/anhnt298/Downloads/SpatialStack_RxR/ros2_ws/src/vm_vln_msgs -DCMAKE_INSTALL_PREFIX=/home/anhnt298/Downloads/SpatialStack_RxR/ros2_ws/install/vm_vln_msgs
[1.413s] colcon.colcon_core.event_handler.log_command DEBUG Invoking command in '/home/anhnt298/Downloads/SpatialStack_RxR/ros2_ws/build/vm_vln_msgs': CMAKE_PREFIX_PATH=/opt/ros/humble /usr/bin/cmake --build /home/anhnt298/Downloads/SpatialStack_RxR/ros2_ws/build/vm_vln_msgs -- -j24 -l24
[2.357s] colcon.colcon_core.event_handler.log_command DEBUG Invoked command in '/home/anhnt298/Downloads/SpatialStack_RxR/ros2_ws/build/vm_vln_msgs' returned '0': CMAKE_PREFIX_PATH=/opt/ros/humble /usr/bin/cmake --build /home/anhnt298/Downloads/SpatialStack_RxR/ros2_ws/build/vm_vln_msgs -- -j24 -l24
[2.363s] colcon.colcon_core.event_handler.log_command DEBUG Invoking command in '/home/anhnt298/Downloads/SpatialStack_RxR/ros2_ws/build/vm_vln_msgs': CMAKE_PREFIX_PATH=/opt/ros/humble /usr/bin/cmake --install /home/anhnt298/Downloads/SpatialStack_RxR/ros2_ws/build/vm_vln_msgs
[2.409s] colcon.colcon_core.environment Level 1 create_environment_scripts_only(vm_vln_msgs)
[2.409s] colcon.colcon_core.event_handler.log_command DEBUG Invoked command in '/home/anhnt298/Downloads/SpatialStack_RxR/ros2_ws/build/vm_vln_msgs' returned '0': CMAKE_PREFIX_PATH=/opt/ros/humble /usr/bin/cmake --install /home/anhnt298/Downloads/SpatialStack_RxR/ros2_ws/build/vm_vln_msgs
[2.410s] colcon.colcon_core.environment Level 1 checking '/home/anhnt298/Downloads/SpatialStack_RxR/ros2_ws/install/vm_vln_msgs' for CMake module files
[2.410s] colcon.colcon_core.environment Level 1 checking '/home/anhnt298/Downloads/SpatialStack_RxR/ros2_ws/install/vm_vln_msgs' for CMake config files
[2.410s] colcon.colcon_core.shell Level 1 create_environment_hook('vm_vln_msgs', 'cmake_prefix_path')
[2.411s] colcon.colcon_core.shell INFO Creating environment hook '/home/anhnt298/Downloads/SpatialStack_RxR/ros2_ws/install/vm_vln_msgs/share/vm_vln_msgs/hook/cmake_prefix_path.ps1'
[2.411s] colcon.colcon_core.shell INFO Creating environment descriptor '/home/anhnt298/Downloads/SpatialStack_RxR/ros2_ws/install/vm_vln_msgs/share/vm_vln_msgs/hook/cmake_prefix_path.dsv'
[2.411s] colcon.colcon_core.shell INFO Creating environment hook '/home/anhnt298/Downloads/SpatialStack_RxR/ros2_ws/install/vm_vln_msgs/share/vm_vln_msgs/hook/cmake_prefix_path.sh'
[2.411s] colcon.colcon_core.environment Level 1 checking '/home/anhnt298/Downloads/SpatialStack_RxR/ros2_ws/install/vm_vln_msgs/lib'
[2.412s] colcon.colcon_core.shell Level 1 create_environment_hook('vm_vln_msgs', 'ld_library_path_lib')
[2.412s] colcon.colcon_core.shell INFO Creating environment hook '/home/anhnt298/Downloads/SpatialStack_RxR/ros2_ws/install/vm_vln_msgs/share/vm_vln_msgs/hook/ld_library_path_lib.ps1'
[2.412s] colcon.colcon_core.shell INFO Creating environment descriptor '/home/anhnt298/Downloads/SpatialStack_RxR/ros2_ws/install/vm_vln_msgs/share/vm_vln_msgs/hook/ld_library_path_lib.dsv'
[2.412s] colcon.colcon_core.shell INFO Creating environment hook '/home/anhnt298/Downloads/SpatialStack_RxR/ros2_ws/install/vm_vln_msgs/share/vm_vln_msgs/hook/ld_library_path_lib.sh'
[2.412s] colcon.colcon_core.environment Level 1 checking '/home/anhnt298/Downloads/SpatialStack_RxR/ros2_ws/install/vm_vln_msgs/bin'
[2.412s] colcon.colcon_core.environment Level 1 checking '/home/anhnt298/Downloads/SpatialStack_RxR/ros2_ws/install/vm_vln_msgs/lib/pkgconfig/vm_vln_msgs.pc'
[2.412s] colcon.colcon_core.environment Level 1 checking '/home/anhnt298/Downloads/SpatialStack_RxR/ros2_ws/install/vm_vln_msgs/lib/python3.10/site-packages'
[2.412s] colcon.colcon_core.environment Level 1 checking '/home/anhnt298/Downloads/SpatialStack_RxR/ros2_ws/install/vm_vln_msgs/bin'
[2.413s] colcon.colcon_core.shell INFO Creating package script '/home/anhnt298/Downloads/SpatialStack_RxR/ros2_ws/install/vm_vln_msgs/share/vm_vln_msgs/package.ps1'
[2.413s] colcon.colcon_core.shell INFO Creating package descriptor '/home/anhnt298/Downloads/SpatialStack_RxR/ros2_ws/install/vm_vln_msgs/share/vm_vln_msgs/package.dsv'
[2.413s] colcon.colcon_core.shell INFO Creating package script '/home/anhnt298/Downloads/SpatialStack_RxR/ros2_ws/install/vm_vln_msgs/share/vm_vln_msgs/package.sh'
[2.413s] colcon.colcon_core.shell INFO Creating package script '/home/anhnt298/Downloads/SpatialStack_RxR/ros2_ws/install/vm_vln_msgs/share/vm_vln_msgs/package.bash'
[2.414s] colcon.colcon_core.shell INFO Creating package script '/home/anhnt298/Downloads/SpatialStack_RxR/ros2_ws/install/vm_vln_msgs/share/vm_vln_msgs/package.zsh'
[2.414s] colcon.colcon_core.environment Level 1 create_file_with_runtime_dependencies(/home/anhnt298/Downloads/SpatialStack_RxR/ros2_ws/install/vm_vln_msgs/share/colcon-core/packages/vm_vln_msgs)
[2.414s] colcon.colcon_core.environment Level 1 create_environment_scripts_only(vm_vln_msgs)
[2.414s] colcon.colcon_core.environment Level 1 checking '/home/anhnt298/Downloads/SpatialStack_RxR/ros2_ws/install/vm_vln_msgs' for CMake module files
[2.415s] colcon.colcon_core.environment Level 1 checking '/home/anhnt298/Downloads/SpatialStack_RxR/ros2_ws/install/vm_vln_msgs' for CMake config files
[2.415s] colcon.colcon_core.shell Level 1 create_environment_hook('vm_vln_msgs', 'cmake_prefix_path')
[2.415s] colcon.colcon_core.shell INFO Creating environment hook '/home/anhnt298/Downloads/SpatialStack_RxR/ros2_ws/install/vm_vln_msgs/share/vm_vln_msgs/hook/cmake_prefix_path.ps1'
[2.415s] colcon.colcon_core.shell INFO Creating environment descriptor '/home/anhnt298/Downloads/SpatialStack_RxR/ros2_ws/install/vm_vln_msgs/share/vm_vln_msgs/hook/cmake_prefix_path.dsv'
[2.415s] colcon.colcon_core.shell INFO Creating environment hook '/home/anhnt298/Downloads/SpatialStack_RxR/ros2_ws/install/vm_vln_msgs/share/vm_vln_msgs/hook/cmake_prefix_path.sh'
[2.415s] colcon.colcon_core.environment Level 1 checking '/home/anhnt298/Downloads/SpatialStack_RxR/ros2_ws/install/vm_vln_msgs/lib'
[2.415s] colcon.colcon_core.shell Level 1 create_environment_hook('vm_vln_msgs', 'ld_library_path_lib')
[2.416s] colcon.colcon_core.shell INFO Creating environment hook '/home/anhnt298/Downloads/SpatialStack_RxR/ros2_ws/install/vm_vln_msgs/share/vm_vln_msgs/hook/ld_library_path_lib.ps1'
[2.416s] colcon.colcon_core.shell INFO Creating environment descriptor '/home/anhnt298/Downloads/SpatialStack_RxR/ros2_ws/install/vm_vln_msgs/share/vm_vln_msgs/hook/ld_library_path_lib.dsv'
[2.416s] colcon.colcon_core.shell INFO Creating environment hook '/home/anhnt298/Downloads/SpatialStack_RxR/ros2_ws/install/vm_vln_msgs/share/vm_vln_msgs/hook/ld_library_path_lib.sh'
[2.416s] colcon.colcon_core.environment Level 1 checking '/home/anhnt298/Downloads/SpatialStack_RxR/ros2_ws/install/vm_vln_msgs/bin'
[2.416s] colcon.colcon_core.environment Level 1 checking '/home/anhnt298/Downloads/SpatialStack_RxR/ros2_ws/install/vm_vln_msgs/lib/pkgconfig/vm_vln_msgs.pc'
[2.416s] colcon.colcon_core.environment Level 1 checking '/home/anhnt298/Downloads/SpatialStack_RxR/ros2_ws/install/vm_vln_msgs/lib/python3.10/site-packages'
[2.416s] colcon.colcon_core.environment Level 1 checking '/home/anhnt298/Downloads/SpatialStack_RxR/ros2_ws/install/vm_vln_msgs/bin'
[2.416s] colcon.colcon_core.shell INFO Creating package script '/home/anhnt298/Downloads/SpatialStack_RxR/ros2_ws/install/vm_vln_msgs/share/vm_vln_msgs/package.ps1'
[2.417s] colcon.colcon_core.shell INFO Creating package descriptor '/home/anhnt298/Downloads/SpatialStack_RxR/ros2_ws/install/vm_vln_msgs/share/vm_vln_msgs/package.dsv'
[2.417s] colcon.colcon_core.shell INFO Creating package script '/home/anhnt298/Downloads/SpatialStack_RxR/ros2_ws/install/vm_vln_msgs/share/vm_vln_msgs/package.sh'
[2.417s] colcon.colcon_core.shell INFO Creating package script '/home/anhnt298/Downloads/SpatialStack_RxR/ros2_ws/install/vm_vln_msgs/share/vm_vln_msgs/package.bash'
[2.417s] colcon.colcon_core.shell INFO Creating package script '/home/anhnt298/Downloads/SpatialStack_RxR/ros2_ws/install/vm_vln_msgs/share/vm_vln_msgs/package.zsh'
[2.417s] colcon.colcon_core.environment Level 1 create_file_with_runtime_dependencies(/home/anhnt298/Downloads/SpatialStack_RxR/ros2_ws/install/vm_vln_msgs/share/colcon-core/packages/vm_vln_msgs)
[2.418s] colcon.colcon_ros.task.ament_cmake.build INFO Building ROS package in '/home/anhnt298/Downloads/SpatialStack_RxR/ros2_ws/src/ros2_inference_model' with build type 'ament_cmake'
[2.418s] colcon.colcon_cmake.task.cmake.build INFO Building CMake package in '/home/anhnt298/Downloads/SpatialStack_RxR/ros2_ws/src/ros2_inference_model'
[2.418s] colcon.colcon_core.shell INFO Skip shell extension 'powershell' for command environment: Not usable outside of PowerShell
[2.418s] colcon.colcon_core.shell DEBUG Skip shell extension 'dsv' for command environment
[2.428s] colcon.colcon_core.event_handler.log_command DEBUG Invoking command in '/home/anhnt298/Downloads/SpatialStack_RxR/ros2_ws/build/ros2_inference_model': AMENT_PREFIX_PATH=/home/anhnt298/Downloads/SpatialStack_RxR/ros2_ws/install/vm_vln_msgs:${AMENT_PREFIX_PATH} CMAKE_PREFIX_PATH=/home/anhnt298/Downloads/SpatialStack_RxR/ros2_ws/install/vm_vln_msgs:/opt/ros/humble LD_LIBRARY_PATH=/home/anhnt298/Downloads/SpatialStack_RxR/ros2_ws/install/vm_vln_msgs/lib:/opt/ros/humble/opt/zenoh_cpp_vendor/lib:/opt/ros/humble/opt/rviz_ogre_vendor/lib:/opt/ros/humble/lib/x86_64-linux-gnu:/opt/ros/humble/lib:/usr/local/cuda-12.8/lib64 PYTHONPATH=/home/anhnt298/Downloads/SpatialStack_RxR/ros2_ws/install/vm_vln_msgs/local/lib/python3.10/dist-packages:${PYTHONPATH} /usr/bin/cmake /home/anhnt298/Downloads/SpatialStack_RxR/ros2_ws/src/ros2_inference_model -DCMAKE_INSTALL_PREFIX=/home/anhnt298/Downloads/SpatialStack_RxR/ros2_ws/install/ros2_inference_model
[2.983s] colcon.colcon_core.event_handler.log_command DEBUG Invoked command in '/home/anhnt298/Downloads/SpatialStack_RxR/ros2_ws/build/ros2_inference_model' returned '0': AMENT_PREFIX_PATH=/home/anhnt298/Downloads/SpatialStack_RxR/ros2_ws/install/vm_vln_msgs:${AMENT_PREFIX_PATH} CMAKE_PREFIX_PATH=/home/anhnt298/Downloads/SpatialStack_RxR/ros2_ws/install/vm_vln_msgs:/opt/ros/humble LD_LIBRARY_PATH=/home/anhnt298/Downloads/SpatialStack_RxR/ros2_ws/install/vm_vln_msgs/lib:/opt/ros/humble/opt/zenoh_cpp_vendor/lib:/opt/ros/humble/opt/rviz_ogre_vendor/lib:/opt/ros/humble/lib/x86_64-linux-gnu:/opt/ros/humble/lib:/usr/local/cuda-12.8/lib64 PYTHONPATH=/home/anhnt298/Downloads/SpatialStack_RxR/ros2_ws/install/vm_vln_msgs/local/lib/python3.10/dist-packages:${PYTHONPATH} /usr/bin/cmake /home/anhnt298/Downloads/SpatialStack_RxR/ros2_ws/src/ros2_inference_model -DCMAKE_INSTALL_PREFIX=/home/anhnt298/Downloads/SpatialStack_RxR/ros2_ws/install/ros2_inference_model
[2.983s] colcon.colcon_core.event_handler.log_command DEBUG Invoking command in '/home/anhnt298/Downloads/SpatialStack_RxR/ros2_ws/build/ros2_inference_model': AMENT_PREFIX_PATH=/home/anhnt298/Downloads/SpatialStack_RxR/ros2_ws/install/vm_vln_msgs:${AMENT_PREFIX_PATH} CMAKE_PREFIX_PATH=/home/anhnt298/Downloads/SpatialStack_RxR/ros2_ws/install/vm_vln_msgs:/opt/ros/humble LD_LIBRARY_PATH=/home/anhnt298/Downloads/SpatialStack_RxR/ros2_ws/install/vm_vln_msgs/lib:/opt/ros/humble/opt/zenoh_cpp_vendor/lib:/opt/ros/humble/opt/rviz_ogre_vendor/lib:/opt/ros/humble/lib/x86_64-linux-gnu:/opt/ros/humble/lib:/usr/local/cuda-12.8/lib64 PYTHONPATH=/home/anhnt298/Downloads/SpatialStack_RxR/ros2_ws/install/vm_vln_msgs/local/lib/python3.10/dist-packages:${PYTHONPATH} /usr/bin/cmake --build /home/anhnt298/Downloads/SpatialStack_RxR/ros2_ws/build/ros2_inference_model -- -j24 -l24
[6.701s] colcon.colcon_core.event_handler.log_command DEBUG Invoked command in '/home/anhnt298/Downloads/SpatialStack_RxR/ros2_ws/build/ros2_inference_model' returned '0': AMENT_PREFIX_PATH=/home/anhnt298/Downloads/SpatialStack_RxR/ros2_ws/install/vm_vln_msgs:${AMENT_PREFIX_PATH} CMAKE_PREFIX_PATH=/home/anhnt298/Downloads/SpatialStack_RxR/ros2_ws/install/vm_vln_msgs:/opt/ros/humble LD_LIBRARY_PATH=/home/anhnt298/Downloads/SpatialStack_RxR/ros2_ws/install/vm_vln_msgs/lib:/opt/ros/humble/opt/zenoh_cpp_vendor/lib:/opt/ros/humble/opt/rviz_ogre_vendor/lib:/opt/ros/humble/lib/x86_64-linux-gnu:/opt/ros/humble/lib:/usr/local/cuda-12.8/lib64 PYTHONPATH=/home/anhnt298/Downloads/SpatialStack_RxR/ros2_ws/install/vm_vln_msgs/local/lib/python3.10/dist-packages:${PYTHONPATH} /usr/bin/cmake --build /home/anhnt298/Downloads/SpatialStack_RxR/ros2_ws/build/ros2_inference_model -- -j24 -l24
[6.702s] colcon.colcon_core.event_handler.log_command DEBUG Invoking command in '/home/anhnt298/Downloads/SpatialStack_RxR/ros2_ws/build/ros2_inference_model': AMENT_PREFIX_PATH=/home/anhnt298/Downloads/SpatialStack_RxR/ros2_ws/install/vm_vln_msgs:${AMENT_PREFIX_PATH} CMAKE_PREFIX_PATH=/home/anhnt298/Downloads/SpatialStack_RxR/ros2_ws/install/vm_vln_msgs:/opt/ros/humble LD_LIBRARY_PATH=/home/anhnt298/Downloads/SpatialStack_RxR/ros2_ws/install/vm_vln_msgs/lib:/opt/ros/humble/opt/zenoh_cpp_vendor/lib:/opt/ros/humble/opt/rviz_ogre_vendor/lib:/opt/ros/humble/lib/x86_64-linux-gnu:/opt/ros/humble/lib:/usr/local/cuda-12.8/lib64 PYTHONPATH=/home/anhnt298/Downloads/SpatialStack_RxR/ros2_ws/install/vm_vln_msgs/local/lib/python3.10/dist-packages:${PYTHONPATH} /usr/bin/cmake --install /home/anhnt298/Downloads/SpatialStack_RxR/ros2_ws/build/ros2_inference_model
[6.730s] colcon.colcon_core.environment Level 1 create_environment_scripts_only(ros2_inference_model)
[6.730s] colcon.colcon_core.environment Level 1 checking '/home/anhnt298/Downloads/SpatialStack_RxR/ros2_ws/install/ros2_inference_model' for CMake module files
[6.730s] colcon.colcon_core.event_handler.log_command DEBUG Invoked command in '/home/anhnt298/Downloads/SpatialStack_RxR/ros2_ws/build/ros2_inference_model' returned '0': AMENT_PREFIX_PATH=/home/anhnt298/Downloads/SpatialStack_RxR/ros2_ws/install/vm_vln_msgs:${AMENT_PREFIX_PATH} CMAKE_PREFIX_PATH=/home/anhnt298/Downloads/SpatialStack_RxR/ros2_ws/install/vm_vln_msgs:/opt/ros/humble LD_LIBRARY_PATH=/home/anhnt298/Downloads/SpatialStack_RxR/ros2_ws/install/vm_vln_msgs/lib:/opt/ros/humble/opt/zenoh_cpp_vendor/lib:/opt/ros/humble/opt/rviz_ogre_vendor/lib:/opt/ros/humble/lib/x86_64-linux-gnu:/opt/ros/humble/lib:/usr/local/cuda-12.8/lib64 PYTHONPATH=/home/anhnt298/Downloads/SpatialStack_RxR/ros2_ws/install/vm_vln_msgs/local/lib/python3.10/dist-packages:${PYTHONPATH} /usr/bin/cmake --install /home/anhnt298/Downloads/SpatialStack_RxR/ros2_ws/build/ros2_inference_model
[6.731s] colcon.colcon_core.environment Level 1 checking '/home/anhnt298/Downloads/SpatialStack_RxR/ros2_ws/install/ros2_inference_model' for CMake config files
[6.731s] colcon.colcon_core.shell Level 1 create_environment_hook('ros2_inference_model', 'cmake_prefix_path')
[6.731s] colcon.colcon_core.shell INFO Creating environment hook '/home/anhnt298/Downloads/SpatialStack_RxR/ros2_ws/install/ros2_inference_model/share/ros2_inference_model/hook/cmake_prefix_path.ps1'
[6.731s] colcon.colcon_core.shell INFO Creating environment descriptor '/home/anhnt298/Downloads/SpatialStack_RxR/ros2_ws/install/ros2_inference_model/share/ros2_inference_model/hook/cmake_prefix_path.dsv'
[6.731s] colcon.colcon_core.shell INFO Creating environment hook '/home/anhnt298/Downloads/SpatialStack_RxR/ros2_ws/install/ros2_inference_model/share/ros2_inference_model/hook/cmake_prefix_path.sh'
[6.732s] colcon.colcon_core.environment Level 1 checking '/home/anhnt298/Downloads/SpatialStack_RxR/ros2_ws/install/ros2_inference_model/lib'
[6.732s] colcon.colcon_core.environment Level 1 checking '/home/anhnt298/Downloads/SpatialStack_RxR/ros2_ws/install/ros2_inference_model/bin'
[6.732s] colcon.colcon_core.environment Level 1 checking '/home/anhnt298/Downloads/SpatialStack_RxR/ros2_ws/install/ros2_inference_model/lib/pkgconfig/ros2_inference_model.pc'
[6.732s] colcon.colcon_core.environment Level 1 checking '/home/anhnt298/Downloads/SpatialStack_RxR/ros2_ws/install/ros2_inference_model/lib/python3.10/site-packages'
[6.732s] colcon.colcon_core.environment Level 1 checking '/home/anhnt298/Downloads/SpatialStack_RxR/ros2_ws/install/ros2_inference_model/bin'
[6.732s] colcon.colcon_core.shell INFO Creating package script '/home/anhnt298/Downloads/SpatialStack_RxR/ros2_ws/install/ros2_inference_model/share/ros2_inference_model/package.ps1'
[6.732s] colcon.colcon_core.shell INFO Creating package descriptor '/home/anhnt298/Downloads/SpatialStack_RxR/ros2_ws/install/ros2_inference_model/share/ros2_inference_model/package.dsv'
[6.733s] colcon.colcon_core.shell INFO Creating package script '/home/anhnt298/Downloads/SpatialStack_RxR/ros2_ws/install/ros2_inference_model/share/ros2_inference_model/package.sh'
[6.733s] colcon.colcon_core.shell INFO Creating package script '/home/anhnt298/Downloads/SpatialStack_RxR/ros2_ws/install/ros2_inference_model/share/ros2_inference_model/package.bash'
[6.733s] colcon.colcon_core.shell INFO Creating package script '/home/anhnt298/Downloads/SpatialStack_RxR/ros2_ws/install/ros2_inference_model/share/ros2_inference_model/package.zsh'
[6.733s] colcon.colcon_core.environment Level 1 create_file_with_runtime_dependencies(/home/anhnt298/Downloads/SpatialStack_RxR/ros2_ws/install/ros2_inference_model/share/colcon-core/packages/ros2_inference_model)
[6.733s] colcon.colcon_core.environment Level 1 create_environment_scripts_only(ros2_inference_model)
[6.734s] colcon.colcon_core.environment Level 1 checking '/home/anhnt298/Downloads/SpatialStack_RxR/ros2_ws/install/ros2_inference_model' for CMake module files
[6.734s] colcon.colcon_core.environment Level 1 checking '/home/anhnt298/Downloads/SpatialStack_RxR/ros2_ws/install/ros2_inference_model' for CMake config files
[6.734s] colcon.colcon_core.shell Level 1 create_environment_hook('ros2_inference_model', 'cmake_prefix_path')
[6.734s] colcon.colcon_core.shell INFO Creating environment hook '/home/anhnt298/Downloads/SpatialStack_RxR/ros2_ws/install/ros2_inference_model/share/ros2_inference_model/hook/cmake_prefix_path.ps1'
[6.734s] colcon.colcon_core.shell INFO Creating environment descriptor '/home/anhnt298/Downloads/SpatialStack_RxR/ros2_ws/install/ros2_inference_model/share/ros2_inference_model/hook/cmake_prefix_path.dsv'
[6.734s] colcon.colcon_core.shell INFO Creating environment hook '/home/anhnt298/Downloads/SpatialStack_RxR/ros2_ws/install/ros2_inference_model/share/ros2_inference_model/hook/cmake_prefix_path.sh'
[6.735s] colcon.colcon_core.environment Level 1 checking '/home/anhnt298/Downloads/SpatialStack_RxR/ros2_ws/install/ros2_inference_model/lib'
[6.735s] colcon.colcon_core.environment Level 1 checking '/home/anhnt298/Downloads/SpatialStack_RxR/ros2_ws/install/ros2_inference_model/bin'
[6.735s] colcon.colcon_core.environment Level 1 checking '/home/anhnt298/Downloads/SpatialStack_RxR/ros2_ws/install/ros2_inference_model/lib/pkgconfig/ros2_inference_model.pc'
[6.735s] colcon.colcon_core.environment Level 1 checking '/home/anhnt298/Downloads/SpatialStack_RxR/ros2_ws/install/ros2_inference_model/lib/python3.10/site-packages'
[6.735s] colcon.colcon_core.environment Level 1 checking '/home/anhnt298/Downloads/SpatialStack_RxR/ros2_ws/install/ros2_inference_model/bin'
[6.735s] colcon.colcon_core.shell INFO Creating package script '/home/anhnt298/Downloads/SpatialStack_RxR/ros2_ws/install/ros2_inference_model/share/ros2_inference_model/package.ps1'
[6.735s] colcon.colcon_core.shell INFO Creating package descriptor '/home/anhnt298/Downloads/SpatialStack_RxR/ros2_ws/install/ros2_inference_model/share/ros2_inference_model/package.dsv'
[6.735s] colcon.colcon_core.shell INFO Creating package script '/home/anhnt298/Downloads/SpatialStack_RxR/ros2_ws/install/ros2_inference_model/share/ros2_inference_model/package.sh'
[6.736s] colcon.colcon_core.shell INFO Creating package script '/home/anhnt298/Downloads/SpatialStack_RxR/ros2_ws/install/ros2_inference_model/share/ros2_inference_model/package.bash'
[6.736s] colcon.colcon_core.shell INFO Creating package script '/home/anhnt298/Downloads/SpatialStack_RxR/ros2_ws/install/ros2_inference_model/share/ros2_inference_model/package.zsh'
[6.736s] colcon.colcon_core.environment Level 1 create_file_with_runtime_dependencies(/home/anhnt298/Downloads/SpatialStack_RxR/ros2_ws/install/ros2_inference_model/share/colcon-core/packages/ros2_inference_model)
[6.736s] colcon.colcon_parallel_executor.executor.parallel DEBUG closing loop
[6.736s] colcon.colcon_parallel_executor.executor.parallel DEBUG loop closed
[6.736s] colcon.colcon_parallel_executor.executor.parallel DEBUG run_until_complete finished with '0'
[6.736s] colcon.colcon_core.event_reactor DEBUG joining thread
[6.739s] colcon.colcon_core.plugin_system INFO Skipping extension 'colcon_notification.desktop_notification.terminal_notifier': Not used on non-Darwin systems
[6.739s] colcon.colcon_core.plugin_system INFO Skipping extension 'colcon_notification.desktop_notification.win32': Not used on non-Windows systems
[6.739s] colcon.colcon_notification.desktop_notification INFO Sending desktop notification using 'notify2'
[6.755s] colcon.colcon_core.event_reactor DEBUG joined thread
[6.755s] colcon.colcon_core.shell INFO Creating prefix script '/home/anhnt298/Downloads/SpatialStack_RxR/ros2_ws/install/local_setup.ps1'
[6.756s] colcon.colcon_core.shell INFO Creating prefix util module '/home/anhnt298/Downloads/SpatialStack_RxR/ros2_ws/install/_local_setup_util_ps1.py'
[6.756s] colcon.colcon_core.shell INFO Creating prefix chain script '/home/anhnt298/Downloads/SpatialStack_RxR/ros2_ws/install/setup.ps1'
[6.757s] colcon.colcon_core.shell INFO Creating prefix script '/home/anhnt298/Downloads/SpatialStack_RxR/ros2_ws/install/local_setup.sh'
[6.757s] colcon.colcon_core.shell INFO Creating prefix util module '/home/anhnt298/Downloads/SpatialStack_RxR/ros2_ws/install/_local_setup_util_sh.py'
[6.758s] colcon.colcon_core.shell INFO Creating prefix chain script '/home/anhnt298/Downloads/SpatialStack_RxR/ros2_ws/install/setup.sh'
[6.758s] colcon.colcon_core.shell INFO Creating prefix script '/home/anhnt298/Downloads/SpatialStack_RxR/ros2_ws/install/local_setup.bash'
[6.759s] colcon.colcon_core.shell INFO Creating prefix chain script '/home/anhnt298/Downloads/SpatialStack_RxR/ros2_ws/install/setup.bash'
[6.759s] colcon.colcon_core.shell INFO Creating prefix script '/home/anhnt298/Downloads/SpatialStack_RxR/ros2_ws/install/local_setup.zsh'
[6.759s] colcon.colcon_core.shell INFO Creating prefix chain script '/home/anhnt298/Downloads/SpatialStack_RxR/ros2_ws/install/setup.zsh'
