[0.006s] Invoking command in '/home/anhnt298/Downloads/SpatialStack_RxR/ros2_ws/build/ros2_inference_model': AMENT_PREFIX_PATH=/home/anhnt298/Downloads/SpatialStack_RxR/ros2_ws/install/vm_vln_msgs:${AMENT_PREFIX_PATH} CMAKE_PREFIX_PATH=/home/anhnt298/Downloads/SpatialStack_RxR/ros2_ws/install/vm_vln_msgs:/opt/ros/humble LD_LIBRARY_PATH=/home/anhnt298/Downloads/SpatialStack_RxR/ros2_ws/install/vm_vln_msgs/lib:/opt/ros/humble/opt/zenoh_cpp_vendor/lib:/opt/ros/humble/opt/rviz_ogre_vendor/lib:/opt/ros/humble/lib/x86_64-linux-gnu:/opt/ros/humble/lib:/usr/local/cuda-12.8/lib64 PYTHONPATH=/home/anhnt298/Downloads/SpatialStack_RxR/ros2_ws/install/vm_vln_msgs/local/lib/python3.10/dist-packages:${PYTHONPATH} /usr/bin/cmake --build /home/anhnt298/Downloads/SpatialStack_RxR/ros2_ws/build/ros2_inference_model -- -j24 -l24
[0.034s] Consolidate compiler generated dependencies of target set_instruction_node
[0.042s] [100%] Built target set_instruction_node
[0.043s] [100%] Built target ament_cmake_python_copy_ros2_inference_model
[0.152s] running egg_info
[0.152s] writing ros2_inference_model.egg-info/PKG-INFO
[0.152s] writing dependency_links to ros2_inference_model.egg-info/dependency_links.txt
[0.152s] writing top-level names to ros2_inference_model.egg-info/top_level.txt
[0.153s] reading manifest file 'ros2_inference_model.egg-info/SOURCES.txt'
[0.153s] writing manifest file 'ros2_inference_model.egg-info/SOURCES.txt'
[0.168s] [100%] Built target ament_cmake_python_build_ros2_inference_model_egg
[0.176s] Invoked command in '/home/anhnt298/Downloads/SpatialStack_RxR/ros2_ws/build/ros2_inference_model' returned '0': AMENT_PREFIX_PATH=/home/anhnt298/Downloads/SpatialStack_RxR/ros2_ws/install/vm_vln_msgs:${AMENT_PREFIX_PATH} CMAKE_PREFIX_PATH=/home/anhnt298/Downloads/SpatialStack_RxR/ros2_ws/install/vm_vln_msgs:/opt/ros/humble LD_LIBRARY_PATH=/home/anhnt298/Downloads/SpatialStack_RxR/ros2_ws/install/vm_vln_msgs/lib:/opt/ros/humble/opt/zenoh_cpp_vendor/lib:/opt/ros/humble/opt/rviz_ogre_vendor/lib:/opt/ros/humble/lib/x86_64-linux-gnu:/opt/ros/humble/lib:/usr/local/cuda-12.8/lib64 PYTHONPATH=/home/anhnt298/Downloads/SpatialStack_RxR/ros2_ws/install/vm_vln_msgs/local/lib/python3.10/dist-packages:${PYTHONPATH} /usr/bin/cmake --build /home/anhnt298/Downloads/SpatialStack_RxR/ros2_ws/build/ros2_inference_model -- -j24 -l24
[0.177s] Invoking command in '/home/anhnt298/Downloads/SpatialStack_RxR/ros2_ws/build/ros2_inference_model': AMENT_PREFIX_PATH=/home/anhnt298/Downloads/SpatialStack_RxR/ros2_ws/install/vm_vln_msgs:${AMENT_PREFIX_PATH} CMAKE_PREFIX_PATH=/home/anhnt298/Downloads/SpatialStack_RxR/ros2_ws/install/vm_vln_msgs:/opt/ros/humble LD_LIBRARY_PATH=/home/anhnt298/Downloads/SpatialStack_RxR/ros2_ws/install/vm_vln_msgs/lib:/opt/ros/humble/opt/zenoh_cpp_vendor/lib:/opt/ros/humble/opt/rviz_ogre_vendor/lib:/opt/ros/humble/lib/x86_64-linux-gnu:/opt/ros/humble/lib:/usr/local/cuda-12.8/lib64 PYTHONPATH=/home/anhnt298/Downloads/SpatialStack_RxR/ros2_ws/install/vm_vln_msgs/local/lib/python3.10/dist-packages:${PYTHONPATH} /usr/bin/cmake --install /home/anhnt298/Downloads/SpatialStack_RxR/ros2_ws/build/ros2_inference_model
[0.182s] -- Install configuration: ""
[0.182s] -- Up-to-date: /home/anhnt298/Downloads/SpatialStack_RxR/ros2_ws/install/ros2_inference_model/lib/ros2_inference_model/set_instruction_node
[0.182s] -- Up-to-date: /home/anhnt298/Downloads/SpatialStack_RxR/ros2_ws/install/ros2_inference_model/share/ros2_inference_model/environment/pythonpath.sh
[0.182s] -- Up-to-date: /home/anhnt298/Downloads/SpatialStack_RxR/ros2_ws/install/ros2_inference_model/share/ros2_inference_model/environment/pythonpath.dsv
[0.182s] -- Up-to-date: /home/anhnt298/Downloads/SpatialStack_RxR/ros2_ws/install/ros2_inference_model/local/lib/python3.10/dist-packages/ros2_inference_model-0.0.0-py3.10.egg-info
[0.182s] -- Installing: /home/anhnt298/Downloads/SpatialStack_RxR/ros2_ws/install/ros2_inference_model/local/lib/python3.10/dist-packages/ros2_inference_model-0.0.0-py3.10.egg-info/PKG-INFO
[0.183s] -- Installing: /home/anhnt298/Downloads/SpatialStack_RxR/ros2_ws/install/ros2_inference_model/local/lib/python3.10/dist-packages/ros2_inference_model-0.0.0-py3.10.egg-info/dependency_links.txt
[0.183s] -- Installing: /home/anhnt298/Downloads/SpatialStack_RxR/ros2_ws/install/ros2_inference_model/local/lib/python3.10/dist-packages/ros2_inference_model-0.0.0-py3.10.egg-info/top_level.txt
[0.183s] -- Installing: /home/anhnt298/Downloads/SpatialStack_RxR/ros2_ws/install/ros2_inference_model/local/lib/python3.10/dist-packages/ros2_inference_model-0.0.0-py3.10.egg-info/SOURCES.txt
[0.183s] -- Up-to-date: /home/anhnt298/Downloads/SpatialStack_RxR/ros2_ws/install/ros2_inference_model/local/lib/python3.10/dist-packages/ros2_inference_model
[0.183s] -- Up-to-date: /home/anhnt298/Downloads/SpatialStack_RxR/ros2_ws/install/ros2_inference_model/local/lib/python3.10/dist-packages/ros2_inference_model/__init__.py
[0.200s] Listing '/home/anhnt298/Downloads/SpatialStack_RxR/ros2_ws/install/ros2_inference_model/local/lib/python3.10/dist-packages/ros2_inference_model'...
[0.202s] -- Up-to-date: /home/anhnt298/Downloads/SpatialStack_RxR/ros2_ws/install/ros2_inference_model/lib/ros2_inference_model/inference_node.py
[0.202s] -- Up-to-date: /home/anhnt298/Downloads/SpatialStack_RxR/ros2_ws/install/ros2_inference_model/share/ros2_inference_model/config
[0.202s] -- Up-to-date: /home/anhnt298/Downloads/SpatialStack_RxR/ros2_ws/install/ros2_inference_model/share/ros2_inference_model/config/inference.yaml
[0.202s] -- Up-to-date: /home/anhnt298/Downloads/SpatialStack_RxR/ros2_ws/install/ros2_inference_model/share/ament_index/resource_index/package_run_dependencies/ros2_inference_model
[0.202s] -- Up-to-date: /home/anhnt298/Downloads/SpatialStack_RxR/ros2_ws/install/ros2_inference_model/share/ament_index/resource_index/parent_prefix_path/ros2_inference_model
[0.202s] -- Up-to-date: /home/anhnt298/Downloads/SpatialStack_RxR/ros2_ws/install/ros2_inference_model/share/ros2_inference_model/environment/ament_prefix_path.sh
[0.202s] -- Up-to-date: /home/anhnt298/Downloads/SpatialStack_RxR/ros2_ws/install/ros2_inference_model/share/ros2_inference_model/environment/ament_prefix_path.dsv
[0.202s] -- Up-to-date: /home/anhnt298/Downloads/SpatialStack_RxR/ros2_ws/install/ros2_inference_model/share/ros2_inference_model/environment/path.sh
[0.202s] -- Up-to-date: /home/anhnt298/Downloads/SpatialStack_RxR/ros2_ws/install/ros2_inference_model/share/ros2_inference_model/environment/path.dsv
[0.202s] -- Up-to-date: /home/anhnt298/Downloads/SpatialStack_RxR/ros2_ws/install/ros2_inference_model/share/ros2_inference_model/local_setup.bash
[0.202s] -- Up-to-date: /home/anhnt298/Downloads/SpatialStack_RxR/ros2_ws/install/ros2_inference_model/share/ros2_inference_model/local_setup.sh
[0.202s] -- Up-to-date: /home/anhnt298/Downloads/SpatialStack_RxR/ros2_ws/install/ros2_inference_model/share/ros2_inference_model/local_setup.zsh
[0.202s] -- Up-to-date: /home/anhnt298/Downloads/SpatialStack_RxR/ros2_ws/install/ros2_inference_model/share/ros2_inference_model/local_setup.dsv
[0.202s] -- Installing: /home/anhnt298/Downloads/SpatialStack_RxR/ros2_ws/install/ros2_inference_model/share/ros2_inference_model/package.dsv
[0.203s] -- Up-to-date: /home/anhnt298/Downloads/SpatialStack_RxR/ros2_ws/install/ros2_inference_model/share/ament_index/resource_index/packages/ros2_inference_model
[0.203s] -- Up-to-date: /home/anhnt298/Downloads/SpatialStack_RxR/ros2_ws/install/ros2_inference_model/share/ros2_inference_model/cmake/ros2_inference_modelConfig.cmake
[0.203s] -- Up-to-date: /home/anhnt298/Downloads/SpatialStack_RxR/ros2_ws/install/ros2_inference_model/share/ros2_inference_model/cmake/ros2_inference_modelConfig-version.cmake
[0.203s] -- Up-to-date: /home/anhnt298/Downloads/SpatialStack_RxR/ros2_ws/install/ros2_inference_model/share/ros2_inference_model/package.xml
[0.203s] Invoked command in '/home/anhnt298/Downloads/SpatialStack_RxR/ros2_ws/build/ros2_inference_model' returned '0': AMENT_PREFIX_PATH=/home/anhnt298/Downloads/SpatialStack_RxR/ros2_ws/install/vm_vln_msgs:${AMENT_PREFIX_PATH} CMAKE_PREFIX_PATH=/home/anhnt298/Downloads/SpatialStack_RxR/ros2_ws/install/vm_vln_msgs:/opt/ros/humble LD_LIBRARY_PATH=/home/anhnt298/Downloads/SpatialStack_RxR/ros2_ws/install/vm_vln_msgs/lib:/opt/ros/humble/opt/zenoh_cpp_vendor/lib:/opt/ros/humble/opt/rviz_ogre_vendor/lib:/opt/ros/humble/lib/x86_64-linux-gnu:/opt/ros/humble/lib:/usr/local/cuda-12.8/lib64 PYTHONPATH=/home/anhnt298/Downloads/SpatialStack_RxR/ros2_ws/install/vm_vln_msgs/local/lib/python3.10/dist-packages:${PYTHONPATH} /usr/bin/cmake --install /home/anhnt298/Downloads/SpatialStack_RxR/ros2_ws/build/ros2_inference_model
