[100%] Built target set_instruction_node
[100%] Built target ament_cmake_python_copy_ros2_inference_model
running egg_info
writing ros2_inference_model.egg-info/PKG-INFO
writing dependency_links to ros2_inference_model.egg-info/dependency_links.txt
writing top-level names to ros2_inference_model.egg-info/top_level.txt
reading manifest file 'ros2_inference_model.egg-info/SOURCES.txt'
writing manifest file 'ros2_inference_model.egg-info/SOURCES.txt'
[100%] Built target ament_cmake_python_build_ros2_inference_model_egg
-- Install configuration: ""
-- Up-to-date: /home/anhnt298/Downloads/SpatialStack_RxR/ros2_ws/install/ros2_inference_model/lib/ros2_inference_model/set_instruction_node
-- Up-to-date: /home/anhnt298/Downloads/SpatialStack_RxR/ros2_ws/install/ros2_inference_model/share/ros2_inference_model/environment/pythonpath.sh
-- Up-to-date: /home/anhnt298/Downloads/SpatialStack_RxR/ros2_ws/install/ros2_inference_model/share/ros2_inference_model/environment/pythonpath.dsv
-- Up-to-date: /home/anhnt298/Downloads/SpatialStack_RxR/ros2_ws/install/ros2_inference_model/local/lib/python3.10/dist-packages/ros2_inference_model-0.0.0-py3.10.egg-info
-- Installing: /home/anhnt298/Downloads/SpatialStack_RxR/ros2_ws/install/ros2_inference_model/local/lib/python3.10/dist-packages/ros2_inference_model-0.0.0-py3.10.egg-info/PKG-INFO
-- Installing: /home/anhnt298/Downloads/SpatialStack_RxR/ros2_ws/install/ros2_inference_model/local/lib/python3.10/dist-packages/ros2_inference_model-0.0.0-py3.10.egg-info/dependency_links.txt
-- Installing: /home/anhnt298/Downloads/SpatialStack_RxR/ros2_ws/install/ros2_inference_model/local/lib/python3.10/dist-packages/ros2_inference_model-0.0.0-py3.10.egg-info/top_level.txt
-- Installing: /home/anhnt298/Downloads/SpatialStack_RxR/ros2_ws/install/ros2_inference_model/local/lib/python3.10/dist-packages/ros2_inference_model-0.0.0-py3.10.egg-info/SOURCES.txt
-- Up-to-date: /home/anhnt298/Downloads/SpatialStack_RxR/ros2_ws/install/ros2_inference_model/local/lib/python3.10/dist-packages/ros2_inference_model
-- Up-to-date: /home/anhnt298/Downloads/SpatialStack_RxR/ros2_ws/install/ros2_inference_model/local/lib/python3.10/dist-packages/ros2_inference_model/__init__.py
Listing '/home/anhnt298/Downloads/SpatialStack_RxR/ros2_ws/install/ros2_inference_model/local/lib/python3.10/dist-packages/ros2_inference_model'...
-- Installing: /home/anhnt298/Downloads/SpatialStack_RxR/ros2_ws/install/ros2_inference_model/lib/ros2_inference_model/inference_node.py
-- Up-to-date: /home/anhnt298/Downloads/SpatialStack_RxR/ros2_ws/install/ros2_inference_model/share/ros2_inference_model/config
-- Installing: /home/anhnt298/Downloads/SpatialStack_RxR/ros2_ws/install/ros2_inference_model/share/ros2_inference_model/config/inference.yaml
-- Up-to-date: /home/anhnt298/Downloads/SpatialStack_RxR/ros2_ws/install/ros2_inference_model/share/ament_index/resource_index/package_run_dependencies/ros2_inference_model
-- Up-to-date: /home/anhnt298/Downloads/SpatialStack_RxR/ros2_ws/install/ros2_inference_model/share/ament_index/resource_index/parent_prefix_path/ros2_inference_model
-- Up-to-date: /home/anhnt298/Downloads/SpatialStack_RxR/ros2_ws/install/ros2_inference_model/share/ros2_inference_model/environment/ament_prefix_path.sh
-- Up-to-date: /home/anhnt298/Downloads/SpatialStack_RxR/ros2_ws/install/ros2_inference_model/share/ros2_inference_model/environment/ament_prefix_path.dsv
-- Up-to-date: /home/anhnt298/Downloads/SpatialStack_RxR/ros2_ws/install/ros2_inference_model/share/ros2_inference_model/environment/path.sh
-- Up-to-date: /home/anhnt298/Downloads/SpatialStack_RxR/ros2_ws/install/ros2_inference_model/share/ros2_inference_model/environment/path.dsv
-- Up-to-date: /home/anhnt298/Downloads/SpatialStack_RxR/ros2_ws/install/ros2_inference_model/share/ros2_inference_model/local_setup.bash
-- Up-to-date: /home/anhnt298/Downloads/SpatialStack_RxR/ros2_ws/install/ros2_inference_model/share/ros2_inference_model/local_setup.sh
-- Up-to-date: /home/anhnt298/Downloads/SpatialStack_RxR/ros2_ws/install/ros2_inference_model/share/ros2_inference_model/local_setup.zsh
-- Up-to-date: /home/anhnt298/Downloads/SpatialStack_RxR/ros2_ws/install/ros2_inference_model/share/ros2_inference_model/local_setup.dsv
-- Installing: /home/anhnt298/Downloads/SpatialStack_RxR/ros2_ws/install/ros2_inference_model/share/ros2_inference_model/package.dsv
-- Up-to-date: /home/anhnt298/Downloads/SpatialStack_RxR/ros2_ws/install/ros2_inference_model/share/ament_index/resource_index/packages/ros2_inference_model
-- Up-to-date: /home/anhnt298/Downloads/SpatialStack_RxR/ros2_ws/install/ros2_inference_model/share/ros2_inference_model/cmake/ros2_inference_modelConfig.cmake
-- Up-to-date: /home/anhnt298/Downloads/SpatialStack_RxR/ros2_ws/install/ros2_inference_model/share/ros2_inference_model/cmake/ros2_inference_modelConfig-version.cmake
-- Up-to-date: /home/anhnt298/Downloads/SpatialStack_RxR/ros2_ws/install/ros2_inference_model/share/ros2_inference_model/package.xml
