[0.056s] colcon DEBUG Command line arguments: ['/usr/bin/colcon', 'build']
[0.056s] colcon DEBUG Parsed command line arguments: Namespace(log_base=None, log_level=None, verb_name='build', build_base='build', install_base='install', merge_install=False, symlink_install=False, test_result_base=None, continue_on_error=False, executor='parallel', parallel_workers=24, event_handlers=None, ignore_user_meta=False, metas=['./colcon.meta'], base_paths=['.'], packages_ignore=None, packages_ignore_regex=None, paths=None, packages_up_to=None, packages_up_to_regex=None, packages_above=None, packages_above_and_dependencies=None, packages_above_depth=None, packages_select_by_dep=None, packages_skip_by_dep=None, packages_skip_up_to=None, packages_select_build_failed=False, packages_skip_build_finished=False, packages_select_test_failures=False, packages_skip_test_passed=False, packages_select=None, packages_skip=None, packages_select_regex=None, packages_skip_regex=None, packages_start=None, packages_end=None, allow_overriding=[], cmake_args=None, cmake_target=None, cmake_target_skip_unavailable=False, cmake_clean_cache=False, cmake_clean_first=False, cmake_force_configure=False, ament_cmake_args=None, catkin_cmake_args=None, catkin_skip_building_tests=False, mixin_files=None, mixin=None, verb_parser=<colcon_mixin.mixin.mixin_argument.MixinArgumentDecorator object at 0x7f6b61e2cbb0>, verb_extension=<colcon_core.verb.build.BuildVerb object at 0x7f6b61e2c670>, main=<bound method BuildVerb.main of <colcon_core.verb.build.BuildVerb object at 0x7f6b61e2c670>>, mixin_verb=('build',))
[0.126s] colcon.colcon_core.package_discovery Level 1 discover_packages(colcon_meta) check parameters
[0.126s] colcon.colcon_core.package_discovery Level 1 discover_packages(recursive) check parameters
[0.126s] colcon.colcon_core.package_discovery Level 1 discover_packages(ignore) check parameters
[0.126s] colcon.colcon_core.package_discovery Level 1 discover_packages(path) check parameters
[0.126s] colcon.colcon_core.package_discovery Level 1 discover_packages(colcon_meta) discover
[0.126s] colcon.colcon_core.package_discovery Level 1 discover_packages(recursive) discover
[0.126s] colcon.colcon_core.package_discovery INFO Crawling recursively for packages in '/home/anhnt298/Downloads/SpatialStack_RxR/ros2_ws'
[0.126s] colcon.colcon_core.package_identification Level 1 _identify(.) by extensions ['ignore', 'ignore_ament_install']
[0.126s] colcon.colcon_core.package_identification Level 1 _identify(.) by extension 'ignore'
[0.126s] colcon.colcon_core.package_identification Level 1 _identify(.) by extension 'ignore_ament_install'
[0.126s] colcon.colcon_core.package_identification Level 1 _identify(.) by extensions ['colcon_pkg']
[0.126s] colcon.colcon_core.package_identification Level 1 _identify(.) by extension 'colcon_pkg'
[0.126s] colcon.colcon_core.package_identification Level 1 _identify(.) by extensions ['colcon_meta']
[0.126s] colcon.colcon_core.package_identification Level 1 _identify(.) by extension 'colcon_meta'
[0.126s] colcon.colcon_core.package_identification Level 1 _identify(.) by extensions ['ros']
[0.126s] colcon.colcon_core.package_identification Level 1 _identify(.) by extension 'ros'
[0.136s] colcon.colcon_core.package_identification Level 1 _identify(.) by extensions ['cmake', 'python']
[0.136s] colcon.colcon_core.package_identification Level 1 _identify(.) by extension 'cmake'
[0.136s] colcon.colcon_core.package_identification Level 1 _identify(.) by extension 'python'
[0.136s] colcon.colcon_core.package_identification Level 1 _identify(.) by extensions ['python_setup_py']
[0.136s] colcon.colcon_core.package_identification Level 1 _identify(.) by extension 'python_setup_py'
[0.136s] colcon.colcon_core.package_identification Level 1 _identify(build) by extensions ['ignore', 'ignore_ament_install']
[0.136s] colcon.colcon_core.package_identification Level 1 _identify(build) by extension 'ignore'
[0.136s] colcon.colcon_core.package_identification Level 1 _identify(build) ignored
[0.136s] colcon.colcon_core.package_identification Level 1 _identify(install) by extensions ['ignore', 'ignore_ament_install']
[0.136s] colcon.colcon_core.package_identification Level 1 _identify(install) by extension 'ignore'
[0.136s] colcon.colcon_core.package_identification Level 1 _identify(install) ignored
[0.136s] colcon.colcon_core.package_identification Level 1 _identify(log) by extensions ['ignore', 'ignore_ament_install']
[0.136s] colcon.colcon_core.package_identification Level 1 _identify(log) by extension 'ignore'
[0.136s] colcon.colcon_core.package_identification Level 1 _identify(log) ignored
[0.136s] colcon.colcon_core.package_identification Level 1 _identify(src) by extensions ['ignore', 'ignore_ament_install']
[0.136s] colcon.colcon_core.package_identification Level 1 _identify(src) by extension 'ignore'
[0.136s] colcon.colcon_core.package_identification Level 1 _identify(src) by extension 'ignore_ament_install'
[0.136s] colcon.colcon_core.package_identification Level 1 _identify(src) by extensions ['colcon_pkg']
[0.136s] colcon.colcon_core.package_identification Level 1 _identify(src) by extension 'colcon_pkg'
[0.136s] colcon.colcon_core.package_identification Level 1 _identify(src) by extensions ['colcon_meta']
[0.136s] colcon.colcon_core.package_identification Level 1 _identify(src) by extension 'colcon_meta'
[0.136s] colcon.colcon_core.package_identification Level 1 _identify(src) by extensions ['ros']
[0.136s] colcon.colcon_core.package_identification Level 1 _identify(src) by extension 'ros'
[0.136s] colcon.colcon_core.package_identification Level 1 _identify(src) by extensions ['cmake', 'python']
[0.136s] colcon.colcon_core.package_identification Level 1 _identify(src) by extension 'cmake'
[0.136s] colcon.colcon_core.package_identification Level 1 _identify(src) by extension 'python'
[0.136s] colcon.colcon_core.package_identification Level 1 _identify(src) by extensions ['python_setup_py']
[0.136s] colcon.colcon_core.package_identification Level 1 _identify(src) by extension 'python_setup_py'
[0.136s] colcon.colcon_core.package_identification Level 1 _identify(src/ros2_inference_model) by extensions ['ignore', 'ignore_ament_install']
[0.136s] colcon.colcon_core.package_identification Level 1 _identify(src/ros2_inference_model) by extension 'ignore'
[0.137s] colcon.colcon_core.package_identification Level 1 _identify(src/ros2_inference_model) by extension 'ignore_ament_install'
[0.137s] colcon.colcon_core.package_identification Level 1 _identify(src/ros2_inference_model) by extensions ['colcon_pkg']
[0.137s] colcon.colcon_core.package_identification Level 1 _identify(src/ros2_inference_model) by extension 'colcon_pkg'
[0.137s] colcon.colcon_core.package_identification Level 1 _identify(src/ros2_inference_model) by extensions ['colcon_meta']
[0.137s] colcon.colcon_core.package_identification Level 1 _identify(src/ros2_inference_model) by extension 'colcon_meta'
[0.137s] colcon.colcon_core.package_identification Level 1 _identify(src/ros2_inference_model) by extensions ['ros']
[0.137s] colcon.colcon_core.package_identification Level 1 _identify(src/ros2_inference_model) by extension 'ros'
[0.138s] colcon.colcon_core.package_identification DEBUG Package 'src/ros2_inference_model' with type 'ros.ament_cmake' and name 'ros2_inference_model'
[0.138s] colcon.colcon_core.package_identification Level 1 _identify(src/vm_vln_msgs) by extensions ['ignore', 'ignore_ament_install']
[0.138s] colcon.colcon_core.package_identification Level 1 _identify(src/vm_vln_msgs) by extension 'ignore'
[0.138s] colcon.colcon_core.package_identification Level 1 _identify(src/vm_vln_msgs) by extension 'ignore_ament_install'
[0.138s] colcon.colcon_core.package_identification Level 1 _identify(src/vm_vln_msgs) by extensions ['colcon_pkg']
[0.138s] colcon.colcon_core.package_identification Level 1 _identify(src/vm_vln_msgs) by extension 'colcon_pkg'
[0.138s] colcon.colcon_core.package_identification Level 1 _identify(src/vm_vln_msgs) by extensions ['colcon_meta']
[0.138s] colcon.colcon_core.package_identification Level 1 _identify(src/vm_vln_msgs) by extension 'colcon_meta'
[0.138s] colcon.colcon_core.package_identification Level 1 _identify(src/vm_vln_msgs) by extensions ['ros']
[0.138s] colcon.colcon_core.package_identification Level 1 _identify(src/vm_vln_msgs) by extension 'ros'
[0.138s] colcon.colcon_core.package_identification DEBUG Package 'src/vm_vln_msgs' with type 'ros.ament_cmake' and name 'vm_vln_msgs'
[0.138s] colcon.colcon_core.package_discovery Level 1 discover_packages(recursive) using defaults
[0.139s] colcon.colcon_core.package_discovery Level 1 discover_packages(ignore) discover
[0.139s] colcon.colcon_core.package_discovery Level 1 discover_packages(ignore) using defaults
[0.139s] colcon.colcon_core.package_discovery Level 1 discover_packages(path) discover
[0.139s] colcon.colcon_core.package_discovery Level 1 discover_packages(path) using defaults
[0.146s] colcon.colcon_core.package_discovery Level 1 discover_packages(prefix_path) check parameters
[0.146s] colcon.colcon_core.package_discovery Level 1 discover_packages(prefix_path) discover
[0.147s] colcon.colcon_installed_package_information.package_discovery DEBUG Found 303 installed packages in /opt/ros/humble
[0.148s] colcon.colcon_core.package_discovery Level 1 discover_packages(prefix_path) using defaults
[0.162s] colcon.colcon_core.verb Level 5 set package 'vm_vln_msgs' build argument 'cmake_args' from command line to 'None'
[0.162s] colcon.colcon_core.verb Level 5 set package 'vm_vln_msgs' build argument 'cmake_target' from command line to 'None'
[0.162s] colcon.colcon_core.verb Level 5 set package 'vm_vln_msgs' build argument 'cmake_target_skip_unavailable' from command line to 'False'
[0.162s] colcon.colcon_core.verb Level 5 set package 'vm_vln_msgs' build argument 'cmake_clean_cache' from command line to 'False'
[0.162s] colcon.colcon_core.verb Level 5 set package 'vm_vln_msgs' build argument 'cmake_clean_first' from command line to 'False'
[0.162s] colcon.colcon_core.verb Level 5 set package 'vm_vln_msgs' build argument 'cmake_force_configure' from command line to 'False'
[0.162s] colcon.colcon_core.verb Level 5 set package 'vm_vln_msgs' build argument 'ament_cmake_args' from command line to 'None'
[0.162s] colcon.colcon_core.verb Level 5 set package 'vm_vln_msgs' build argument 'catkin_cmake_args' from command line to 'None'
[0.162s] colcon.colcon_core.verb Level 5 set package 'vm_vln_msgs' build argument 'catkin_skip_building_tests' from command line to 'False'
[0.162s] colcon.colcon_core.verb DEBUG Building package 'vm_vln_msgs' with the following arguments: {'ament_cmake_args': None, 'build_base': '/home/anhnt298/Downloads/SpatialStack_RxR/ros2_ws/build/vm_vln_msgs', 'catkin_cmake_args': None, 'catkin_skip_building_tests': False, 'cmake_args': None, 'cmake_clean_cache': False, 'cmake_clean_first': False, 'cmake_force_configure': False, 'cmake_target': None, 'cmake_target_skip_unavailable': False, 'install_base': '/home/anhnt298/Downloads/SpatialStack_RxR/ros2_ws/install/vm_vln_msgs', 'merge_install': False, 'path': '/home/anhnt298/Downloads/SpatialStack_RxR/ros2_ws/src/vm_vln_msgs', 'symlink_install': False, 'test_result_base': None}
[0.162s] colcon.colcon_core.verb Level 5 set package 'ros2_inference_model' build argument 'cmake_args' from command line to 'None'
[0.162s] colcon.colcon_core.verb Level 5 set package 'ros2_inference_model' build argument 'cmake_target' from command line to 'None'
[0.162s] colcon.colcon_core.verb Level 5 set package 'ros2_inference_model' build argument 'cmake_target_skip_unavailable' from command line to 'False'
[0.162s] colcon.colcon_core.verb Level 5 set package 'ros2_inference_model' build argument 'cmake_clean_cache' from command line to 'False'
[0.162s] colcon.colcon_core.verb Level 5 set package 'ros2_inference_model' build argument 'cmake_clean_first' from command line to 'False'
[0.162s] colcon.colcon_core.verb Level 5 set package 'ros2_inference_model' build argument 'cmake_force_configure' from command line to 'False'
[0.162s] colcon.colcon_core.verb Level 5 set package 'ros2_inference_model' build argument 'ament_cmake_args' from command line to 'None'
[0.162s] colcon.colcon_core.verb Level 5 set package 'ros2_inference_model' build argument 'catkin_cmake_args' from command line to 'None'
[0.162s] colcon.colcon_core.verb Level 5 set package 'ros2_inference_model' build argument 'catkin_skip_building_tests' from command line to 'False'
[0.162s] colcon.colcon_core.verb DEBUG Building package 'ros2_inference_model' with the following arguments: {'ament_cmake_args': None, 'build_base': '/home/anhnt298/Downloads/SpatialStack_RxR/ros2_ws/build/ros2_inference_model', 'catkin_cmake_args': None, 'catkin_skip_building_tests': False, 'cmake_args': None, 'cmake_clean_cache': False, 'cmake_clean_first': False, 'cmake_force_configure': False, 'cmake_target': None, 'cmake_target_skip_unavailable': False, 'install_base': '/home/anhnt298/Downloads/SpatialStack_RxR/ros2_ws/install/ros2_inference_model', 'merge_install': False, 'path': '/home/anhnt298/Downloads/SpatialStack_RxR/ros2_ws/src/ros2_inference_model', 'symlink_install': False, 'test_result_base': None}
[0.162s] colcon.colcon_core.executor INFO Executing jobs using 'parallel' executor
[0.163s] colcon.colcon_parallel_executor.executor.parallel DEBUG run_until_complete
[0.163s] colcon.colcon_ros.task.ament_cmake.build INFO Building ROS package in '/home/anhnt298/Downloads/SpatialStack_RxR/ros2_ws/src/vm_vln_msgs' with build type 'ament_cmake'
[0.163s] colcon.colcon_cmake.task.cmake.build INFO Building CMake package in '/home/anhnt298/Downloads/SpatialStack_RxR/ros2_ws/src/vm_vln_msgs'
[0.164s] colcon.colcon_core.plugin_system INFO Skipping extension 'colcon_core.shell.bat': Not used on non-Windows systems
[0.164s] colcon.colcon_core.shell INFO Skip shell extension 'powershell' for command environment: Not usable outside of PowerShell
[0.164s] colcon.colcon_core.shell DEBUG Skip shell extension 'dsv' for command environment
[0.170s] colcon.colcon_core.event_handler.log_command DEBUG Invoking command in '/home/anhnt298/Downloads/SpatialStack_RxR/ros2_ws/build/vm_vln_msgs': CMAKE_PREFIX_PATH=/opt/ros/humble /usr/bin/cmake --build /home/anhnt298/Downloads/SpatialStack_RxR/ros2_ws/build/vm_vln_msgs -- -j24 -l24
[0.376s] colcon.colcon_core.event_handler.log_command DEBUG Invoked command in '/home/anhnt298/Downloads/SpatialStack_RxR/ros2_ws/build/vm_vln_msgs' returned '0': CMAKE_PREFIX_PATH=/opt/ros/humble /usr/bin/cmake --build /home/anhnt298/Downloads/SpatialStack_RxR/ros2_ws/build/vm_vln_msgs -- -j24 -l24
[0.382s] colcon.colcon_core.event_handler.log_command DEBUG Invoking command in '/home/anhnt298/Downloads/SpatialStack_RxR/ros2_ws/build/vm_vln_msgs': CMAKE_PREFIX_PATH=/opt/ros/humble /usr/bin/cmake --install /home/anhnt298/Downloads/SpatialStack_RxR/ros2_ws/build/vm_vln_msgs
[0.410s] colcon.colcon_core.environment Level 1 create_environment_scripts_only(vm_vln_msgs)
[0.410s] colcon.colcon_core.event_handler.log_command DEBUG Invoked command in '/home/anhnt298/Downloads/SpatialStack_RxR/ros2_ws/build/vm_vln_msgs' returned '0': CMAKE_PREFIX_PATH=/opt/ros/humble /usr/bin/cmake --install /home/anhnt298/Downloads/SpatialStack_RxR/ros2_ws/build/vm_vln_msgs
[0.412s] colcon.colcon_core.environment Level 1 checking '/home/anhnt298/Downloads/SpatialStack_RxR/ros2_ws/install/vm_vln_msgs' for CMake module files
[0.412s] colcon.colcon_core.environment Level 1 checking '/home/anhnt298/Downloads/SpatialStack_RxR/ros2_ws/install/vm_vln_msgs' for CMake config files
[0.412s] colcon.colcon_core.shell Level 1 create_environment_hook('vm_vln_msgs', 'cmake_prefix_path')
[0.412s] colcon.colcon_core.shell INFO Creating environment hook '/home/anhnt298/Downloads/SpatialStack_RxR/ros2_ws/install/vm_vln_msgs/share/vm_vln_msgs/hook/cmake_prefix_path.ps1'
[0.413s] colcon.colcon_core.shell INFO Creating environment descriptor '/home/anhnt298/Downloads/SpatialStack_RxR/ros2_ws/install/vm_vln_msgs/share/vm_vln_msgs/hook/cmake_prefix_path.dsv'
[0.414s] colcon.colcon_core.shell INFO Creating environment hook '/home/anhnt298/Downloads/SpatialStack_RxR/ros2_ws/install/vm_vln_msgs/share/vm_vln_msgs/hook/cmake_prefix_path.sh'
[0.414s] colcon.colcon_core.environment Level 1 checking '/home/anhnt298/Downloads/SpatialStack_RxR/ros2_ws/install/vm_vln_msgs/lib'
[0.414s] colcon.colcon_core.shell Level 1 create_environment_hook('vm_vln_msgs', 'ld_library_path_lib')
[0.414s] colcon.colcon_core.shell INFO Creating environment hook '/home/anhnt298/Downloads/SpatialStack_RxR/ros2_ws/install/vm_vln_msgs/share/vm_vln_msgs/hook/ld_library_path_lib.ps1'
[0.415s] colcon.colcon_core.shell INFO Creating environment descriptor '/home/anhnt298/Downloads/SpatialStack_RxR/ros2_ws/install/vm_vln_msgs/share/vm_vln_msgs/hook/ld_library_path_lib.dsv'
[0.415s] colcon.colcon_core.shell INFO Creating environment hook '/home/anhnt298/Downloads/SpatialStack_RxR/ros2_ws/install/vm_vln_msgs/share/vm_vln_msgs/hook/ld_library_path_lib.sh'
[0.415s] colcon.colcon_core.environment Level 1 checking '/home/anhnt298/Downloads/SpatialStack_RxR/ros2_ws/install/vm_vln_msgs/bin'
[0.415s] colcon.colcon_core.environment Level 1 checking '/home/anhnt298/Downloads/SpatialStack_RxR/ros2_ws/install/vm_vln_msgs/lib/pkgconfig/vm_vln_msgs.pc'
[0.415s] colcon.colcon_core.environment Level 1 checking '/home/anhnt298/Downloads/SpatialStack_RxR/ros2_ws/install/vm_vln_msgs/lib/python3.10/site-packages'
[0.415s] colcon.colcon_core.environment Level 1 checking '/home/anhnt298/Downloads/SpatialStack_RxR/ros2_ws/install/vm_vln_msgs/bin'
[0.416s] colcon.colcon_core.shell INFO Creating package script '/home/anhnt298/Downloads/SpatialStack_RxR/ros2_ws/install/vm_vln_msgs/share/vm_vln_msgs/package.ps1'
[0.416s] colcon.colcon_core.shell INFO Creating package descriptor '/home/anhnt298/Downloads/SpatialStack_RxR/ros2_ws/install/vm_vln_msgs/share/vm_vln_msgs/package.dsv'
[0.416s] colcon.colcon_core.shell INFO Creating package script '/home/anhnt298/Downloads/SpatialStack_RxR/ros2_ws/install/vm_vln_msgs/share/vm_vln_msgs/package.sh'
[0.417s] colcon.colcon_core.shell INFO Creating package script '/home/anhnt298/Downloads/SpatialStack_RxR/ros2_ws/install/vm_vln_msgs/share/vm_vln_msgs/package.bash'
[0.417s] colcon.colcon_core.shell INFO Creating package script '/home/anhnt298/Downloads/SpatialStack_RxR/ros2_ws/install/vm_vln_msgs/share/vm_vln_msgs/package.zsh'
[0.417s] colcon.colcon_core.environment Level 1 create_file_with_runtime_dependencies(/home/anhnt298/Downloads/SpatialStack_RxR/ros2_ws/install/vm_vln_msgs/share/colcon-core/packages/vm_vln_msgs)
[0.417s] colcon.colcon_core.environment Level 1 create_environment_scripts_only(vm_vln_msgs)
[0.417s] colcon.colcon_core.environment Level 1 checking '/home/anhnt298/Downloads/SpatialStack_RxR/ros2_ws/install/vm_vln_msgs' for CMake module files
[0.418s] colcon.colcon_core.environment Level 1 checking '/home/anhnt298/Downloads/SpatialStack_RxR/ros2_ws/install/vm_vln_msgs' for CMake config files
[0.418s] colcon.colcon_core.shell Level 1 create_environment_hook('vm_vln_msgs', 'cmake_prefix_path')
[0.418s] colcon.colcon_core.shell INFO Creating environment hook '/home/anhnt298/Downloads/SpatialStack_RxR/ros2_ws/install/vm_vln_msgs/share/vm_vln_msgs/hook/cmake_prefix_path.ps1'
[0.418s] colcon.colcon_core.shell INFO Creating environment descriptor '/home/anhnt298/Downloads/SpatialStack_RxR/ros2_ws/install/vm_vln_msgs/share/vm_vln_msgs/hook/cmake_prefix_path.dsv'
[0.419s] colcon.colcon_core.shell INFO Creating environment hook '/home/anhnt298/Downloads/SpatialStack_RxR/ros2_ws/install/vm_vln_msgs/share/vm_vln_msgs/hook/cmake_prefix_path.sh'
[0.419s] colcon.colcon_core.environment Level 1 checking '/home/anhnt298/Downloads/SpatialStack_RxR/ros2_ws/install/vm_vln_msgs/lib'
[0.419s] colcon.colcon_core.shell Level 1 create_environment_hook('vm_vln_msgs', 'ld_library_path_lib')
[0.419s] colcon.colcon_core.shell INFO Creating environment hook '/home/anhnt298/Downloads/SpatialStack_RxR/ros2_ws/install/vm_vln_msgs/share/vm_vln_msgs/hook/ld_library_path_lib.ps1'
[0.419s] colcon.colcon_core.shell INFO Creating environment descriptor '/home/anhnt298/Downloads/SpatialStack_RxR/ros2_ws/install/vm_vln_msgs/share/vm_vln_msgs/hook/ld_library_path_lib.dsv'
[0.419s] colcon.colcon_core.shell INFO Creating environment hook '/home/anhnt298/Downloads/SpatialStack_RxR/ros2_ws/install/vm_vln_msgs/share/vm_vln_msgs/hook/ld_library_path_lib.sh'
[0.419s] colcon.colcon_core.environment Level 1 checking '/home/anhnt298/Downloads/SpatialStack_RxR/ros2_ws/install/vm_vln_msgs/bin'
[0.419s] colcon.colcon_core.environment Level 1 checking '/home/anhnt298/Downloads/SpatialStack_RxR/ros2_ws/install/vm_vln_msgs/lib/pkgconfig/vm_vln_msgs.pc'
[0.420s] colcon.colcon_core.environment Level 1 checking '/home/anhnt298/Downloads/SpatialStack_RxR/ros2_ws/install/vm_vln_msgs/lib/python3.10/site-packages'
[0.420s] colcon.colcon_core.environment Level 1 checking '/home/anhnt298/Downloads/SpatialStack_RxR/ros2_ws/install/vm_vln_msgs/bin'
[0.420s] colcon.colcon_core.shell INFO Creating package script '/home/anhnt298/Downloads/SpatialStack_RxR/ros2_ws/install/vm_vln_msgs/share/vm_vln_msgs/package.ps1'
[0.420s] colcon.colcon_core.shell INFO Creating package descriptor '/home/anhnt298/Downloads/SpatialStack_RxR/ros2_ws/install/vm_vln_msgs/share/vm_vln_msgs/package.dsv'
[0.421s] colcon.colcon_core.shell INFO Creating package script '/home/anhnt298/Downloads/SpatialStack_RxR/ros2_ws/install/vm_vln_msgs/share/vm_vln_msgs/package.sh'
[0.422s] colcon.colcon_core.shell INFO Creating package script '/home/anhnt298/Downloads/SpatialStack_RxR/ros2_ws/install/vm_vln_msgs/share/vm_vln_msgs/package.bash'
[0.422s] colcon.colcon_core.shell INFO Creating package script '/home/anhnt298/Downloads/SpatialStack_RxR/ros2_ws/install/vm_vln_msgs/share/vm_vln_msgs/package.zsh'
[0.422s] colcon.colcon_core.environment Level 1 create_file_with_runtime_dependencies(/home/anhnt298/Downloads/SpatialStack_RxR/ros2_ws/install/vm_vln_msgs/share/colcon-core/packages/vm_vln_msgs)
[0.422s] colcon.colcon_ros.task.ament_cmake.build INFO Building ROS package in '/home/anhnt298/Downloads/SpatialStack_RxR/ros2_ws/src/ros2_inference_model' with build type 'ament_cmake'
[0.422s] colcon.colcon_cmake.task.cmake.build INFO Building CMake package in '/home/anhnt298/Downloads/SpatialStack_RxR/ros2_ws/src/ros2_inference_model'
[0.423s] colcon.colcon_core.shell INFO Skip shell extension 'powershell' for command environment: Not usable outside of PowerShell
[0.423s] colcon.colcon_core.shell DEBUG Skip shell extension 'dsv' for command environment
[0.429s] colcon.colcon_core.event_handler.log_command DEBUG Invoking command in '/home/anhnt298/Downloads/SpatialStack_RxR/ros2_ws/build/ros2_inference_model': AMENT_PREFIX_PATH=/home/anhnt298/Downloads/SpatialStack_RxR/ros2_ws/install/vm_vln_msgs:${AMENT_PREFIX_PATH} CMAKE_PREFIX_PATH=/home/anhnt298/Downloads/SpatialStack_RxR/ros2_ws/install/vm_vln_msgs:/opt/ros/humble LD_LIBRARY_PATH=/home/anhnt298/Downloads/SpatialStack_RxR/ros2_ws/install/vm_vln_msgs/lib:/opt/ros/humble/opt/zenoh_cpp_vendor/lib:/opt/ros/humble/opt/rviz_ogre_vendor/lib:/opt/ros/humble/lib/x86_64-linux-gnu:/opt/ros/humble/lib:/usr/local/cuda-12.8/lib64 PYTHONPATH=/home/anhnt298/Downloads/SpatialStack_RxR/ros2_ws/install/vm_vln_msgs/local/lib/python3.10/dist-packages:${PYTHONPATH} /usr/bin/cmake --build /home/anhnt298/Downloads/SpatialStack_RxR/ros2_ws/build/ros2_inference_model -- -j24 -l24
[0.599s] colcon.colcon_core.event_handler.log_command DEBUG Invoked command in '/home/anhnt298/Downloads/SpatialStack_RxR/ros2_ws/build/ros2_inference_model' returned '0': AMENT_PREFIX_PATH=/home/anhnt298/Downloads/SpatialStack_RxR/ros2_ws/install/vm_vln_msgs:${AMENT_PREFIX_PATH} CMAKE_PREFIX_PATH=/home/anhnt298/Downloads/SpatialStack_RxR/ros2_ws/install/vm_vln_msgs:/opt/ros/humble LD_LIBRARY_PATH=/home/anhnt298/Downloads/SpatialStack_RxR/ros2_ws/install/vm_vln_msgs/lib:/opt/ros/humble/opt/zenoh_cpp_vendor/lib:/opt/ros/humble/opt/rviz_ogre_vendor/lib:/opt/ros/humble/lib/x86_64-linux-gnu:/opt/ros/humble/lib:/usr/local/cuda-12.8/lib64 PYTHONPATH=/home/anhnt298/Downloads/SpatialStack_RxR/ros2_ws/install/vm_vln_msgs/local/lib/python3.10/dist-packages:${PYTHONPATH} /usr/bin/cmake --build /home/anhnt298/Downloads/SpatialStack_RxR/ros2_ws/build/ros2_inference_model -- -j24 -l24
[0.600s] colcon.colcon_core.event_handler.log_command DEBUG Invoking command in '/home/anhnt298/Downloads/SpatialStack_RxR/ros2_ws/build/ros2_inference_model': AMENT_PREFIX_PATH=/home/anhnt298/Downloads/SpatialStack_RxR/ros2_ws/install/vm_vln_msgs:${AMENT_PREFIX_PATH} CMAKE_PREFIX_PATH=/home/anhnt298/Downloads/SpatialStack_RxR/ros2_ws/install/vm_vln_msgs:/opt/ros/humble LD_LIBRARY_PATH=/home/anhnt298/Downloads/SpatialStack_RxR/ros2_ws/install/vm_vln_msgs/lib:/opt/ros/humble/opt/zenoh_cpp_vendor/lib:/opt/ros/humble/opt/rviz_ogre_vendor/lib:/opt/ros/humble/lib/x86_64-linux-gnu:/opt/ros/humble/lib:/usr/local/cuda-12.8/lib64 PYTHONPATH=/home/anhnt298/Downloads/SpatialStack_RxR/ros2_ws/install/vm_vln_msgs/local/lib/python3.10/dist-packages:${PYTHONPATH} /usr/bin/cmake --install /home/anhnt298/Downloads/SpatialStack_RxR/ros2_ws/build/ros2_inference_model
[0.626s] colcon.colcon_core.environment Level 1 create_environment_scripts_only(ros2_inference_model)
[0.626s] colcon.colcon_core.environment Level 1 checking '/home/anhnt298/Downloads/SpatialStack_RxR/ros2_ws/install/ros2_inference_model' for CMake module files
[0.626s] colcon.colcon_core.event_handler.log_command DEBUG Invoked command in '/home/anhnt298/Downloads/SpatialStack_RxR/ros2_ws/build/ros2_inference_model' returned '0': AMENT_PREFIX_PATH=/home/anhnt298/Downloads/SpatialStack_RxR/ros2_ws/install/vm_vln_msgs:${AMENT_PREFIX_PATH} CMAKE_PREFIX_PATH=/home/anhnt298/Downloads/SpatialStack_RxR/ros2_ws/install/vm_vln_msgs:/opt/ros/humble LD_LIBRARY_PATH=/home/anhnt298/Downloads/SpatialStack_RxR/ros2_ws/install/vm_vln_msgs/lib:/opt/ros/humble/opt/zenoh_cpp_vendor/lib:/opt/ros/humble/opt/rviz_ogre_vendor/lib:/opt/ros/humble/lib/x86_64-linux-gnu:/opt/ros/humble/lib:/usr/local/cuda-12.8/lib64 PYTHONPATH=/home/anhnt298/Downloads/SpatialStack_RxR/ros2_ws/install/vm_vln_msgs/local/lib/python3.10/dist-packages:${PYTHONPATH} /usr/bin/cmake --install /home/anhnt298/Downloads/SpatialStack_RxR/ros2_ws/build/ros2_inference_model
[0.627s] colcon.colcon_core.environment Level 1 checking '/home/anhnt298/Downloads/SpatialStack_RxR/ros2_ws/install/ros2_inference_model' for CMake config files
[0.627s] colcon.colcon_core.shell Level 1 create_environment_hook('ros2_inference_model', 'cmake_prefix_path')
[0.627s] colcon.colcon_core.shell INFO Creating environment hook '/home/anhnt298/Downloads/SpatialStack_RxR/ros2_ws/install/ros2_inference_model/share/ros2_inference_model/hook/cmake_prefix_path.ps1'
[0.627s] colcon.colcon_core.shell INFO Creating environment descriptor '/home/anhnt298/Downloads/SpatialStack_RxR/ros2_ws/install/ros2_inference_model/share/ros2_inference_model/hook/cmake_prefix_path.dsv'
[0.628s] colcon.colcon_core.shell INFO Creating environment hook '/home/anhnt298/Downloads/SpatialStack_RxR/ros2_ws/install/ros2_inference_model/share/ros2_inference_model/hook/cmake_prefix_path.sh'
[0.628s] colcon.colcon_core.environment Level 1 checking '/home/anhnt298/Downloads/SpatialStack_RxR/ros2_ws/install/ros2_inference_model/lib'
[0.628s] colcon.colcon_core.environment Level 1 checking '/home/anhnt298/Downloads/SpatialStack_RxR/ros2_ws/install/ros2_inference_model/bin'
[0.628s] colcon.colcon_core.environment Level 1 checking '/home/anhnt298/Downloads/SpatialStack_RxR/ros2_ws/install/ros2_inference_model/lib/pkgconfig/ros2_inference_model.pc'
[0.628s] colcon.colcon_core.environment Level 1 checking '/home/anhnt298/Downloads/SpatialStack_RxR/ros2_ws/install/ros2_inference_model/lib/python3.10/site-packages'
[0.628s] colcon.colcon_core.environment Level 1 checking '/home/anhnt298/Downloads/SpatialStack_RxR/ros2_ws/install/ros2_inference_model/bin'
[0.628s] colcon.colcon_core.shell INFO Creating package script '/home/anhnt298/Downloads/SpatialStack_RxR/ros2_ws/install/ros2_inference_model/share/ros2_inference_model/package.ps1'
[0.629s] colcon.colcon_core.shell INFO Creating package descriptor '/home/anhnt298/Downloads/SpatialStack_RxR/ros2_ws/install/ros2_inference_model/share/ros2_inference_model/package.dsv'
[0.629s] colcon.colcon_core.shell INFO Creating package script '/home/anhnt298/Downloads/SpatialStack_RxR/ros2_ws/install/ros2_inference_model/share/ros2_inference_model/package.sh'
[0.629s] colcon.colcon_core.shell INFO Creating package script '/home/anhnt298/Downloads/SpatialStack_RxR/ros2_ws/install/ros2_inference_model/share/ros2_inference_model/package.bash'
[0.629s] colcon.colcon_core.shell INFO Creating package script '/home/anhnt298/Downloads/SpatialStack_RxR/ros2_ws/install/ros2_inference_model/share/ros2_inference_model/package.zsh'
[0.629s] colcon.colcon_core.environment Level 1 create_file_with_runtime_dependencies(/home/anhnt298/Downloads/SpatialStack_RxR/ros2_ws/install/ros2_inference_model/share/colcon-core/packages/ros2_inference_model)
[0.630s] colcon.colcon_core.environment Level 1 create_environment_scripts_only(ros2_inference_model)
[0.630s] colcon.colcon_core.environment Level 1 checking '/home/anhnt298/Downloads/SpatialStack_RxR/ros2_ws/install/ros2_inference_model' for CMake module files
[0.630s] colcon.colcon_core.environment Level 1 checking '/home/anhnt298/Downloads/SpatialStack_RxR/ros2_ws/install/ros2_inference_model' for CMake config files
[0.630s] colcon.colcon_core.shell Level 1 create_environment_hook('ros2_inference_model', 'cmake_prefix_path')
[0.630s] colcon.colcon_core.shell INFO Creating environment hook '/home/anhnt298/Downloads/SpatialStack_RxR/ros2_ws/install/ros2_inference_model/share/ros2_inference_model/hook/cmake_prefix_path.ps1'
[0.630s] colcon.colcon_core.shell INFO Creating environment descriptor '/home/anhnt298/Downloads/SpatialStack_RxR/ros2_ws/install/ros2_inference_model/share/ros2_inference_model/hook/cmake_prefix_path.dsv'
[0.630s] colcon.colcon_core.shell INFO Creating environment hook '/home/anhnt298/Downloads/SpatialStack_RxR/ros2_ws/install/ros2_inference_model/share/ros2_inference_model/hook/cmake_prefix_path.sh'
[0.631s] colcon.colcon_core.environment Level 1 checking '/home/anhnt298/Downloads/SpatialStack_RxR/ros2_ws/install/ros2_inference_model/lib'
[0.631s] colcon.colcon_core.environment Level 1 checking '/home/anhnt298/Downloads/SpatialStack_RxR/ros2_ws/install/ros2_inference_model/bin'
[0.631s] colcon.colcon_core.environment Level 1 checking '/home/anhnt298/Downloads/SpatialStack_RxR/ros2_ws/install/ros2_inference_model/lib/pkgconfig/ros2_inference_model.pc'
[0.631s] colcon.colcon_core.environment Level 1 checking '/home/anhnt298/Downloads/SpatialStack_RxR/ros2_ws/install/ros2_inference_model/lib/python3.10/site-packages'
[0.631s] colcon.colcon_core.environment Level 1 checking '/home/anhnt298/Downloads/SpatialStack_RxR/ros2_ws/install/ros2_inference_model/bin'
[0.631s] colcon.colcon_core.shell INFO Creating package script '/home/anhnt298/Downloads/SpatialStack_RxR/ros2_ws/install/ros2_inference_model/share/ros2_inference_model/package.ps1'
[0.631s] colcon.colcon_core.shell INFO Creating package descriptor '/home/anhnt298/Downloads/SpatialStack_RxR/ros2_ws/install/ros2_inference_model/share/ros2_inference_model/package.dsv'
[0.632s] colcon.colcon_core.shell INFO Creating package script '/home/anhnt298/Downloads/SpatialStack_RxR/ros2_ws/install/ros2_inference_model/share/ros2_inference_model/package.sh'
[0.632s] colcon.colcon_core.shell INFO Creating package script '/home/anhnt298/Downloads/SpatialStack_RxR/ros2_ws/install/ros2_inference_model/share/ros2_inference_model/package.bash'
[0.632s] colcon.colcon_core.shell INFO Creating package script '/home/anhnt298/Downloads/SpatialStack_RxR/ros2_ws/install/ros2_inference_model/share/ros2_inference_model/package.zsh'
[0.632s] colcon.colcon_core.environment Level 1 create_file_with_runtime_dependencies(/home/anhnt298/Downloads/SpatialStack_RxR/ros2_ws/install/ros2_inference_model/share/colcon-core/packages/ros2_inference_model)
[0.632s] colcon.colcon_parallel_executor.executor.parallel DEBUG closing loop
[0.632s] colcon.colcon_parallel_executor.executor.parallel DEBUG loop closed
[0.632s] colcon.colcon_parallel_executor.executor.parallel DEBUG run_until_complete finished with '0'
[0.632s] colcon.colcon_core.event_reactor DEBUG joining thread
[0.636s] colcon.colcon_core.plugin_system INFO Skipping extension 'colcon_notification.desktop_notification.terminal_notifier': Not used on non-Darwin systems
[0.636s] colcon.colcon_core.plugin_system INFO Skipping extension 'colcon_notification.desktop_notification.win32': Not used on non-Windows systems
[0.636s] colcon.colcon_notification.desktop_notification INFO Sending desktop notification using 'notify2'
[0.652s] colcon.colcon_core.event_reactor DEBUG joined thread
[0.652s] colcon.colcon_core.shell INFO Creating prefix script '/home/anhnt298/Downloads/SpatialStack_RxR/ros2_ws/install/local_setup.ps1'
[0.653s] colcon.colcon_core.shell INFO Creating prefix util module '/home/anhnt298/Downloads/SpatialStack_RxR/ros2_ws/install/_local_setup_util_ps1.py'
[0.653s] colcon.colcon_core.shell INFO Creating prefix chain script '/home/anhnt298/Downloads/SpatialStack_RxR/ros2_ws/install/setup.ps1'
[0.654s] colcon.colcon_core.shell INFO Creating prefix script '/home/anhnt298/Downloads/SpatialStack_RxR/ros2_ws/install/local_setup.sh'
[0.654s] colcon.colcon_core.shell INFO Creating prefix util module '/home/anhnt298/Downloads/SpatialStack_RxR/ros2_ws/install/_local_setup_util_sh.py'
[0.654s] colcon.colcon_core.shell INFO Creating prefix chain script '/home/anhnt298/Downloads/SpatialStack_RxR/ros2_ws/install/setup.sh'
[0.655s] colcon.colcon_core.shell INFO Creating prefix script '/home/anhnt298/Downloads/SpatialStack_RxR/ros2_ws/install/local_setup.bash'
[0.655s] colcon.colcon_core.shell INFO Creating prefix chain script '/home/anhnt298/Downloads/SpatialStack_RxR/ros2_ws/install/setup.bash'
[0.655s] colcon.colcon_core.shell INFO Creating prefix script '/home/anhnt298/Downloads/SpatialStack_RxR/ros2_ws/install/local_setup.zsh'
[0.655s] colcon.colcon_core.shell INFO Creating prefix chain script '/home/anhnt298/Downloads/SpatialStack_RxR/ros2_ws/install/setup.zsh'
