[0.006s] Invoking command in '/home/anhnt298/Downloads/SpatialStack_RxR/ros2_ws/build/vm_vln_msgs': CMAKE_PREFIX_PATH=/opt/ros/humble /usr/bin/cmake --build /home/anhnt298/Downloads/SpatialStack_RxR/ros2_ws/build/vm_vln_msgs -- -j24 -l24
[0.036s] Consolidate compiler generated dependencies of target vm_vln_msgs__rosidl_generator_c
[0.042s] [  3%] Built target vm_vln_msgs__rs
[0.042s] [  6%] Built target vm_vln_msgs__cpp
[0.044s] [ 15%] Built target vm_vln_msgs__rosidl_generator_c
[0.052s] Consolidate compiler generated dependencies of target vm_vln_msgs__rosidl_typesupport_fastrtps_cpp
[0.053s] Consolidate compiler generated dependencies of target vm_vln_msgs__rosidl_typesupport_introspection_c
[0.053s] Consolidate compiler generated dependencies of target vm_vln_msgs__rosidl_typesupport_introspection_cpp
[0.054s] Consolidate compiler generated dependencies of target vm_vln_msgs__rosidl_typesupport_c
[0.055s] Consolidate compiler generated dependencies of target vm_vln_msgs__rosidl_typesupport_cpp
[0.055s] Consolidate compiler generated dependencies of target vm_vln_msgs__rosidl_typesupport_fastrtps_c
[0.056s] [ 15%] Built target ament_cmake_python_copy_vm_vln_msgs
[0.063s] [ 25%] Built target vm_vln_msgs__rosidl_typesupport_introspection_cpp
[0.063s] [ 34%] Built target vm_vln_msgs__rosidl_typesupport_c
[0.063s] [ 43%] Built target vm_vln_msgs__rosidl_typesupport_fastrtps_cpp
[0.063s] [ 53%] Built target vm_vln_msgs__rosidl_typesupport_introspection_c
[0.065s] [ 62%] Built target vm_vln_msgs__rosidl_typesupport_cpp
[0.065s] [ 71%] Built target vm_vln_msgs__rosidl_typesupport_fastrtps_c
[0.082s] [ 71%] Built target vm_vln_msgs
[0.096s] [ 75%] Built target vm_vln_msgs__py
[0.105s] Consolidate compiler generated dependencies of target vm_vln_msgs__rosidl_generator_py
[0.113s] [ 81%] Built target vm_vln_msgs__rosidl_generator_py
[0.123s] Consolidate compiler generated dependencies of target vm_vln_msgs__rosidl_typesupport_fastrtps_c__pyext
[0.123s] Consolidate compiler generated dependencies of target vm_vln_msgs__rosidl_typesupport_introspection_c__pyext
[0.123s] Consolidate compiler generated dependencies of target vm_vln_msgs__rosidl_typesupport_c__pyext
[0.130s] [ 87%] Built target vm_vln_msgs__rosidl_typesupport_introspection_c__pyext
[0.131s] [100%] Built target vm_vln_msgs__rosidl_typesupport_c__pyext
[0.131s] [100%] Built target vm_vln_msgs__rosidl_typesupport_fastrtps_c__pyext
[0.184s] running egg_info
[0.185s] writing vm_vln_msgs.egg-info/PKG-INFO
[0.185s] writing dependency_links to vm_vln_msgs.egg-info/dependency_links.txt
[0.185s] writing top-level names to vm_vln_msgs.egg-info/top_level.txt
[0.185s] reading manifest file 'vm_vln_msgs.egg-info/SOURCES.txt'
[0.185s] writing manifest file 'vm_vln_msgs.egg-info/SOURCES.txt'
[0.202s] [100%] Built target ament_cmake_python_build_vm_vln_msgs_egg
[0.212s] Invoked command in '/home/anhnt298/Downloads/SpatialStack_RxR/ros2_ws/build/vm_vln_msgs' returned '0': CMAKE_PREFIX_PATH=/opt/ros/humble /usr/bin/cmake --build /home/anhnt298/Downloads/SpatialStack_RxR/ros2_ws/build/vm_vln_msgs -- -j24 -l24
[0.219s] Invoking command in '/home/anhnt298/Downloads/SpatialStack_RxR/ros2_ws/build/vm_vln_msgs': CMAKE_PREFIX_PATH=/opt/ros/humble /usr/bin/cmake --install /home/anhnt298/Downloads/SpatialStack_RxR/ros2_ws/build/vm_vln_msgs
[0.223s] -- Install configuration: ""
[0.223s] -- Up-to-date: /home/anhnt298/Downloads/SpatialStack_RxR/ros2_ws/install/vm_vln_msgs/share/ament_index/resource_index/rosidl_interfaces/vm_vln_msgs
[0.223s] -- Up-to-date: /home/anhnt298/Downloads/SpatialStack_RxR/ros2_ws/install/vm_vln_msgs/include/vm_vln_msgs/vm_vln_msgs
[0.223s] -- Up-to-date: /home/anhnt298/Downloads/SpatialStack_RxR/ros2_ws/install/vm_vln_msgs/include/vm_vln_msgs/vm_vln_msgs/msg
[0.224s] -- Up-to-date: /home/anhnt298/Downloads/SpatialStack_RxR/ros2_ws/install/vm_vln_msgs/include/vm_vln_msgs/vm_vln_msgs/msg/detail
[0.224s] -- Up-to-date: /home/anhnt298/Downloads/SpatialStack_RxR/ros2_ws/install/vm_vln_msgs/include/vm_vln_msgs/vm_vln_msgs/msg/detail/vln_hybrid_output__struct.h
[0.224s] -- Up-to-date: /home/anhnt298/Downloads/SpatialStack_RxR/ros2_ws/install/vm_vln_msgs/include/vm_vln_msgs/vm_vln_msgs/msg/detail/vln_hybrid_output__type_support.h
[0.224s] -- Up-to-date: /home/anhnt298/Downloads/SpatialStack_RxR/ros2_ws/install/vm_vln_msgs/include/vm_vln_msgs/vm_vln_msgs/msg/detail/vln_hybrid_output__functions.c
[0.224s] -- Up-to-date: /home/anhnt298/Downloads/SpatialStack_RxR/ros2_ws/install/vm_vln_msgs/include/vm_vln_msgs/vm_vln_msgs/msg/detail/vln_hybrid_output__functions.h
[0.224s] -- Up-to-date: /home/anhnt298/Downloads/SpatialStack_RxR/ros2_ws/install/vm_vln_msgs/include/vm_vln_msgs/vm_vln_msgs/msg/rosidl_generator_c__visibility_control.h
[0.224s] -- Up-to-date: /home/anhnt298/Downloads/SpatialStack_RxR/ros2_ws/install/vm_vln_msgs/include/vm_vln_msgs/vm_vln_msgs/msg/vln_hybrid_output.h
[0.224s] -- Up-to-date: /home/anhnt298/Downloads/SpatialStack_RxR/ros2_ws/install/vm_vln_msgs/share/vm_vln_msgs/environment/library_path.sh
[0.224s] -- Up-to-date: /home/anhnt298/Downloads/SpatialStack_RxR/ros2_ws/install/vm_vln_msgs/share/vm_vln_msgs/environment/library_path.dsv
[0.224s] -- Up-to-date: /home/anhnt298/Downloads/SpatialStack_RxR/ros2_ws/install/vm_vln_msgs/lib/libvm_vln_msgs__rosidl_generator_c.so
[0.224s] -- Up-to-date: /home/anhnt298/Downloads/SpatialStack_RxR/ros2_ws/install/vm_vln_msgs/include/vm_vln_msgs/vm_vln_msgs
[0.224s] -- Up-to-date: /home/anhnt298/Downloads/SpatialStack_RxR/ros2_ws/install/vm_vln_msgs/include/vm_vln_msgs/vm_vln_msgs/msg
[0.224s] -- Up-to-date: /home/anhnt298/Downloads/SpatialStack_RxR/ros2_ws/install/vm_vln_msgs/include/vm_vln_msgs/vm_vln_msgs/msg/detail
[0.224s] -- Up-to-date: /home/anhnt298/Downloads/SpatialStack_RxR/ros2_ws/install/vm_vln_msgs/include/vm_vln_msgs/vm_vln_msgs/msg/detail/vln_hybrid_output__rosidl_typesupport_fastrtps_c.h
[0.224s] -- Up-to-date: /home/anhnt298/Downloads/SpatialStack_RxR/ros2_ws/install/vm_vln_msgs/include/vm_vln_msgs/vm_vln_msgs/msg/rosidl_typesupport_fastrtps_c__visibility_control.h
[0.224s] -- Up-to-date: /home/anhnt298/Downloads/SpatialStack_RxR/ros2_ws/install/vm_vln_msgs/lib/libvm_vln_msgs__rosidl_typesupport_fastrtps_c.so
[0.225s] -- Up-to-date: /home/anhnt298/Downloads/SpatialStack_RxR/ros2_ws/install/vm_vln_msgs/include/vm_vln_msgs/vm_vln_msgs
[0.225s] -- Up-to-date: /home/anhnt298/Downloads/SpatialStack_RxR/ros2_ws/install/vm_vln_msgs/include/vm_vln_msgs/vm_vln_msgs/msg
[0.225s] -- Up-to-date: /home/anhnt298/Downloads/SpatialStack_RxR/ros2_ws/install/vm_vln_msgs/include/vm_vln_msgs/vm_vln_msgs/msg/detail
[0.225s] -- Up-to-date: /home/anhnt298/Downloads/SpatialStack_RxR/ros2_ws/install/vm_vln_msgs/include/vm_vln_msgs/vm_vln_msgs/msg/detail/vln_hybrid_output__struct.hpp
[0.225s] -- Up-to-date: /home/anhnt298/Downloads/SpatialStack_RxR/ros2_ws/install/vm_vln_msgs/include/vm_vln_msgs/vm_vln_msgs/msg/detail/vln_hybrid_output__traits.hpp
[0.225s] -- Up-to-date: /home/anhnt298/Downloads/SpatialStack_RxR/ros2_ws/install/vm_vln_msgs/include/vm_vln_msgs/vm_vln_msgs/msg/detail/vln_hybrid_output__type_support.hpp
[0.225s] -- Up-to-date: /home/anhnt298/Downloads/SpatialStack_RxR/ros2_ws/install/vm_vln_msgs/include/vm_vln_msgs/vm_vln_msgs/msg/detail/vln_hybrid_output__builder.hpp
[0.225s] -- Up-to-date: /home/anhnt298/Downloads/SpatialStack_RxR/ros2_ws/install/vm_vln_msgs/include/vm_vln_msgs/vm_vln_msgs/msg/rosidl_generator_cpp__visibility_control.hpp
[0.225s] -- Up-to-date: /home/anhnt298/Downloads/SpatialStack_RxR/ros2_ws/install/vm_vln_msgs/include/vm_vln_msgs/vm_vln_msgs/msg/vln_hybrid_output.hpp
[0.225s] -- Up-to-date: /home/anhnt298/Downloads/SpatialStack_RxR/ros2_ws/install/vm_vln_msgs/include/vm_vln_msgs/vm_vln_msgs
[0.225s] -- Up-to-date: /home/anhnt298/Downloads/SpatialStack_RxR/ros2_ws/install/vm_vln_msgs/include/vm_vln_msgs/vm_vln_msgs/msg
[0.225s] -- Up-to-date: /home/anhnt298/Downloads/SpatialStack_RxR/ros2_ws/install/vm_vln_msgs/include/vm_vln_msgs/vm_vln_msgs/msg/detail
[0.225s] -- Up-to-date: /home/anhnt298/Downloads/SpatialStack_RxR/ros2_ws/install/vm_vln_msgs/include/vm_vln_msgs/vm_vln_msgs/msg/detail/dds_fastrtps
[0.225s] -- Up-to-date: /home/anhnt298/Downloads/SpatialStack_RxR/ros2_ws/install/vm_vln_msgs/include/vm_vln_msgs/vm_vln_msgs/msg/detail/vln_hybrid_output__rosidl_typesupport_fastrtps_cpp.hpp
[0.225s] -- Up-to-date: /home/anhnt298/Downloads/SpatialStack_RxR/ros2_ws/install/vm_vln_msgs/include/vm_vln_msgs/vm_vln_msgs/msg/rosidl_typesupport_fastrtps_cpp__visibility_control.h
[0.225s] -- Up-to-date: /home/anhnt298/Downloads/SpatialStack_RxR/ros2_ws/install/vm_vln_msgs/lib/libvm_vln_msgs__rosidl_typesupport_fastrtps_cpp.so
[0.226s] -- Up-to-date: /home/anhnt298/Downloads/SpatialStack_RxR/ros2_ws/install/vm_vln_msgs/include/vm_vln_msgs/vm_vln_msgs
[0.226s] -- Up-to-date: /home/anhnt298/Downloads/SpatialStack_RxR/ros2_ws/install/vm_vln_msgs/include/vm_vln_msgs/vm_vln_msgs/msg
[0.226s] -- Up-to-date: /home/anhnt298/Downloads/SpatialStack_RxR/ros2_ws/install/vm_vln_msgs/include/vm_vln_msgs/vm_vln_msgs/msg/detail
[0.226s] -- Up-to-date: /home/anhnt298/Downloads/SpatialStack_RxR/ros2_ws/install/vm_vln_msgs/include/vm_vln_msgs/vm_vln_msgs/msg/detail/vln_hybrid_output__rosidl_typesupport_introspection_c.h
[0.226s] -- Up-to-date: /home/anhnt298/Downloads/SpatialStack_RxR/ros2_ws/install/vm_vln_msgs/include/vm_vln_msgs/vm_vln_msgs/msg/detail/vln_hybrid_output__type_support.c
[0.226s] -- Up-to-date: /home/anhnt298/Downloads/SpatialStack_RxR/ros2_ws/install/vm_vln_msgs/include/vm_vln_msgs/vm_vln_msgs/msg/rosidl_typesupport_introspection_c__visibility_control.h
[0.226s] -- Up-to-date: /home/anhnt298/Downloads/SpatialStack_RxR/ros2_ws/install/vm_vln_msgs/lib/libvm_vln_msgs__rosidl_typesupport_introspection_c.so
[0.226s] -- Up-to-date: /home/anhnt298/Downloads/SpatialStack_RxR/ros2_ws/install/vm_vln_msgs/lib/libvm_vln_msgs__rosidl_typesupport_c.so
[0.226s] -- Up-to-date: /home/anhnt298/Downloads/SpatialStack_RxR/ros2_ws/install/vm_vln_msgs/include/vm_vln_msgs/vm_vln_msgs
[0.226s] -- Up-to-date: /home/anhnt298/Downloads/SpatialStack_RxR/ros2_ws/install/vm_vln_msgs/include/vm_vln_msgs/vm_vln_msgs/msg
[0.226s] -- Up-to-date: /home/anhnt298/Downloads/SpatialStack_RxR/ros2_ws/install/vm_vln_msgs/include/vm_vln_msgs/vm_vln_msgs/msg/detail
[0.226s] -- Up-to-date: /home/anhnt298/Downloads/SpatialStack_RxR/ros2_ws/install/vm_vln_msgs/include/vm_vln_msgs/vm_vln_msgs/msg/detail/vln_hybrid_output__rosidl_typesupport_introspection_cpp.hpp
[0.226s] -- Up-to-date: /home/anhnt298/Downloads/SpatialStack_RxR/ros2_ws/install/vm_vln_msgs/include/vm_vln_msgs/vm_vln_msgs/msg/detail/vln_hybrid_output__type_support.cpp
[0.226s] -- Up-to-date: /home/anhnt298/Downloads/SpatialStack_RxR/ros2_ws/install/vm_vln_msgs/lib/libvm_vln_msgs__rosidl_typesupport_introspection_cpp.so
[0.227s] -- Up-to-date: /home/anhnt298/Downloads/SpatialStack_RxR/ros2_ws/install/vm_vln_msgs/lib/libvm_vln_msgs__rosidl_typesupport_cpp.so
[0.227s] -- Up-to-date: /home/anhnt298/Downloads/SpatialStack_RxR/ros2_ws/install/vm_vln_msgs/share/vm_vln_msgs/environment/pythonpath.sh
[0.227s] -- Up-to-date: /home/anhnt298/Downloads/SpatialStack_RxR/ros2_ws/install/vm_vln_msgs/share/vm_vln_msgs/environment/pythonpath.dsv
[0.227s] -- Up-to-date: /home/anhnt298/Downloads/SpatialStack_RxR/ros2_ws/install/vm_vln_msgs/local/lib/python3.10/dist-packages/vm_vln_msgs-0.0.0-py3.10.egg-info
[0.227s] -- Installing: /home/anhnt298/Downloads/SpatialStack_RxR/ros2_ws/install/vm_vln_msgs/local/lib/python3.10/dist-packages/vm_vln_msgs-0.0.0-py3.10.egg-info/PKG-INFO
[0.227s] -- Installing: /home/anhnt298/Downloads/SpatialStack_RxR/ros2_ws/install/vm_vln_msgs/local/lib/python3.10/dist-packages/vm_vln_msgs-0.0.0-py3.10.egg-info/dependency_links.txt
[0.227s] -- Installing: /home/anhnt298/Downloads/SpatialStack_RxR/ros2_ws/install/vm_vln_msgs/local/lib/python3.10/dist-packages/vm_vln_msgs-0.0.0-py3.10.egg-info/top_level.txt
[0.227s] -- Installing: /home/anhnt298/Downloads/SpatialStack_RxR/ros2_ws/install/vm_vln_msgs/local/lib/python3.10/dist-packages/vm_vln_msgs-0.0.0-py3.10.egg-info/SOURCES.txt
[0.227s] -- Up-to-date: /home/anhnt298/Downloads/SpatialStack_RxR/ros2_ws/install/vm_vln_msgs/local/lib/python3.10/dist-packages/vm_vln_msgs
[0.227s] -- Up-to-date: /home/anhnt298/Downloads/SpatialStack_RxR/ros2_ws/install/vm_vln_msgs/local/lib/python3.10/dist-packages/vm_vln_msgs/msg
[0.227s] -- Up-to-date: /home/anhnt298/Downloads/SpatialStack_RxR/ros2_ws/install/vm_vln_msgs/local/lib/python3.10/dist-packages/vm_vln_msgs/msg/_vln_hybrid_output_s.c
[0.227s] -- Up-to-date: /home/anhnt298/Downloads/SpatialStack_RxR/ros2_ws/install/vm_vln_msgs/local/lib/python3.10/dist-packages/vm_vln_msgs/msg/_vln_hybrid_output.py
[0.227s] -- Up-to-date: /home/anhnt298/Downloads/SpatialStack_RxR/ros2_ws/install/vm_vln_msgs/local/lib/python3.10/dist-packages/vm_vln_msgs/msg/__init__.py
[0.227s] -- Up-to-date: /home/anhnt298/Downloads/SpatialStack_RxR/ros2_ws/install/vm_vln_msgs/local/lib/python3.10/dist-packages/vm_vln_msgs/vm_vln_msgs_s__rosidl_typesupport_c.cpython-310-x86_64-linux-gnu.so
[0.227s] -- Up-to-date: /home/anhnt298/Downloads/SpatialStack_RxR/ros2_ws/install/vm_vln_msgs/local/lib/python3.10/dist-packages/vm_vln_msgs/libvm_vln_msgs__rosidl_generator_py.so
[0.227s] -- Up-to-date: /home/anhnt298/Downloads/SpatialStack_RxR/ros2_ws/install/vm_vln_msgs/local/lib/python3.10/dist-packages/vm_vln_msgs/__init__.py
[0.227s] -- Up-to-date: /home/anhnt298/Downloads/SpatialStack_RxR/ros2_ws/install/vm_vln_msgs/local/lib/python3.10/dist-packages/vm_vln_msgs/_vm_vln_msgs_s.ep.rosidl_typesupport_introspection_c.c
[0.227s] -- Up-to-date: /home/anhnt298/Downloads/SpatialStack_RxR/ros2_ws/install/vm_vln_msgs/local/lib/python3.10/dist-packages/vm_vln_msgs/_vm_vln_msgs_s.ep.rosidl_typesupport_c.c
[0.227s] -- Up-to-date: /home/anhnt298/Downloads/SpatialStack_RxR/ros2_ws/install/vm_vln_msgs/local/lib/python3.10/dist-packages/vm_vln_msgs/vm_vln_msgs_s__rosidl_typesupport_introspection_c.cpython-310-x86_64-linux-gnu.so
[0.227s] -- Up-to-date: /home/anhnt298/Downloads/SpatialStack_RxR/ros2_ws/install/vm_vln_msgs/local/lib/python3.10/dist-packages/vm_vln_msgs/_vm_vln_msgs_s.ep.rosidl_typesupport_fastrtps_c.c
[0.227s] -- Up-to-date: /home/anhnt298/Downloads/SpatialStack_RxR/ros2_ws/install/vm_vln_msgs/local/lib/python3.10/dist-packages/vm_vln_msgs/vm_vln_msgs_s__rosidl_typesupport_fastrtps_c.cpython-310-x86_64-linux-gnu.so
[0.242s] Listing '/home/anhnt298/Downloads/SpatialStack_RxR/ros2_ws/install/vm_vln_msgs/local/lib/python3.10/dist-packages/vm_vln_msgs'...
[0.242s] Listing '/home/anhnt298/Downloads/SpatialStack_RxR/ros2_ws/install/vm_vln_msgs/local/lib/python3.10/dist-packages/vm_vln_msgs/msg'...
[0.244s] -- Up-to-date: /home/anhnt298/Downloads/SpatialStack_RxR/ros2_ws/install/vm_vln_msgs/local/lib/python3.10/dist-packages/vm_vln_msgs/vm_vln_msgs_s__rosidl_typesupport_fastrtps_c.cpython-310-x86_64-linux-gnu.so
[0.244s] -- Up-to-date: /home/anhnt298/Downloads/SpatialStack_RxR/ros2_ws/install/vm_vln_msgs/local/lib/python3.10/dist-packages/vm_vln_msgs/vm_vln_msgs_s__rosidl_typesupport_introspection_c.cpython-310-x86_64-linux-gnu.so
[0.244s] -- Up-to-date: /home/anhnt298/Downloads/SpatialStack_RxR/ros2_ws/install/vm_vln_msgs/local/lib/python3.10/dist-packages/vm_vln_msgs/vm_vln_msgs_s__rosidl_typesupport_c.cpython-310-x86_64-linux-gnu.so
[0.244s] -- Up-to-date: /home/anhnt298/Downloads/SpatialStack_RxR/ros2_ws/install/vm_vln_msgs/lib/libvm_vln_msgs__rosidl_generator_py.so
[0.244s] -- Up-to-date: /home/anhnt298/Downloads/SpatialStack_RxR/ros2_ws/install/vm_vln_msgs/share/ament_index/resource_index/rust_packages/vm_vln_msgs
[0.244s] -- Up-to-date: /home/anhnt298/Downloads/SpatialStack_RxR/ros2_ws/install/vm_vln_msgs/share/vm_vln_msgs/rust
[0.244s] -- Up-to-date: /home/anhnt298/Downloads/SpatialStack_RxR/ros2_ws/install/vm_vln_msgs/share/vm_vln_msgs/rust/Cargo.toml
[0.244s] -- Up-to-date: /home/anhnt298/Downloads/SpatialStack_RxR/ros2_ws/install/vm_vln_msgs/share/vm_vln_msgs/rust/src
[0.245s] -- Up-to-date: /home/anhnt298/Downloads/SpatialStack_RxR/ros2_ws/install/vm_vln_msgs/share/vm_vln_msgs/rust/src/msg.rs
[0.245s] -- Up-to-date: /home/anhnt298/Downloads/SpatialStack_RxR/ros2_ws/install/vm_vln_msgs/share/vm_vln_msgs/rust/src/msg
[0.245s] -- Up-to-date: /home/anhnt298/Downloads/SpatialStack_RxR/ros2_ws/install/vm_vln_msgs/share/vm_vln_msgs/rust/src/msg/rmw.rs
[0.245s] -- Up-to-date: /home/anhnt298/Downloads/SpatialStack_RxR/ros2_ws/install/vm_vln_msgs/share/vm_vln_msgs/rust/src/lib.rs
[0.245s] -- Up-to-date: /home/anhnt298/Downloads/SpatialStack_RxR/ros2_ws/install/vm_vln_msgs/share/vm_vln_msgs/rust/build.rs
[0.245s] -- Up-to-date: /home/anhnt298/Downloads/SpatialStack_RxR/ros2_ws/install/vm_vln_msgs/share/vm_vln_msgs/msg/VlnHybridOutput.idl
[0.245s] -- Up-to-date: /home/anhnt298/Downloads/SpatialStack_RxR/ros2_ws/install/vm_vln_msgs/share/vm_vln_msgs/msg/VlnHybridOutput.msg
[0.245s] -- Up-to-date: /home/anhnt298/Downloads/SpatialStack_RxR/ros2_ws/install/vm_vln_msgs/share/ament_index/resource_index/package_run_dependencies/vm_vln_msgs
[0.245s] -- Up-to-date: /home/anhnt298/Downloads/SpatialStack_RxR/ros2_ws/install/vm_vln_msgs/share/ament_index/resource_index/parent_prefix_path/vm_vln_msgs
[0.245s] -- Up-to-date: /home/anhnt298/Downloads/SpatialStack_RxR/ros2_ws/install/vm_vln_msgs/share/vm_vln_msgs/environment/ament_prefix_path.sh
[0.245s] -- Up-to-date: /home/anhnt298/Downloads/SpatialStack_RxR/ros2_ws/install/vm_vln_msgs/share/vm_vln_msgs/environment/ament_prefix_path.dsv
[0.245s] -- Up-to-date: /home/anhnt298/Downloads/SpatialStack_RxR/ros2_ws/install/vm_vln_msgs/share/vm_vln_msgs/environment/path.sh
[0.245s] -- Up-to-date: /home/anhnt298/Downloads/SpatialStack_RxR/ros2_ws/install/vm_vln_msgs/share/vm_vln_msgs/environment/path.dsv
[0.245s] -- Up-to-date: /home/anhnt298/Downloads/SpatialStack_RxR/ros2_ws/install/vm_vln_msgs/share/vm_vln_msgs/local_setup.bash
[0.245s] -- Up-to-date: /home/anhnt298/Downloads/SpatialStack_RxR/ros2_ws/install/vm_vln_msgs/share/vm_vln_msgs/local_setup.sh
[0.245s] -- Up-to-date: /home/anhnt298/Downloads/SpatialStack_RxR/ros2_ws/install/vm_vln_msgs/share/vm_vln_msgs/local_setup.zsh
[0.245s] -- Up-to-date: /home/anhnt298/Downloads/SpatialStack_RxR/ros2_ws/install/vm_vln_msgs/share/vm_vln_msgs/local_setup.dsv
[0.245s] -- Installing: /home/anhnt298/Downloads/SpatialStack_RxR/ros2_ws/install/vm_vln_msgs/share/vm_vln_msgs/package.dsv
[0.245s] -- Up-to-date: /home/anhnt298/Downloads/SpatialStack_RxR/ros2_ws/install/vm_vln_msgs/share/ament_index/resource_index/packages/vm_vln_msgs
[0.245s] -- Up-to-date: /home/anhnt298/Downloads/SpatialStack_RxR/ros2_ws/install/vm_vln_msgs/share/vm_vln_msgs/cmake/export_vm_vln_msgs__rosidl_generator_cExport.cmake
[0.245s] -- Up-to-date: /home/anhnt298/Downloads/SpatialStack_RxR/ros2_ws/install/vm_vln_msgs/share/vm_vln_msgs/cmake/export_vm_vln_msgs__rosidl_generator_cExport-noconfig.cmake
[0.245s] -- Up-to-date: /home/anhnt298/Downloads/SpatialStack_RxR/ros2_ws/install/vm_vln_msgs/share/vm_vln_msgs/cmake/export_vm_vln_msgs__rosidl_typesupport_fastrtps_cExport.cmake
[0.245s] -- Up-to-date: /home/anhnt298/Downloads/SpatialStack_RxR/ros2_ws/install/vm_vln_msgs/share/vm_vln_msgs/cmake/export_vm_vln_msgs__rosidl_typesupport_fastrtps_cExport-noconfig.cmake
[0.245s] -- Up-to-date: /home/anhnt298/Downloads/SpatialStack_RxR/ros2_ws/install/vm_vln_msgs/share/vm_vln_msgs/cmake/export_vm_vln_msgs__rosidl_generator_cppExport.cmake
[0.245s] -- Up-to-date: /home/anhnt298/Downloads/SpatialStack_RxR/ros2_ws/install/vm_vln_msgs/share/vm_vln_msgs/cmake/export_vm_vln_msgs__rosidl_typesupport_fastrtps_cppExport.cmake
[0.245s] -- Up-to-date: /home/anhnt298/Downloads/SpatialStack_RxR/ros2_ws/install/vm_vln_msgs/share/vm_vln_msgs/cmake/export_vm_vln_msgs__rosidl_typesupport_fastrtps_cppExport-noconfig.cmake
[0.245s] -- Up-to-date: /home/anhnt298/Downloads/SpatialStack_RxR/ros2_ws/install/vm_vln_msgs/share/vm_vln_msgs/cmake/vm_vln_msgs__rosidl_typesupport_introspection_cExport.cmake
[0.245s] -- Up-to-date: /home/anhnt298/Downloads/SpatialStack_RxR/ros2_ws/install/vm_vln_msgs/share/vm_vln_msgs/cmake/vm_vln_msgs__rosidl_typesupport_introspection_cExport-noconfig.cmake
[0.245s] -- Up-to-date: /home/anhnt298/Downloads/SpatialStack_RxR/ros2_ws/install/vm_vln_msgs/share/vm_vln_msgs/cmake/vm_vln_msgs__rosidl_typesupport_cExport.cmake
[0.246s] -- Up-to-date: /home/anhnt298/Downloads/SpatialStack_RxR/ros2_ws/install/vm_vln_msgs/share/vm_vln_msgs/cmake/vm_vln_msgs__rosidl_typesupport_cExport-noconfig.cmake
[0.246s] -- Up-to-date: /home/anhnt298/Downloads/SpatialStack_RxR/ros2_ws/install/vm_vln_msgs/share/vm_vln_msgs/cmake/vm_vln_msgs__rosidl_typesupport_introspection_cppExport.cmake
[0.246s] -- Up-to-date: /home/anhnt298/Downloads/SpatialStack_RxR/ros2_ws/install/vm_vln_msgs/share/vm_vln_msgs/cmake/vm_vln_msgs__rosidl_typesupport_introspection_cppExport-noconfig.cmake
[0.246s] -- Up-to-date: /home/anhnt298/Downloads/SpatialStack_RxR/ros2_ws/install/vm_vln_msgs/share/vm_vln_msgs/cmake/vm_vln_msgs__rosidl_typesupport_cppExport.cmake
[0.246s] -- Up-to-date: /home/anhnt298/Downloads/SpatialStack_RxR/ros2_ws/install/vm_vln_msgs/share/vm_vln_msgs/cmake/vm_vln_msgs__rosidl_typesupport_cppExport-noconfig.cmake
[0.246s] -- Up-to-date: /home/anhnt298/Downloads/SpatialStack_RxR/ros2_ws/install/vm_vln_msgs/share/vm_vln_msgs/cmake/export_vm_vln_msgs__rosidl_generator_pyExport.cmake
[0.246s] -- Up-to-date: /home/anhnt298/Downloads/SpatialStack_RxR/ros2_ws/install/vm_vln_msgs/share/vm_vln_msgs/cmake/export_vm_vln_msgs__rosidl_generator_pyExport-noconfig.cmake
[0.246s] -- Up-to-date: /home/anhnt298/Downloads/SpatialStack_RxR/ros2_ws/install/vm_vln_msgs/share/vm_vln_msgs/cmake/rosidl_cmake-extras.cmake
[0.246s] -- Up-to-date: /home/anhnt298/Downloads/SpatialStack_RxR/ros2_ws/install/vm_vln_msgs/share/vm_vln_msgs/cmake/ament_cmake_export_dependencies-extras.cmake
[0.246s] -- Up-to-date: /home/anhnt298/Downloads/SpatialStack_RxR/ros2_ws/install/vm_vln_msgs/share/vm_vln_msgs/cmake/ament_cmake_export_include_directories-extras.cmake
[0.246s] -- Up-to-date: /home/anhnt298/Downloads/SpatialStack_RxR/ros2_ws/install/vm_vln_msgs/share/vm_vln_msgs/cmake/ament_cmake_export_libraries-extras.cmake
[0.246s] -- Up-to-date: /home/anhnt298/Downloads/SpatialStack_RxR/ros2_ws/install/vm_vln_msgs/share/vm_vln_msgs/cmake/ament_cmake_export_targets-extras.cmake
[0.246s] -- Up-to-date: /home/anhnt298/Downloads/SpatialStack_RxR/ros2_ws/install/vm_vln_msgs/share/vm_vln_msgs/cmake/rosidl_cmake_export_typesupport_targets-extras.cmake
[0.246s] -- Up-to-date: /home/anhnt298/Downloads/SpatialStack_RxR/ros2_ws/install/vm_vln_msgs/share/vm_vln_msgs/cmake/rosidl_cmake_export_typesupport_libraries-extras.cmake
[0.246s] -- Up-to-date: /home/anhnt298/Downloads/SpatialStack_RxR/ros2_ws/install/vm_vln_msgs/share/vm_vln_msgs/cmake/vm_vln_msgsConfig.cmake
[0.246s] -- Up-to-date: /home/anhnt298/Downloads/SpatialStack_RxR/ros2_ws/install/vm_vln_msgs/share/vm_vln_msgs/cmake/vm_vln_msgsConfig-version.cmake
[0.246s] -- Up-to-date: /home/anhnt298/Downloads/SpatialStack_RxR/ros2_ws/install/vm_vln_msgs/share/vm_vln_msgs/package.xml
[0.247s] Invoked command in '/home/anhnt298/Downloads/SpatialStack_RxR/ros2_ws/build/vm_vln_msgs' returned '0': CMAKE_PREFIX_PATH=/opt/ros/humble /usr/bin/cmake --install /home/anhnt298/Downloads/SpatialStack_RxR/ros2_ws/build/vm_vln_msgs
