[0.009s] Invoking command in '/home/anhnt298/Downloads/SpatialStack_RxR/ros2_ws/build/ros2_inference_model': AMENT_PREFIX_PATH=/home/anhnt298/Downloads/SpatialStack_RxR/ros2_ws/install/vm_vln_msgs:${AMENT_PREFIX_PATH} CMAKE_PREFIX_PATH=/home/anhnt298/Downloads/SpatialStack_RxR/ros2_ws/install/vm_vln_msgs:/opt/ros/humble LD_LIBRARY_PATH=/home/anhnt298/Downloads/SpatialStack_RxR/ros2_ws/install/vm_vln_msgs/lib:/opt/ros/humble/opt/zenoh_cpp_vendor/lib:/opt/ros/humble/opt/rviz_ogre_vendor/lib:/opt/ros/humble/lib/x86_64-linux-gnu:/opt/ros/humble/lib:/usr/local/cuda-12.8/lib64 PYTHONPATH=/home/anhnt298/Downloads/SpatialStack_RxR/ros2_ws/install/vm_vln_msgs/local/lib/python3.10/dist-packages:${PYTHONPATH} /usr/bin/cmake /home/anhnt298/Downloads/SpatialStack_RxR/ros2_ws/src/ros2_inference_model -DCMAKE_INSTALL_PREFIX=/home/anhnt298/Downloads/SpatialStack_RxR/ros2_ws/install/ros2_inference_model
[0.039s] -- The C compiler identification is GNU 11.4.0
[0.068s] -- The CXX compiler identification is GNU 11.4.0
[0.072s] -- Detecting C compiler ABI info
[0.117s] -- Detecting C compiler ABI info - done
[0.119s] -- Check for working C compiler: /usr/bin/cc - skipped
[0.119s] -- Detecting C compile features
[0.119s] -- Detecting C compile features - done
[0.120s] -- Detecting CXX compiler ABI info
[0.172s] -- Detecting CXX compiler ABI info - done
[0.175s] -- Check for working CXX compiler: /usr/bin/c++ - skipped
[0.175s] -- Detecting CXX compile features
[0.176s] -- Detecting CXX compile features - done
[0.179s] -- Found ament_cmake: 1.3.14 (/opt/ros/humble/share/ament_cmake/cmake)
[0.253s] -- Found Python3: /usr/bin/python3 (found version "3.10.12") found components: Interpreter 
[0.293s] -- Found rclcpp: 16.0.19 (/opt/ros/humble/share/rclcpp/cmake)
[0.311s] -- Found rosidl_generator_c: 3.1.8 (/opt/ros/humble/share/rosidl_generator_c/cmake)
[0.313s] -- Found rosidl_adapter: 3.1.8 (/opt/ros/humble/share/rosidl_adapter/cmake)
[0.316s] -- Found rosidl_generator_cpp: 3.1.8 (/opt/ros/humble/share/rosidl_generator_cpp/cmake)
[0.321s] -- Using all available rosidl_typesupport_c: rosidl_typesupport_fastrtps_c;rosidl_typesupport_introspection_c
[0.328s] -- Using all available rosidl_typesupport_cpp: rosidl_typesupport_fastrtps_cpp;rosidl_typesupport_introspection_cpp
[0.345s] -- Found rmw_implementation_cmake: 6.1.2 (/opt/ros/humble/share/rmw_implementation_cmake/cmake)
[0.347s] -- Found rmw_cyclonedds_cpp: 1.3.4 (/opt/ros/humble/share/rmw_cyclonedds_cpp/cmake)
[0.355s] -- Using RMW implementation 'rmw_cyclonedds_cpp' as default
[0.359s] -- Looking for pthread.h
[0.406s] -- Looking for pthread.h - found
[0.406s] -- Performing Test CMAKE_HAVE_LIBC_PTHREAD
[0.450s] -- Performing Test CMAKE_HAVE_LIBC_PTHREAD - Success
[0.450s] -- Found Threads: TRUE  
[0.472s] -- Found rclpy: 3.3.21 (/opt/ros/humble/share/rclpy/cmake)
[0.513s] -- Found ament_lint_auto: 0.12.15 (/opt/ros/humble/share/ament_lint_auto/cmake)
[0.549s] -- Added test 'cppcheck' to perform static code analysis on C / C++ code
[0.549s] -- Configured cppcheck include dirs: 
[0.549s] -- Configured cppcheck exclude dirs and/or files: 
[0.549s] -- Added test 'flake8' to check Python code syntax and style conventions
[0.549s] -- Added test 'lint_cmake' to check CMake code style
[0.550s] -- Added test 'pep257' to check Python code against some of the docstring style conventions in PEP 257
[0.550s] -- Added test 'uncrustify' to check C / C++ code style
[0.550s] -- Configured uncrustify additional arguments: 
[0.551s] -- Added test 'xmllint' to check XML markup files
[0.551s] -- Configuring done
[0.557s] -- Generating done
[0.559s] -- Build files have been written to: /home/anhnt298/Downloads/SpatialStack_RxR/ros2_ws/build/ros2_inference_model
[0.564s] Invoked command in '/home/anhnt298/Downloads/SpatialStack_RxR/ros2_ws/build/ros2_inference_model' returned '0': AMENT_PREFIX_PATH=/home/anhnt298/Downloads/SpatialStack_RxR/ros2_ws/install/vm_vln_msgs:${AMENT_PREFIX_PATH} CMAKE_PREFIX_PATH=/home/anhnt298/Downloads/SpatialStack_RxR/ros2_ws/install/vm_vln_msgs:/opt/ros/humble LD_LIBRARY_PATH=/home/anhnt298/Downloads/SpatialStack_RxR/ros2_ws/install/vm_vln_msgs/lib:/opt/ros/humble/opt/zenoh_cpp_vendor/lib:/opt/ros/humble/opt/rviz_ogre_vendor/lib:/opt/ros/humble/lib/x86_64-linux-gnu:/opt/ros/humble/lib:/usr/local/cuda-12.8/lib64 PYTHONPATH=/home/anhnt298/Downloads/SpatialStack_RxR/ros2_ws/install/vm_vln_msgs/local/lib/python3.10/dist-packages:${PYTHONPATH} /usr/bin/cmake /home/anhnt298/Downloads/SpatialStack_RxR/ros2_ws/src/ros2_inference_model -DCMAKE_INSTALL_PREFIX=/home/anhnt298/Downloads/SpatialStack_RxR/ros2_ws/install/ros2_inference_model
[0.565s] Invoking command in '/home/anhnt298/Downloads/SpatialStack_RxR/ros2_ws/build/ros2_inference_model': AMENT_PREFIX_PATH=/home/anhnt298/Downloads/SpatialStack_RxR/ros2_ws/install/vm_vln_msgs:${AMENT_PREFIX_PATH} CMAKE_PREFIX_PATH=/home/anhnt298/Downloads/SpatialStack_RxR/ros2_ws/install/vm_vln_msgs:/opt/ros/humble LD_LIBRARY_PATH=/home/anhnt298/Downloads/SpatialStack_RxR/ros2_ws/install/vm_vln_msgs/lib:/opt/ros/humble/opt/zenoh_cpp_vendor/lib:/opt/ros/humble/opt/rviz_ogre_vendor/lib:/opt/ros/humble/lib/x86_64-linux-gnu:/opt/ros/humble/lib:/usr/local/cuda-12.8/lib64 PYTHONPATH=/home/anhnt298/Downloads/SpatialStack_RxR/ros2_ws/install/vm_vln_msgs/local/lib/python3.10/dist-packages:${PYTHONPATH} /usr/bin/cmake --build /home/anhnt298/Downloads/SpatialStack_RxR/ros2_ws/build/ros2_inference_model -- -j24 -l24
[0.597s] [ 50%] Building CXX object CMakeFiles/set_instruction_node.dir/src/set_instruction_node.cpp.o
[0.603s] [ 50%] Built target ament_cmake_python_copy_ros2_inference_model
[0.716s] running egg_info
[0.717s] creating ros2_inference_model.egg-info
[0.717s] writing ros2_inference_model.egg-info/PKG-INFO
[0.717s] writing dependency_links to ros2_inference_model.egg-info/dependency_links.txt
[0.717s] writing top-level names to ros2_inference_model.egg-info/top_level.txt
[0.717s] writing manifest file 'ros2_inference_model.egg-info/SOURCES.txt'
[0.718s] reading manifest file 'ros2_inference_model.egg-info/SOURCES.txt'
[0.718s] writing manifest file 'ros2_inference_model.egg-info/SOURCES.txt'
[0.733s] [ 50%] Built target ament_cmake_python_build_ros2_inference_model_egg
[4.087s] [100%] Linking CXX executable set_instruction_node
[4.273s] [100%] Built target set_instruction_node
[4.283s] Invoked command in '/home/anhnt298/Downloads/SpatialStack_RxR/ros2_ws/build/ros2_inference_model' returned '0': AMENT_PREFIX_PATH=/home/anhnt298/Downloads/SpatialStack_RxR/ros2_ws/install/vm_vln_msgs:${AMENT_PREFIX_PATH} CMAKE_PREFIX_PATH=/home/anhnt298/Downloads/SpatialStack_RxR/ros2_ws/install/vm_vln_msgs:/opt/ros/humble LD_LIBRARY_PATH=/home/anhnt298/Downloads/SpatialStack_RxR/ros2_ws/install/vm_vln_msgs/lib:/opt/ros/humble/opt/zenoh_cpp_vendor/lib:/opt/ros/humble/opt/rviz_ogre_vendor/lib:/opt/ros/humble/lib/x86_64-linux-gnu:/opt/ros/humble/lib:/usr/local/cuda-12.8/lib64 PYTHONPATH=/home/anhnt298/Downloads/SpatialStack_RxR/ros2_ws/install/vm_vln_msgs/local/lib/python3.10/dist-packages:${PYTHONPATH} /usr/bin/cmake --build /home/anhnt298/Downloads/SpatialStack_RxR/ros2_ws/build/ros2_inference_model -- -j24 -l24
[4.283s] Invoking command in '/home/anhnt298/Downloads/SpatialStack_RxR/ros2_ws/build/ros2_inference_model': AMENT_PREFIX_PATH=/home/anhnt298/Downloads/SpatialStack_RxR/ros2_ws/install/vm_vln_msgs:${AMENT_PREFIX_PATH} CMAKE_PREFIX_PATH=/home/anhnt298/Downloads/SpatialStack_RxR/ros2_ws/install/vm_vln_msgs:/opt/ros/humble LD_LIBRARY_PATH=/home/anhnt298/Downloads/SpatialStack_RxR/ros2_ws/install/vm_vln_msgs/lib:/opt/ros/humble/opt/zenoh_cpp_vendor/lib:/opt/ros/humble/opt/rviz_ogre_vendor/lib:/opt/ros/humble/lib/x86_64-linux-gnu:/opt/ros/humble/lib:/usr/local/cuda-12.8/lib64 PYTHONPATH=/home/anhnt298/Downloads/SpatialStack_RxR/ros2_ws/install/vm_vln_msgs/local/lib/python3.10/dist-packages:${PYTHONPATH} /usr/bin/cmake --install /home/anhnt298/Downloads/SpatialStack_RxR/ros2_ws/build/ros2_inference_model
[4.289s] -- Install configuration: ""
[4.289s] -- Installing: /home/anhnt298/Downloads/SpatialStack_RxR/ros2_ws/install/ros2_inference_model/lib/ros2_inference_model/set_instruction_node
[4.289s] -- Set runtime path of "/home/anhnt298/Downloads/SpatialStack_RxR/ros2_ws/install/ros2_inference_model/lib/ros2_inference_model/set_instruction_node" to ""
[4.289s] -- Installing: /home/anhnt298/Downloads/SpatialStack_RxR/ros2_ws/install/ros2_inference_model/share/ros2_inference_model/environment/pythonpath.sh
[4.289s] -- Installing: /home/anhnt298/Downloads/SpatialStack_RxR/ros2_ws/install/ros2_inference_model/share/ros2_inference_model/environment/pythonpath.dsv
[4.289s] -- Installing: /home/anhnt298/Downloads/SpatialStack_RxR/ros2_ws/install/ros2_inference_model/local/lib/python3.10/dist-packages/ros2_inference_model-0.0.0-py3.10.egg-info
[4.289s] -- Installing: /home/anhnt298/Downloads/SpatialStack_RxR/ros2_ws/install/ros2_inference_model/local/lib/python3.10/dist-packages/ros2_inference_model-0.0.0-py3.10.egg-info/PKG-INFO
[4.290s] -- Installing: /home/anhnt298/Downloads/SpatialStack_RxR/ros2_ws/install/ros2_inference_model/local/lib/python3.10/dist-packages/ros2_inference_model-0.0.0-py3.10.egg-info/dependency_links.txt
[4.290s] -- Installing: /home/anhnt298/Downloads/SpatialStack_RxR/ros2_ws/install/ros2_inference_model/local/lib/python3.10/dist-packages/ros2_inference_model-0.0.0-py3.10.egg-info/top_level.txt
[4.290s] -- Installing: /home/anhnt298/Downloads/SpatialStack_RxR/ros2_ws/install/ros2_inference_model/local/lib/python3.10/dist-packages/ros2_inference_model-0.0.0-py3.10.egg-info/SOURCES.txt
[4.290s] -- Installing: /home/anhnt298/Downloads/SpatialStack_RxR/ros2_ws/install/ros2_inference_model/local/lib/python3.10/dist-packages/ros2_inference_model
[4.290s] -- Installing: /home/anhnt298/Downloads/SpatialStack_RxR/ros2_ws/install/ros2_inference_model/local/lib/python3.10/dist-packages/ros2_inference_model/__init__.py
[4.307s] Listing '/home/anhnt298/Downloads/SpatialStack_RxR/ros2_ws/install/ros2_inference_model/local/lib/python3.10/dist-packages/ros2_inference_model'...
[4.307s] Compiling '/home/anhnt298/Downloads/SpatialStack_RxR/ros2_ws/install/ros2_inference_model/local/lib/python3.10/dist-packages/ros2_inference_model/__init__.py'...
[4.309s] -- Installing: /home/anhnt298/Downloads/SpatialStack_RxR/ros2_ws/install/ros2_inference_model/lib/ros2_inference_model/inference_node.py
[4.309s] -- Installing: /home/anhnt298/Downloads/SpatialStack_RxR/ros2_ws/install/ros2_inference_model/share/ros2_inference_model/config
[4.309s] -- Installing: /home/anhnt298/Downloads/SpatialStack_RxR/ros2_ws/install/ros2_inference_model/share/ros2_inference_model/config/inference.yaml
[4.309s] -- Installing: /home/anhnt298/Downloads/SpatialStack_RxR/ros2_ws/install/ros2_inference_model/share/ament_index/resource_index/package_run_dependencies/ros2_inference_model
[4.309s] -- Installing: /home/anhnt298/Downloads/SpatialStack_RxR/ros2_ws/install/ros2_inference_model/share/ament_index/resource_index/parent_prefix_path/ros2_inference_model
[4.309s] -- Installing: /home/anhnt298/Downloads/SpatialStack_RxR/ros2_ws/install/ros2_inference_model/share/ros2_inference_model/environment/ament_prefix_path.sh
[4.310s] -- Installing: /home/anhnt298/Downloads/SpatialStack_RxR/ros2_ws/install/ros2_inference_model/share/ros2_inference_model/environment/ament_prefix_path.dsv
[4.310s] -- Installing: /home/anhnt298/Downloads/SpatialStack_RxR/ros2_ws/install/ros2_inference_model/share/ros2_inference_model/environment/path.sh
[4.310s] -- Installing: /home/anhnt298/Downloads/SpatialStack_RxR/ros2_ws/install/ros2_inference_model/share/ros2_inference_model/environment/path.dsv
[4.310s] -- Installing: /home/anhnt298/Downloads/SpatialStack_RxR/ros2_ws/install/ros2_inference_model/share/ros2_inference_model/local_setup.bash
[4.310s] -- Installing: /home/anhnt298/Downloads/SpatialStack_RxR/ros2_ws/install/ros2_inference_model/share/ros2_inference_model/local_setup.sh
[4.311s] -- Installing: /home/anhnt298/Downloads/SpatialStack_RxR/ros2_ws/install/ros2_inference_model/share/ros2_inference_model/local_setup.zsh
[4.311s] -- Installing: /home/anhnt298/Downloads/SpatialStack_RxR/ros2_ws/install/ros2_inference_model/share/ros2_inference_model/local_setup.dsv
[4.311s] -- Installing: /home/anhnt298/Downloads/SpatialStack_RxR/ros2_ws/install/ros2_inference_model/share/ros2_inference_model/package.dsv
[4.311s] -- Installing: /home/anhnt298/Downloads/SpatialStack_RxR/ros2_ws/install/ros2_inference_model/share/ament_index/resource_index/packages/ros2_inference_model
[4.311s] -- Installing: /home/anhnt298/Downloads/SpatialStack_RxR/ros2_ws/install/ros2_inference_model/share/ros2_inference_model/cmake/ros2_inference_modelConfig.cmake
[4.311s] -- Installing: /home/anhnt298/Downloads/SpatialStack_RxR/ros2_ws/install/ros2_inference_model/share/ros2_inference_model/cmake/ros2_inference_modelConfig-version.cmake
[4.311s] -- Installing: /home/anhnt298/Downloads/SpatialStack_RxR/ros2_ws/install/ros2_inference_model/share/ros2_inference_model/package.xml
[4.312s] Invoked command in '/home/anhnt298/Downloads/SpatialStack_RxR/ros2_ws/build/ros2_inference_model' returned '0': AMENT_PREFIX_PATH=/home/anhnt298/Downloads/SpatialStack_RxR/ros2_ws/install/vm_vln_msgs:${AMENT_PREFIX_PATH} CMAKE_PREFIX_PATH=/home/anhnt298/Downloads/SpatialStack_RxR/ros2_ws/install/vm_vln_msgs:/opt/ros/humble LD_LIBRARY_PATH=/home/anhnt298/Downloads/SpatialStack_RxR/ros2_ws/install/vm_vln_msgs/lib:/opt/ros/humble/opt/zenoh_cpp_vendor/lib:/opt/ros/humble/opt/rviz_ogre_vendor/lib:/opt/ros/humble/lib/x86_64-linux-gnu:/opt/ros/humble/lib:/usr/local/cuda-12.8/lib64 PYTHONPATH=/home/anhnt298/Downloads/SpatialStack_RxR/ros2_ws/install/vm_vln_msgs/local/lib/python3.10/dist-packages:${PYTHONPATH} /usr/bin/cmake --install /home/anhnt298/Downloads/SpatialStack_RxR/ros2_ws/build/ros2_inference_model
