-- The C compiler identification is GNU 11.4.0
-- The CXX compiler identification is GNU 11.4.0
-- Detecting C compiler ABI info
-- Detecting C compiler ABI info - done
-- Check for working C compiler: /usr/bin/cc - skipped
-- Detecting C compile features
-- Detecting C compile features - done
-- Detecting CXX compiler ABI info
-- Detecting CXX compiler ABI info - done
-- Check for working CXX compiler: /usr/bin/c++ - skipped
-- Detecting CXX compile features
-- Detecting CXX compile features - done
-- Found ament_cmake: 1.3.14 (/opt/ros/humble/share/ament_cmake/cmake)
-- Found Python3: /usr/bin/python3 (found version "3.10.12") found components: Interpreter 
-- Found rclcpp: 16.0.19 (/opt/ros/humble/share/rclcpp/cmake)
-- Found rosidl_generator_c: 3.1.8 (/opt/ros/humble/share/rosidl_generator_c/cmake)
-- Found rosidl_adapter: 3.1.8 (/opt/ros/humble/share/rosidl_adapter/cmake)
-- Found rosidl_generator_cpp: 3.1.8 (/opt/ros/humble/share/rosidl_generator_cpp/cmake)
-- Using all available rosidl_typesupport_c: rosidl_typesupport_fastrtps_c;rosidl_typesupport_introspection_c
-- Using all available rosidl_typesupport_cpp: rosidl_typesupport_fastrtps_cpp;rosidl_typesupport_introspection_cpp
-- Found rmw_implementation_cmake: 6.1.2 (/opt/ros/humble/share/rmw_implementation_cmake/cmake)
-- Found rmw_cyclonedds_cpp: 1.3.4 (/opt/ros/humble/share/rmw_cyclonedds_cpp/cmake)
-- Using RMW implementation 'rmw_cyclonedds_cpp' as default
-- Looking for pthread.h
-- Looking for pthread.h - found
-- Performing Test CMAKE_HAVE_LIBC_PTHREAD
-- Performing Test CMAKE_HAVE_LIBC_PTHREAD - Success
-- Found Threads: TRUE  
-- Found rclpy: 3.3.21 (/opt/ros/humble/share/rclpy/cmake)
-- Found rosidl_default_generators: 1.2.1 (/opt/ros/humble/share/rosidl_default_generators/cmake)
-- Found nav_msgs: 4.9.1 (/opt/ros/humble/share/nav_msgs/cmake)
-- Found sensor_msgs: 4.9.1 (/opt/ros/humble/share/sensor_msgs/cmake)
-- Found ament_cmake_ros: 0.10.0 (/opt/ros/humble/share/ament_cmake_ros/cmake)
-- Using all available rosidl_typesupport_c: rosidl_typesupport_fastrtps_c;rosidl_typesupport_introspection_c
-- Using all available rosidl_typesupport_cpp: rosidl_typesupport_fastrtps_cpp;rosidl_typesupport_introspection_cpp
-- Found PythonInterp: /usr/bin/python3 (found suitable version "3.10.12", minimum required is "3.6") 
-- Found python_cmake_module: 0.10.0 (/opt/ros/humble/share/python_cmake_module/cmake)
-- Found PythonLibs: /usr/lib/x86_64-linux-gnu/libpython3.10.so (found suitable version "3.10.12", minimum required is "3.5") 
-- Using PYTHON_EXECUTABLE: /usr/bin/python3
-- Using PYTHON_INCLUDE_DIRS: /usr/include/python3.10
-- Using PYTHON_LIBRARIES: /usr/lib/x86_64-linux-gnu/libpython3.10.so
-- Found PythonExtra: .so  
-- Configuring done
-- Generating done
-- Build files have been written to: /home/anhnt298/Downloads/SpatialStack_RxR/ros2_ws/build/vm_vln_msgs
[  3%] Generating C code for ROS interfaces
[  9%] Generating Rust code for ROS interfaces
[  9%] Generating C++ code for ROS interfaces
[  9%] Built target ament_cmake_python_copy_vm_vln_msgs
[  9%] Built target vm_vln_msgs__rs
[ 12%] Building C object CMakeFiles/vm_vln_msgs__rosidl_generator_c.dir/rosidl_generator_c/vm_vln_msgs/msg/detail/vln_hybrid_output__functions.c.o
running egg_info
creating vm_vln_msgs.egg-info
writing vm_vln_msgs.egg-info/PKG-INFO
writing dependency_links to vm_vln_msgs.egg-info/dependency_links.txt
writing top-level names to vm_vln_msgs.egg-info/top_level.txt
writing manifest file 'vm_vln_msgs.egg-info/SOURCES.txt'
reading manifest file 'vm_vln_msgs.egg-info/SOURCES.txt'
writing manifest file 'vm_vln_msgs.egg-info/SOURCES.txt'
[ 12%] Built target vm_vln_msgs__cpp
[ 15%] Generating C++ type support for eProsima Fast-RTPS
[ 18%] Generating C++ type support dispatch for ROS interfaces
[ 21%] Generating C++ introspection for ROS interfaces
[ 21%] Built target ament_cmake_python_build_vm_vln_msgs_egg
[ 25%] Linking C shared library libvm_vln_msgs__rosidl_generator_c.so
[ 25%] Built target vm_vln_msgs__rosidl_generator_c
[ 34%] Generating C type support dispatch for ROS interfaces
[ 31%] Generating C introspection for ROS interfaces
[ 34%] Generating C type support for eProsima Fast-RTPS
[ 37%] Building CXX object CMakeFiles/vm_vln_msgs__rosidl_typesupport_cpp.dir/rosidl_typesupport_cpp/vm_vln_msgs/msg/vln_hybrid_output__type_support.cpp.o
[ 40%] Building CXX object CMakeFiles/vm_vln_msgs__rosidl_typesupport_fastrtps_cpp.dir/rosidl_typesupport_fastrtps_cpp/vm_vln_msgs/msg/detail/dds_fastrtps/vln_hybrid_output__type_support.cpp.o
[ 43%] Building CXX object CMakeFiles/vm_vln_msgs__rosidl_typesupport_introspection_cpp.dir/rosidl_typesupport_introspection_cpp/vm_vln_msgs/msg/detail/vln_hybrid_output__type_support.cpp.o
[ 46%] Building CXX object CMakeFiles/vm_vln_msgs__rosidl_typesupport_c.dir/rosidl_typesupport_c/vm_vln_msgs/msg/vln_hybrid_output__type_support.cpp.o
[ 50%] Building CXX object CMakeFiles/vm_vln_msgs__rosidl_typesupport_fastrtps_c.dir/rosidl_typesupport_fastrtps_c/vm_vln_msgs/msg/detail/vln_hybrid_output__type_support_c.cpp.o
[ 53%] Building C object CMakeFiles/vm_vln_msgs__rosidl_typesupport_introspection_c.dir/rosidl_typesupport_introspection_c/vm_vln_msgs/msg/detail/vln_hybrid_output__type_support.c.o
[ 56%] Linking CXX shared library libvm_vln_msgs__rosidl_typesupport_c.so
[ 59%] Linking C shared library libvm_vln_msgs__rosidl_typesupport_introspection_c.so
[ 59%] Built target vm_vln_msgs__rosidl_typesupport_c
[ 59%] Built target vm_vln_msgs__rosidl_typesupport_introspection_c
[ 62%] Linking CXX shared library libvm_vln_msgs__rosidl_typesupport_cpp.so
[ 62%] Built target vm_vln_msgs__rosidl_typesupport_cpp
[ 65%] Linking CXX shared library libvm_vln_msgs__rosidl_typesupport_fastrtps_cpp.so
[ 68%] Linking CXX shared library libvm_vln_msgs__rosidl_typesupport_introspection_cpp.so
[ 71%] Linking CXX shared library libvm_vln_msgs__rosidl_typesupport_fastrtps_c.so
[ 71%] Built target vm_vln_msgs__rosidl_typesupport_fastrtps_cpp
[ 71%] Built target vm_vln_msgs__rosidl_typesupport_introspection_cpp
[ 71%] Built target vm_vln_msgs__rosidl_typesupport_fastrtps_c
[ 71%] Built target vm_vln_msgs
[ 75%] Generating Python code for ROS interfaces
[ 75%] Built target vm_vln_msgs__py
[ 78%] Building C object CMakeFiles/vm_vln_msgs__rosidl_generator_py.dir/rosidl_generator_py/vm_vln_msgs/msg/_vln_hybrid_output_s.c.o
[ 81%] Linking C shared library rosidl_generator_py/vm_vln_msgs/libvm_vln_msgs__rosidl_generator_py.so
[ 81%] Built target vm_vln_msgs__rosidl_generator_py
[ 84%] Building C object CMakeFiles/vm_vln_msgs__rosidl_typesupport_c__pyext.dir/rosidl_generator_py/vm_vln_msgs/_vm_vln_msgs_s.ep.rosidl_typesupport_c.c.o
[ 90%] Building C object CMakeFiles/vm_vln_msgs__rosidl_typesupport_fastrtps_c__pyext.dir/rosidl_generator_py/vm_vln_msgs/_vm_vln_msgs_s.ep.rosidl_typesupport_fastrtps_c.c.o
[ 90%] Building C object CMakeFiles/vm_vln_msgs__rosidl_typesupport_introspection_c__pyext.dir/rosidl_generator_py/vm_vln_msgs/_vm_vln_msgs_s.ep.rosidl_typesupport_introspection_c.c.o
[ 93%] Linking C shared library rosidl_generator_py/vm_vln_msgs/vm_vln_msgs_s__rosidl_typesupport_c.cpython-310-x86_64-linux-gnu.so
[ 96%] Linking C shared library rosidl_generator_py/vm_vln_msgs/vm_vln_msgs_s__rosidl_typesupport_fastrtps_c.cpython-310-x86_64-linux-gnu.so
[100%] Linking C shared library rosidl_generator_py/vm_vln_msgs/vm_vln_msgs_s__rosidl_typesupport_introspection_c.cpython-310-x86_64-linux-gnu.so
[100%] Built target vm_vln_msgs__rosidl_typesupport_c__pyext
[100%] Built target vm_vln_msgs__rosidl_typesupport_fastrtps_c__pyext
[100%] Built target vm_vln_msgs__rosidl_typesupport_introspection_c__pyext
-- Install configuration: ""
-- Installing: /home/anhnt298/Downloads/SpatialStack_RxR/ros2_ws/install/vm_vln_msgs/share/ament_index/resource_index/rosidl_interfaces/vm_vln_msgs
-- Installing: /home/anhnt298/Downloads/SpatialStack_RxR/ros2_ws/install/vm_vln_msgs/include/vm_vln_msgs/vm_vln_msgs
-- Installing: /home/anhnt298/Downloads/SpatialStack_RxR/ros2_ws/install/vm_vln_msgs/include/vm_vln_msgs/vm_vln_msgs/msg
-- Installing: /home/anhnt298/Downloads/SpatialStack_RxR/ros2_ws/install/vm_vln_msgs/include/vm_vln_msgs/vm_vln_msgs/msg/detail
-- Installing: /home/anhnt298/Downloads/SpatialStack_RxR/ros2_ws/install/vm_vln_msgs/include/vm_vln_msgs/vm_vln_msgs/msg/detail/vln_hybrid_output__struct.h
-- Installing: /home/anhnt298/Downloads/SpatialStack_RxR/ros2_ws/install/vm_vln_msgs/include/vm_vln_msgs/vm_vln_msgs/msg/detail/vln_hybrid_output__type_support.h
-- Installing: /home/anhnt298/Downloads/SpatialStack_RxR/ros2_ws/install/vm_vln_msgs/include/vm_vln_msgs/vm_vln_msgs/msg/detail/vln_hybrid_output__functions.c
-- Installing: /home/anhnt298/Downloads/SpatialStack_RxR/ros2_ws/install/vm_vln_msgs/include/vm_vln_msgs/vm_vln_msgs/msg/detail/vln_hybrid_output__functions.h
-- Installing: /home/anhnt298/Downloads/SpatialStack_RxR/ros2_ws/install/vm_vln_msgs/include/vm_vln_msgs/vm_vln_msgs/msg/rosidl_generator_c__visibility_control.h
-- Installing: /home/anhnt298/Downloads/SpatialStack_RxR/ros2_ws/install/vm_vln_msgs/include/vm_vln_msgs/vm_vln_msgs/msg/vln_hybrid_output.h
-- Installing: /home/anhnt298/Downloads/SpatialStack_RxR/ros2_ws/install/vm_vln_msgs/share/vm_vln_msgs/environment/library_path.sh
-- Installing: /home/anhnt298/Downloads/SpatialStack_RxR/ros2_ws/install/vm_vln_msgs/share/vm_vln_msgs/environment/library_path.dsv
-- Installing: /home/anhnt298/Downloads/SpatialStack_RxR/ros2_ws/install/vm_vln_msgs/lib/libvm_vln_msgs__rosidl_generator_c.so
-- Set runtime path of "/home/anhnt298/Downloads/SpatialStack_RxR/ros2_ws/install/vm_vln_msgs/lib/libvm_vln_msgs__rosidl_generator_c.so" to ""
-- Up-to-date: /home/anhnt298/Downloads/SpatialStack_RxR/ros2_ws/install/vm_vln_msgs/include/vm_vln_msgs/vm_vln_msgs
-- Up-to-date: /home/anhnt298/Downloads/SpatialStack_RxR/ros2_ws/install/vm_vln_msgs/include/vm_vln_msgs/vm_vln_msgs/msg
-- Up-to-date: /home/anhnt298/Downloads/SpatialStack_RxR/ros2_ws/install/vm_vln_msgs/include/vm_vln_msgs/vm_vln_msgs/msg/detail
-- Installing: /home/anhnt298/Downloads/SpatialStack_RxR/ros2_ws/install/vm_vln_msgs/include/vm_vln_msgs/vm_vln_msgs/msg/detail/vln_hybrid_output__rosidl_typesupport_fastrtps_c.h
-- Installing: /home/anhnt298/Downloads/SpatialStack_RxR/ros2_ws/install/vm_vln_msgs/include/vm_vln_msgs/vm_vln_msgs/msg/rosidl_typesupport_fastrtps_c__visibility_control.h
-- Installing: /home/anhnt298/Downloads/SpatialStack_RxR/ros2_ws/install/vm_vln_msgs/lib/libvm_vln_msgs__rosidl_typesupport_fastrtps_c.so
-- Set runtime path of "/home/anhnt298/Downloads/SpatialStack_RxR/ros2_ws/install/vm_vln_msgs/lib/libvm_vln_msgs__rosidl_typesupport_fastrtps_c.so" to ""
-- Up-to-date: /home/anhnt298/Downloads/SpatialStack_RxR/ros2_ws/install/vm_vln_msgs/include/vm_vln_msgs/vm_vln_msgs
-- Up-to-date: /home/anhnt298/Downloads/SpatialStack_RxR/ros2_ws/install/vm_vln_msgs/include/vm_vln_msgs/vm_vln_msgs/msg
-- Up-to-date: /home/anhnt298/Downloads/SpatialStack_RxR/ros2_ws/install/vm_vln_msgs/include/vm_vln_msgs/vm_vln_msgs/msg/detail
-- Installing: /home/anhnt298/Downloads/SpatialStack_RxR/ros2_ws/install/vm_vln_msgs/include/vm_vln_msgs/vm_vln_msgs/msg/detail/vln_hybrid_output__struct.hpp
-- Installing: /home/anhnt298/Downloads/SpatialStack_RxR/ros2_ws/install/vm_vln_msgs/include/vm_vln_msgs/vm_vln_msgs/msg/detail/vln_hybrid_output__traits.hpp
-- Installing: /home/anhnt298/Downloads/SpatialStack_RxR/ros2_ws/install/vm_vln_msgs/include/vm_vln_msgs/vm_vln_msgs/msg/detail/vln_hybrid_output__type_support.hpp
-- Installing: /home/anhnt298/Downloads/SpatialStack_RxR/ros2_ws/install/vm_vln_msgs/include/vm_vln_msgs/vm_vln_msgs/msg/detail/vln_hybrid_output__builder.hpp
-- Installing: /home/anhnt298/Downloads/SpatialStack_RxR/ros2_ws/install/vm_vln_msgs/include/vm_vln_msgs/vm_vln_msgs/msg/rosidl_generator_cpp__visibility_control.hpp
-- Installing: /home/anhnt298/Downloads/SpatialStack_RxR/ros2_ws/install/vm_vln_msgs/include/vm_vln_msgs/vm_vln_msgs/msg/vln_hybrid_output.hpp
-- Up-to-date: /home/anhnt298/Downloads/SpatialStack_RxR/ros2_ws/install/vm_vln_msgs/include/vm_vln_msgs/vm_vln_msgs
-- Up-to-date: /home/anhnt298/Downloads/SpatialStack_RxR/ros2_ws/install/vm_vln_msgs/include/vm_vln_msgs/vm_vln_msgs/msg
-- Up-to-date: /home/anhnt298/Downloads/SpatialStack_RxR/ros2_ws/install/vm_vln_msgs/include/vm_vln_msgs/vm_vln_msgs/msg/detail
-- Installing: /home/anhnt298/Downloads/SpatialStack_RxR/ros2_ws/install/vm_vln_msgs/include/vm_vln_msgs/vm_vln_msgs/msg/detail/dds_fastrtps
-- Installing: /home/anhnt298/Downloads/SpatialStack_RxR/ros2_ws/install/vm_vln_msgs/include/vm_vln_msgs/vm_vln_msgs/msg/detail/vln_hybrid_output__rosidl_typesupport_fastrtps_cpp.hpp
-- Installing: /home/anhnt298/Downloads/SpatialStack_RxR/ros2_ws/install/vm_vln_msgs/include/vm_vln_msgs/vm_vln_msgs/msg/rosidl_typesupport_fastrtps_cpp__visibility_control.h
-- Installing: /home/anhnt298/Downloads/SpatialStack_RxR/ros2_ws/install/vm_vln_msgs/lib/libvm_vln_msgs__rosidl_typesupport_fastrtps_cpp.so
-- Set runtime path of "/home/anhnt298/Downloads/SpatialStack_RxR/ros2_ws/install/vm_vln_msgs/lib/libvm_vln_msgs__rosidl_typesupport_fastrtps_cpp.so" to ""
-- Up-to-date: /home/anhnt298/Downloads/SpatialStack_RxR/ros2_ws/install/vm_vln_msgs/include/vm_vln_msgs/vm_vln_msgs
-- Up-to-date: /home/anhnt298/Downloads/SpatialStack_RxR/ros2_ws/install/vm_vln_msgs/include/vm_vln_msgs/vm_vln_msgs/msg
-- Up-to-date: /home/anhnt298/Downloads/SpatialStack_RxR/ros2_ws/install/vm_vln_msgs/include/vm_vln_msgs/vm_vln_msgs/msg/detail
-- Installing: /home/anhnt298/Downloads/SpatialStack_RxR/ros2_ws/install/vm_vln_msgs/include/vm_vln_msgs/vm_vln_msgs/msg/detail/vln_hybrid_output__rosidl_typesupport_introspection_c.h
-- Installing: /home/anhnt298/Downloads/SpatialStack_RxR/ros2_ws/install/vm_vln_msgs/include/vm_vln_msgs/vm_vln_msgs/msg/detail/vln_hybrid_output__type_support.c
-- Installing: /home/anhnt298/Downloads/SpatialStack_RxR/ros2_ws/install/vm_vln_msgs/include/vm_vln_msgs/vm_vln_msgs/msg/rosidl_typesupport_introspection_c__visibility_control.h
-- Installing: /home/anhnt298/Downloads/SpatialStack_RxR/ros2_ws/install/vm_vln_msgs/lib/libvm_vln_msgs__rosidl_typesupport_introspection_c.so
-- Set runtime path of "/home/anhnt298/Downloads/SpatialStack_RxR/ros2_ws/install/vm_vln_msgs/lib/libvm_vln_msgs__rosidl_typesupport_introspection_c.so" to ""
-- Installing: /home/anhnt298/Downloads/SpatialStack_RxR/ros2_ws/install/vm_vln_msgs/lib/libvm_vln_msgs__rosidl_typesupport_c.so
-- Set runtime path of "/home/anhnt298/Downloads/SpatialStack_RxR/ros2_ws/install/vm_vln_msgs/lib/libvm_vln_msgs__rosidl_typesupport_c.so" to ""
-- Up-to-date: /home/anhnt298/Downloads/SpatialStack_RxR/ros2_ws/install/vm_vln_msgs/include/vm_vln_msgs/vm_vln_msgs
-- Up-to-date: /home/anhnt298/Downloads/SpatialStack_RxR/ros2_ws/install/vm_vln_msgs/include/vm_vln_msgs/vm_vln_msgs/msg
-- Up-to-date: /home/anhnt298/Downloads/SpatialStack_RxR/ros2_ws/install/vm_vln_msgs/include/vm_vln_msgs/vm_vln_msgs/msg/detail
-- Installing: /home/anhnt298/Downloads/SpatialStack_RxR/ros2_ws/install/vm_vln_msgs/include/vm_vln_msgs/vm_vln_msgs/msg/detail/vln_hybrid_output__rosidl_typesupport_introspection_cpp.hpp
-- Installing: /home/anhnt298/Downloads/SpatialStack_RxR/ros2_ws/install/vm_vln_msgs/include/vm_vln_msgs/vm_vln_msgs/msg/detail/vln_hybrid_output__type_support.cpp
-- Installing: /home/anhnt298/Downloads/SpatialStack_RxR/ros2_ws/install/vm_vln_msgs/lib/libvm_vln_msgs__rosidl_typesupport_introspection_cpp.so
-- Set runtime path of "/home/anhnt298/Downloads/SpatialStack_RxR/ros2_ws/install/vm_vln_msgs/lib/libvm_vln_msgs__rosidl_typesupport_introspection_cpp.so" to ""
-- Installing: /home/anhnt298/Downloads/SpatialStack_RxR/ros2_ws/install/vm_vln_msgs/lib/libvm_vln_msgs__rosidl_typesupport_cpp.so
-- Set runtime path of "/home/anhnt298/Downloads/SpatialStack_RxR/ros2_ws/install/vm_vln_msgs/lib/libvm_vln_msgs__rosidl_typesupport_cpp.so" to ""
-- Installing: /home/anhnt298/Downloads/SpatialStack_RxR/ros2_ws/install/vm_vln_msgs/share/vm_vln_msgs/environment/pythonpath.sh
-- Installing: /home/anhnt298/Downloads/SpatialStack_RxR/ros2_ws/install/vm_vln_msgs/share/vm_vln_msgs/environment/pythonpath.dsv
-- Installing: /home/anhnt298/Downloads/SpatialStack_RxR/ros2_ws/install/vm_vln_msgs/local/lib/python3.10/dist-packages/vm_vln_msgs-0.0.0-py3.10.egg-info
-- Installing: /home/anhnt298/Downloads/SpatialStack_RxR/ros2_ws/install/vm_vln_msgs/local/lib/python3.10/dist-packages/vm_vln_msgs-0.0.0-py3.10.egg-info/PKG-INFO
-- Installing: /home/anhnt298/Downloads/SpatialStack_RxR/ros2_ws/install/vm_vln_msgs/local/lib/python3.10/dist-packages/vm_vln_msgs-0.0.0-py3.10.egg-info/dependency_links.txt
-- Installing: /home/anhnt298/Downloads/SpatialStack_RxR/ros2_ws/install/vm_vln_msgs/local/lib/python3.10/dist-packages/vm_vln_msgs-0.0.0-py3.10.egg-info/top_level.txt
-- Installing: /home/anhnt298/Downloads/SpatialStack_RxR/ros2_ws/install/vm_vln_msgs/local/lib/python3.10/dist-packages/vm_vln_msgs-0.0.0-py3.10.egg-info/SOURCES.txt
-- Installing: /home/anhnt298/Downloads/SpatialStack_RxR/ros2_ws/install/vm_vln_msgs/local/lib/python3.10/dist-packages/vm_vln_msgs
-- Installing: /home/anhnt298/Downloads/SpatialStack_RxR/ros2_ws/install/vm_vln_msgs/local/lib/python3.10/dist-packages/vm_vln_msgs/msg
-- Installing: /home/anhnt298/Downloads/SpatialStack_RxR/ros2_ws/install/vm_vln_msgs/local/lib/python3.10/dist-packages/vm_vln_msgs/msg/_vln_hybrid_output_s.c
-- Installing: /home/anhnt298/Downloads/SpatialStack_RxR/ros2_ws/install/vm_vln_msgs/local/lib/python3.10/dist-packages/vm_vln_msgs/msg/_vln_hybrid_output.py
-- Installing: /home/anhnt298/Downloads/SpatialStack_RxR/ros2_ws/install/vm_vln_msgs/local/lib/python3.10/dist-packages/vm_vln_msgs/msg/__init__.py
-- Installing: /home/anhnt298/Downloads/SpatialStack_RxR/ros2_ws/install/vm_vln_msgs/local/lib/python3.10/dist-packages/vm_vln_msgs/vm_vln_msgs_s__rosidl_typesupport_c.cpython-310-x86_64-linux-gnu.so
-- Installing: /home/anhnt298/Downloads/SpatialStack_RxR/ros2_ws/install/vm_vln_msgs/local/lib/python3.10/dist-packages/vm_vln_msgs/libvm_vln_msgs__rosidl_generator_py.so
-- Installing: /home/anhnt298/Downloads/SpatialStack_RxR/ros2_ws/install/vm_vln_msgs/local/lib/python3.10/dist-packages/vm_vln_msgs/__init__.py
-- Installing: /home/anhnt298/Downloads/SpatialStack_RxR/ros2_ws/install/vm_vln_msgs/local/lib/python3.10/dist-packages/vm_vln_msgs/_vm_vln_msgs_s.ep.rosidl_typesupport_introspection_c.c
-- Installing: /home/anhnt298/Downloads/SpatialStack_RxR/ros2_ws/install/vm_vln_msgs/local/lib/python3.10/dist-packages/vm_vln_msgs/_vm_vln_msgs_s.ep.rosidl_typesupport_c.c
-- Installing: /home/anhnt298/Downloads/SpatialStack_RxR/ros2_ws/install/vm_vln_msgs/local/lib/python3.10/dist-packages/vm_vln_msgs/vm_vln_msgs_s__rosidl_typesupport_introspection_c.cpython-310-x86_64-linux-gnu.so
-- Installing: /home/anhnt298/Downloads/SpatialStack_RxR/ros2_ws/install/vm_vln_msgs/local/lib/python3.10/dist-packages/vm_vln_msgs/_vm_vln_msgs_s.ep.rosidl_typesupport_fastrtps_c.c
-- Installing: /home/anhnt298/Downloads/SpatialStack_RxR/ros2_ws/install/vm_vln_msgs/local/lib/python3.10/dist-packages/vm_vln_msgs/vm_vln_msgs_s__rosidl_typesupport_fastrtps_c.cpython-310-x86_64-linux-gnu.so
Listing '/home/anhnt298/Downloads/SpatialStack_RxR/ros2_ws/install/vm_vln_msgs/local/lib/python3.10/dist-packages/vm_vln_msgs'...
Compiling '/home/anhnt298/Downloads/SpatialStack_RxR/ros2_ws/install/vm_vln_msgs/local/lib/python3.10/dist-packages/vm_vln_msgs/__init__.py'...
Listing '/home/anhnt298/Downloads/SpatialStack_RxR/ros2_ws/install/vm_vln_msgs/local/lib/python3.10/dist-packages/vm_vln_msgs/msg'...
Compiling '/home/anhnt298/Downloads/SpatialStack_RxR/ros2_ws/install/vm_vln_msgs/local/lib/python3.10/dist-packages/vm_vln_msgs/msg/__init__.py'...
Compiling '/home/anhnt298/Downloads/SpatialStack_RxR/ros2_ws/install/vm_vln_msgs/local/lib/python3.10/dist-packages/vm_vln_msgs/msg/_vln_hybrid_output.py'...
-- Installing: /home/anhnt298/Downloads/SpatialStack_RxR/ros2_ws/install/vm_vln_msgs/local/lib/python3.10/dist-packages/vm_vln_msgs/vm_vln_msgs_s__rosidl_typesupport_fastrtps_c.cpython-310-x86_64-linux-gnu.so
-- Set runtime path of "/home/anhnt298/Downloads/SpatialStack_RxR/ros2_ws/install/vm_vln_msgs/local/lib/python3.10/dist-packages/vm_vln_msgs/vm_vln_msgs_s__rosidl_typesupport_fastrtps_c.cpython-310-x86_64-linux-gnu.so" to ""
-- Installing: /home/anhnt298/Downloads/SpatialStack_RxR/ros2_ws/install/vm_vln_msgs/local/lib/python3.10/dist-packages/vm_vln_msgs/vm_vln_msgs_s__rosidl_typesupport_introspection_c.cpython-310-x86_64-linux-gnu.so
-- Set runtime path of "/home/anhnt298/Downloads/SpatialStack_RxR/ros2_ws/install/vm_vln_msgs/local/lib/python3.10/dist-packages/vm_vln_msgs/vm_vln_msgs_s__rosidl_typesupport_introspection_c.cpython-310-x86_64-linux-gnu.so" to ""
-- Installing: /home/anhnt298/Downloads/SpatialStack_RxR/ros2_ws/install/vm_vln_msgs/local/lib/python3.10/dist-packages/vm_vln_msgs/vm_vln_msgs_s__rosidl_typesupport_c.cpython-310-x86_64-linux-gnu.so
-- Set runtime path of "/home/anhnt298/Downloads/SpatialStack_RxR/ros2_ws/install/vm_vln_msgs/local/lib/python3.10/dist-packages/vm_vln_msgs/vm_vln_msgs_s__rosidl_typesupport_c.cpython-310-x86_64-linux-gnu.so" to ""
-- Installing: /home/anhnt298/Downloads/SpatialStack_RxR/ros2_ws/install/vm_vln_msgs/lib/libvm_vln_msgs__rosidl_generator_py.so
-- Set runtime path of "/home/anhnt298/Downloads/SpatialStack_RxR/ros2_ws/install/vm_vln_msgs/lib/libvm_vln_msgs__rosidl_generator_py.so" to ""
-- Installing: /home/anhnt298/Downloads/SpatialStack_RxR/ros2_ws/install/vm_vln_msgs/share/ament_index/resource_index/rust_packages/vm_vln_msgs
-- Installing: /home/anhnt298/Downloads/SpatialStack_RxR/ros2_ws/install/vm_vln_msgs/share/vm_vln_msgs/rust
-- Installing: /home/anhnt298/Downloads/SpatialStack_RxR/ros2_ws/install/vm_vln_msgs/share/vm_vln_msgs/rust/Cargo.toml
-- Installing: /home/anhnt298/Downloads/SpatialStack_RxR/ros2_ws/install/vm_vln_msgs/share/vm_vln_msgs/rust/src
-- Installing: /home/anhnt298/Downloads/SpatialStack_RxR/ros2_ws/install/vm_vln_msgs/share/vm_vln_msgs/rust/src/msg.rs
-- Installing: /home/anhnt298/Downloads/SpatialStack_RxR/ros2_ws/install/vm_vln_msgs/share/vm_vln_msgs/rust/src/msg
-- Installing: /home/anhnt298/Downloads/SpatialStack_RxR/ros2_ws/install/vm_vln_msgs/share/vm_vln_msgs/rust/src/msg/rmw.rs
-- Installing: /home/anhnt298/Downloads/SpatialStack_RxR/ros2_ws/install/vm_vln_msgs/share/vm_vln_msgs/rust/src/lib.rs
-- Installing: /home/anhnt298/Downloads/SpatialStack_RxR/ros2_ws/install/vm_vln_msgs/share/vm_vln_msgs/rust/build.rs
-- Installing: /home/anhnt298/Downloads/SpatialStack_RxR/ros2_ws/install/vm_vln_msgs/share/vm_vln_msgs/msg/VlnHybridOutput.idl
-- Installing: /home/anhnt298/Downloads/SpatialStack_RxR/ros2_ws/install/vm_vln_msgs/share/vm_vln_msgs/msg/VlnHybridOutput.msg
-- Installing: /home/anhnt298/Downloads/SpatialStack_RxR/ros2_ws/install/vm_vln_msgs/share/ament_index/resource_index/package_run_dependencies/vm_vln_msgs
-- Installing: /home/anhnt298/Downloads/SpatialStack_RxR/ros2_ws/install/vm_vln_msgs/share/ament_index/resource_index/parent_prefix_path/vm_vln_msgs
-- Installing: /home/anhnt298/Downloads/SpatialStack_RxR/ros2_ws/install/vm_vln_msgs/share/vm_vln_msgs/environment/ament_prefix_path.sh
-- Installing: /home/anhnt298/Downloads/SpatialStack_RxR/ros2_ws/install/vm_vln_msgs/share/vm_vln_msgs/environment/ament_prefix_path.dsv
-- Installing: /home/anhnt298/Downloads/SpatialStack_RxR/ros2_ws/install/vm_vln_msgs/share/vm_vln_msgs/environment/path.sh
-- Installing: /home/anhnt298/Downloads/SpatialStack_RxR/ros2_ws/install/vm_vln_msgs/share/vm_vln_msgs/environment/path.dsv
-- Installing: /home/anhnt298/Downloads/SpatialStack_RxR/ros2_ws/install/vm_vln_msgs/share/vm_vln_msgs/local_setup.bash
-- Installing: /home/anhnt298/Downloads/SpatialStack_RxR/ros2_ws/install/vm_vln_msgs/share/vm_vln_msgs/local_setup.sh
-- Installing: /home/anhnt298/Downloads/SpatialStack_RxR/ros2_ws/install/vm_vln_msgs/share/vm_vln_msgs/local_setup.zsh
-- Installing: /home/anhnt298/Downloads/SpatialStack_RxR/ros2_ws/install/vm_vln_msgs/share/vm_vln_msgs/local_setup.dsv
-- Installing: /home/anhnt298/Downloads/SpatialStack_RxR/ros2_ws/install/vm_vln_msgs/share/vm_vln_msgs/package.dsv
-- Installing: /home/anhnt298/Downloads/SpatialStack_RxR/ros2_ws/install/vm_vln_msgs/share/ament_index/resource_index/packages/vm_vln_msgs
-- Installing: /home/anhnt298/Downloads/SpatialStack_RxR/ros2_ws/install/vm_vln_msgs/share/vm_vln_msgs/cmake/export_vm_vln_msgs__rosidl_generator_cExport.cmake
-- Installing: /home/anhnt298/Downloads/SpatialStack_RxR/ros2_ws/install/vm_vln_msgs/share/vm_vln_msgs/cmake/export_vm_vln_msgs__rosidl_generator_cExport-noconfig.cmake
-- Installing: /home/anhnt298/Downloads/SpatialStack_RxR/ros2_ws/install/vm_vln_msgs/share/vm_vln_msgs/cmake/export_vm_vln_msgs__rosidl_typesupport_fastrtps_cExport.cmake
-- Installing: /home/anhnt298/Downloads/SpatialStack_RxR/ros2_ws/install/vm_vln_msgs/share/vm_vln_msgs/cmake/export_vm_vln_msgs__rosidl_typesupport_fastrtps_cExport-noconfig.cmake
-- Installing: /home/anhnt298/Downloads/SpatialStack_RxR/ros2_ws/install/vm_vln_msgs/share/vm_vln_msgs/cmake/export_vm_vln_msgs__rosidl_generator_cppExport.cmake
-- Installing: /home/anhnt298/Downloads/SpatialStack_RxR/ros2_ws/install/vm_vln_msgs/share/vm_vln_msgs/cmake/export_vm_vln_msgs__rosidl_typesupport_fastrtps_cppExport.cmake
-- Installing: /home/anhnt298/Downloads/SpatialStack_RxR/ros2_ws/install/vm_vln_msgs/share/vm_vln_msgs/cmake/export_vm_vln_msgs__rosidl_typesupport_fastrtps_cppExport-noconfig.cmake
-- Installing: /home/anhnt298/Downloads/SpatialStack_RxR/ros2_ws/install/vm_vln_msgs/share/vm_vln_msgs/cmake/vm_vln_msgs__rosidl_typesupport_introspection_cExport.cmake
-- Installing: /home/anhnt298/Downloads/SpatialStack_RxR/ros2_ws/install/vm_vln_msgs/share/vm_vln_msgs/cmake/vm_vln_msgs__rosidl_typesupport_introspection_cExport-noconfig.cmake
-- Installing: /home/anhnt298/Downloads/SpatialStack_RxR/ros2_ws/install/vm_vln_msgs/share/vm_vln_msgs/cmake/vm_vln_msgs__rosidl_typesupport_cExport.cmake
-- Installing: /home/anhnt298/Downloads/SpatialStack_RxR/ros2_ws/install/vm_vln_msgs/share/vm_vln_msgs/cmake/vm_vln_msgs__rosidl_typesupport_cExport-noconfig.cmake
-- Installing: /home/anhnt298/Downloads/SpatialStack_RxR/ros2_ws/install/vm_vln_msgs/share/vm_vln_msgs/cmake/vm_vln_msgs__rosidl_typesupport_introspection_cppExport.cmake
-- Installing: /home/anhnt298/Downloads/SpatialStack_RxR/ros2_ws/install/vm_vln_msgs/share/vm_vln_msgs/cmake/vm_vln_msgs__rosidl_typesupport_introspection_cppExport-noconfig.cmake
-- Installing: /home/anhnt298/Downloads/SpatialStack_RxR/ros2_ws/install/vm_vln_msgs/share/vm_vln_msgs/cmake/vm_vln_msgs__rosidl_typesupport_cppExport.cmake
-- Installing: /home/anhnt298/Downloads/SpatialStack_RxR/ros2_ws/install/vm_vln_msgs/share/vm_vln_msgs/cmake/vm_vln_msgs__rosidl_typesupport_cppExport-noconfig.cmake
-- Installing: /home/anhnt298/Downloads/SpatialStack_RxR/ros2_ws/install/vm_vln_msgs/share/vm_vln_msgs/cmake/export_vm_vln_msgs__rosidl_generator_pyExport.cmake
-- Installing: /home/anhnt298/Downloads/SpatialStack_RxR/ros2_ws/install/vm_vln_msgs/share/vm_vln_msgs/cmake/export_vm_vln_msgs__rosidl_generator_pyExport-noconfig.cmake
-- Installing: /home/anhnt298/Downloads/SpatialStack_RxR/ros2_ws/install/vm_vln_msgs/share/vm_vln_msgs/cmake/rosidl_cmake-extras.cmake
-- Installing: /home/anhnt298/Downloads/SpatialStack_RxR/ros2_ws/install/vm_vln_msgs/share/vm_vln_msgs/cmake/ament_cmake_export_dependencies-extras.cmake
-- Installing: /home/anhnt298/Downloads/SpatialStack_RxR/ros2_ws/install/vm_vln_msgs/share/vm_vln_msgs/cmake/ament_cmake_export_include_directories-extras.cmake
-- Installing: /home/anhnt298/Downloads/SpatialStack_RxR/ros2_ws/install/vm_vln_msgs/share/vm_vln_msgs/cmake/ament_cmake_export_libraries-extras.cmake
-- Installing: /home/anhnt298/Downloads/SpatialStack_RxR/ros2_ws/install/vm_vln_msgs/share/vm_vln_msgs/cmake/ament_cmake_export_targets-extras.cmake
-- Installing: /home/anhnt298/Downloads/SpatialStack_RxR/ros2_ws/install/vm_vln_msgs/share/vm_vln_msgs/cmake/rosidl_cmake_export_typesupport_targets-extras.cmake
-- Installing: /home/anhnt298/Downloads/SpatialStack_RxR/ros2_ws/install/vm_vln_msgs/share/vm_vln_msgs/cmake/rosidl_cmake_export_typesupport_libraries-extras.cmake
-- Installing: /home/anhnt298/Downloads/SpatialStack_RxR/ros2_ws/install/vm_vln_msgs/share/vm_vln_msgs/cmake/vm_vln_msgsConfig.cmake
-- Installing: /home/anhnt298/Downloads/SpatialStack_RxR/ros2_ws/install/vm_vln_msgs/share/vm_vln_msgs/cmake/vm_vln_msgsConfig-version.cmake
-- Installing: /home/anhnt298/Downloads/SpatialStack_RxR/ros2_ws/install/vm_vln_msgs/share/vm_vln_msgs/package.xml
