[0.005s] Invoking command in '/home/anhnt298/Downloads/SpatialStack_RxR/ros2_ws/build/vm_vln_msgs': CMAKE_PREFIX_PATH=/opt/ros/humble /usr/bin/cmake /home/anhnt298/Downloads/SpatialStack_RxR/ros2_ws/src/vm_vln_msgs -DCMAKE_INSTALL_PREFIX=/home/anhnt298/Downloads/SpatialStack_RxR/ros2_ws/install/vm_vln_msgs
[0.069s] -- The C compiler identification is GNU 11.4.0
[0.128s] -- The CXX compiler identification is GNU 11.4.0
[0.133s] -- Detecting C compiler ABI info
[0.183s] -- Detecting C compiler ABI info - done
[0.186s] -- Check for working C compiler: /usr/bin/cc - skipped
[0.186s] -- Detecting C compile features
[0.186s] -- Detecting C compile features - done
[0.188s] -- Detecting CXX compiler ABI info
[0.245s] -- Detecting CXX compiler ABI info - done
[0.248s] -- Check for working CXX compiler: /usr/bin/c++ - skipped
[0.248s] -- Detecting CXX compile features
[0.248s] -- Detecting CXX compile features - done
[0.250s] -- Found ament_cmake: 1.3.14 (/opt/ros/humble/share/ament_cmake/cmake)
[0.326s] -- Found Python3: /usr/bin/python3 (found version "3.10.12") found components: Interpreter 
[0.369s] -- Found rclcpp: 16.0.19 (/opt/ros/humble/share/rclcpp/cmake)
[0.388s] -- Found rosidl_generator_c: 3.1.8 (/opt/ros/humble/share/rosidl_generator_c/cmake)
[0.389s] -- Found rosidl_adapter: 3.1.8 (/opt/ros/humble/share/rosidl_adapter/cmake)
[0.392s] -- Found rosidl_generator_cpp: 3.1.8 (/opt/ros/humble/share/rosidl_generator_cpp/cmake)
[0.397s] -- Using all available rosidl_typesupport_c: rosidl_typesupport_fastrtps_c;rosidl_typesupport_introspection_c
[0.403s] -- Using all available rosidl_typesupport_cpp: rosidl_typesupport_fastrtps_cpp;rosidl_typesupport_introspection_cpp
[0.420s] -- Found rmw_implementation_cmake: 6.1.2 (/opt/ros/humble/share/rmw_implementation_cmake/cmake)
[0.421s] -- Found rmw_cyclonedds_cpp: 1.3.4 (/opt/ros/humble/share/rmw_cyclonedds_cpp/cmake)
[0.430s] -- Using RMW implementation 'rmw_cyclonedds_cpp' as default
[0.433s] -- Looking for pthread.h
[0.482s] -- Looking for pthread.h - found
[0.482s] -- Performing Test CMAKE_HAVE_LIBC_PTHREAD
[0.531s] -- Performing Test CMAKE_HAVE_LIBC_PTHREAD - Success
[0.531s] -- Found Threads: TRUE  
[0.553s] -- Found rclpy: 3.3.21 (/opt/ros/humble/share/rclpy/cmake)
[0.553s] -- Found rosidl_default_generators: 1.2.1 (/opt/ros/humble/share/rosidl_default_generators/cmake)
[0.559s] -- Found nav_msgs: 4.9.1 (/opt/ros/humble/share/nav_msgs/cmake)
[0.571s] -- Found sensor_msgs: 4.9.1 (/opt/ros/humble/share/sensor_msgs/cmake)
[0.727s] -- Found ament_cmake_ros: 0.10.0 (/opt/ros/humble/share/ament_cmake_ros/cmake)
[0.979s] -- Using all available rosidl_typesupport_c: rosidl_typesupport_fastrtps_c;rosidl_typesupport_introspection_c
[1.077s] -- Using all available rosidl_typesupport_cpp: rosidl_typesupport_fastrtps_cpp;rosidl_typesupport_introspection_cpp
[1.088s] -- Found PythonInterp: /usr/bin/python3 (found suitable version "3.10.12", minimum required is "3.6") 
[1.089s] -- Found python_cmake_module: 0.10.0 (/opt/ros/humble/share/python_cmake_module/cmake)
[1.103s] -- Found PythonLibs: /usr/lib/x86_64-linux-gnu/libpython3.10.so (found suitable version "3.10.12", minimum required is "3.5") 
[1.103s] -- Using PYTHON_EXECUTABLE: /usr/bin/python3
[1.103s] -- Using PYTHON_INCLUDE_DIRS: /usr/include/python3.10
[1.103s] -- Using PYTHON_LIBRARIES: /usr/lib/x86_64-linux-gnu/libpython3.10.so
[1.114s] -- Found PythonExtra: .so  
[1.204s] -- Configuring done
[1.228s] -- Generating done
[1.235s] -- Build files have been written to: /home/anhnt298/Downloads/SpatialStack_RxR/ros2_ws/build/vm_vln_msgs
[1.243s] Invoked command in '/home/anhnt298/Downloads/SpatialStack_RxR/ros2_ws/build/vm_vln_msgs' returned '0': CMAKE_PREFIX_PATH=/opt/ros/humble /usr/bin/cmake /home/anhnt298/Downloads/SpatialStack_RxR/ros2_ws/src/vm_vln_msgs -DCMAKE_INSTALL_PREFIX=/home/anhnt298/Downloads/SpatialStack_RxR/ros2_ws/install/vm_vln_msgs
[1.244s] Invoking command in '/home/anhnt298/Downloads/SpatialStack_RxR/ros2_ws/build/vm_vln_msgs': CMAKE_PREFIX_PATH=/opt/ros/humble /usr/bin/cmake --build /home/anhnt298/Downloads/SpatialStack_RxR/ros2_ws/build/vm_vln_msgs -- -j24 -l24
[1.272s] [  3%] Generating C code for ROS interfaces
[1.282s] [  9%] Generating Rust code for ROS interfaces
[1.282s] [  9%] Generating C++ code for ROS interfaces
[1.289s] [  9%] Built target ament_cmake_python_copy_vm_vln_msgs
[1.403s] [  9%] Built target vm_vln_msgs__rs
[1.403s] [ 12%] Building C object CMakeFiles/vm_vln_msgs__rosidl_generator_c.dir/rosidl_generator_c/vm_vln_msgs/msg/detail/vln_hybrid_output__functions.c.o
[1.405s] running egg_info
[1.406s] creating vm_vln_msgs.egg-info
[1.406s] writing vm_vln_msgs.egg-info/PKG-INFO
[1.406s] writing dependency_links to vm_vln_msgs.egg-info/dependency_links.txt
[1.406s] writing top-level names to vm_vln_msgs.egg-info/top_level.txt
[1.406s] writing manifest file 'vm_vln_msgs.egg-info/SOURCES.txt'
[1.407s] reading manifest file 'vm_vln_msgs.egg-info/SOURCES.txt'
[1.407s] writing manifest file 'vm_vln_msgs.egg-info/SOURCES.txt'
[1.410s] [ 12%] Built target vm_vln_msgs__cpp
[1.419s] [ 15%] Generating C++ type support for eProsima Fast-RTPS
[1.420s] [ 18%] Generating C++ type support dispatch for ROS interfaces
[1.420s] [ 21%] Generating C++ introspection for ROS interfaces
[1.424s] [ 21%] Built target ament_cmake_python_build_vm_vln_msgs_egg
[1.448s] [ 25%] Linking C shared library libvm_vln_msgs__rosidl_generator_c.so
[1.474s] [ 25%] Built target vm_vln_msgs__rosidl_generator_c
[1.483s] [ 34%] Generating C type support dispatch for ROS interfaces
[1.483s] [ 31%] Generating C introspection for ROS interfaces
[1.483s] [ 34%] Generating C type support for eProsima Fast-RTPS
[1.538s] [ 37%] Building CXX object CMakeFiles/vm_vln_msgs__rosidl_typesupport_cpp.dir/rosidl_typesupport_cpp/vm_vln_msgs/msg/vln_hybrid_output__type_support.cpp.o
[1.553s] [ 40%] Building CXX object CMakeFiles/vm_vln_msgs__rosidl_typesupport_fastrtps_cpp.dir/rosidl_typesupport_fastrtps_cpp/vm_vln_msgs/msg/detail/dds_fastrtps/vln_hybrid_output__type_support.cpp.o
[1.557s] [ 43%] Building CXX object CMakeFiles/vm_vln_msgs__rosidl_typesupport_introspection_cpp.dir/rosidl_typesupport_introspection_cpp/vm_vln_msgs/msg/detail/vln_hybrid_output__type_support.cpp.o
[1.599s] [ 46%] Building CXX object CMakeFiles/vm_vln_msgs__rosidl_typesupport_c.dir/rosidl_typesupport_c/vm_vln_msgs/msg/vln_hybrid_output__type_support.cpp.o
[1.614s] [ 50%] Building CXX object CMakeFiles/vm_vln_msgs__rosidl_typesupport_fastrtps_c.dir/rosidl_typesupport_fastrtps_c/vm_vln_msgs/msg/detail/vln_hybrid_output__type_support_c.cpp.o
[1.614s] [ 53%] Building C object CMakeFiles/vm_vln_msgs__rosidl_typesupport_introspection_c.dir/rosidl_typesupport_introspection_c/vm_vln_msgs/msg/detail/vln_hybrid_output__type_support.c.o
[1.623s] [ 56%] Linking CXX shared library libvm_vln_msgs__rosidl_typesupport_c.so
[1.641s] [ 59%] Linking C shared library libvm_vln_msgs__rosidl_typesupport_introspection_c.so
[1.656s] [ 59%] Built target vm_vln_msgs__rosidl_typesupport_c
[1.668s] [ 59%] Built target vm_vln_msgs__rosidl_typesupport_introspection_c
[1.673s] [ 62%] Linking CXX shared library libvm_vln_msgs__rosidl_typesupport_cpp.so
[1.703s] [ 62%] Built target vm_vln_msgs__rosidl_typesupport_cpp
[1.754s] [ 65%] Linking CXX shared library libvm_vln_msgs__rosidl_typesupport_fastrtps_cpp.so
[1.755s] [ 68%] Linking CXX shared library libvm_vln_msgs__rosidl_typesupport_introspection_cpp.so
[1.766s] [ 71%] Linking CXX shared library libvm_vln_msgs__rosidl_typesupport_fastrtps_c.so
[1.803s] [ 71%] Built target vm_vln_msgs__rosidl_typesupport_fastrtps_cpp
[1.803s] [ 71%] Built target vm_vln_msgs__rosidl_typesupport_introspection_cpp
[1.811s] [ 71%] Built target vm_vln_msgs__rosidl_typesupport_fastrtps_c
[1.824s] [ 71%] Built target vm_vln_msgs
[1.836s] [ 75%] Generating Python code for ROS interfaces
[1.984s] [ 75%] Built target vm_vln_msgs__py
[1.997s] [ 78%] Building C object CMakeFiles/vm_vln_msgs__rosidl_generator_py.dir/rosidl_generator_py/vm_vln_msgs/msg/_vln_hybrid_output_s.c.o
[2.053s] [ 81%] Linking C shared library rosidl_generator_py/vm_vln_msgs/libvm_vln_msgs__rosidl_generator_py.so
[2.078s] [ 81%] Built target vm_vln_msgs__rosidl_generator_py
[2.091s] [ 84%] Building C object CMakeFiles/vm_vln_msgs__rosidl_typesupport_c__pyext.dir/rosidl_generator_py/vm_vln_msgs/_vm_vln_msgs_s.ep.rosidl_typesupport_c.c.o
[2.092s] [ 90%] Building C object CMakeFiles/vm_vln_msgs__rosidl_typesupport_fastrtps_c__pyext.dir/rosidl_generator_py/vm_vln_msgs/_vm_vln_msgs_s.ep.rosidl_typesupport_fastrtps_c.c.o
[2.093s] [ 90%] Building C object CMakeFiles/vm_vln_msgs__rosidl_typesupport_introspection_c__pyext.dir/rosidl_generator_py/vm_vln_msgs/_vm_vln_msgs_s.ep.rosidl_typesupport_introspection_c.c.o
[2.145s] [ 93%] Linking C shared library rosidl_generator_py/vm_vln_msgs/vm_vln_msgs_s__rosidl_typesupport_c.cpython-310-x86_64-linux-gnu.so
[2.147s] [ 96%] Linking C shared library rosidl_generator_py/vm_vln_msgs/vm_vln_msgs_s__rosidl_typesupport_fastrtps_c.cpython-310-x86_64-linux-gnu.so
[2.148s] [100%] Linking C shared library rosidl_generator_py/vm_vln_msgs/vm_vln_msgs_s__rosidl_typesupport_introspection_c.cpython-310-x86_64-linux-gnu.so
[2.175s] [100%] Built target vm_vln_msgs__rosidl_typesupport_c__pyext
[2.179s] [100%] Built target vm_vln_msgs__rosidl_typesupport_fastrtps_c__pyext
[2.180s] [100%] Built target vm_vln_msgs__rosidl_typesupport_introspection_c__pyext
[2.187s] Invoked command in '/home/anhnt298/Downloads/SpatialStack_RxR/ros2_ws/build/vm_vln_msgs' returned '0': CMAKE_PREFIX_PATH=/opt/ros/humble /usr/bin/cmake --build /home/anhnt298/Downloads/SpatialStack_RxR/ros2_ws/build/vm_vln_msgs -- -j24 -l24
[2.193s] Invoking command in '/home/anhnt298/Downloads/SpatialStack_RxR/ros2_ws/build/vm_vln_msgs': CMAKE_PREFIX_PATH=/opt/ros/humble /usr/bin/cmake --install /home/anhnt298/Downloads/SpatialStack_RxR/ros2_ws/build/vm_vln_msgs
[2.198s] -- Install configuration: ""
[2.198s] -- Installing: /home/anhnt298/Downloads/SpatialStack_RxR/ros2_ws/install/vm_vln_msgs/share/ament_index/resource_index/rosidl_interfaces/vm_vln_msgs
[2.198s] -- Installing: /home/anhnt298/Downloads/SpatialStack_RxR/ros2_ws/install/vm_vln_msgs/include/vm_vln_msgs/vm_vln_msgs
[2.198s] -- Installing: /home/anhnt298/Downloads/SpatialStack_RxR/ros2_ws/install/vm_vln_msgs/include/vm_vln_msgs/vm_vln_msgs/msg
[2.199s] -- Installing: /home/anhnt298/Downloads/SpatialStack_RxR/ros2_ws/install/vm_vln_msgs/include/vm_vln_msgs/vm_vln_msgs/msg/detail
[2.199s] -- Installing: /home/anhnt298/Downloads/SpatialStack_RxR/ros2_ws/install/vm_vln_msgs/include/vm_vln_msgs/vm_vln_msgs/msg/detail/vln_hybrid_output__struct.h
[2.199s] -- Installing: /home/anhnt298/Downloads/SpatialStack_RxR/ros2_ws/install/vm_vln_msgs/include/vm_vln_msgs/vm_vln_msgs/msg/detail/vln_hybrid_output__type_support.h
[2.199s] -- Installing: /home/anhnt298/Downloads/SpatialStack_RxR/ros2_ws/install/vm_vln_msgs/include/vm_vln_msgs/vm_vln_msgs/msg/detail/vln_hybrid_output__functions.c
[2.199s] -- Installing: /home/anhnt298/Downloads/SpatialStack_RxR/ros2_ws/install/vm_vln_msgs/include/vm_vln_msgs/vm_vln_msgs/msg/detail/vln_hybrid_output__functions.h
[2.200s] -- Installing: /home/anhnt298/Downloads/SpatialStack_RxR/ros2_ws/install/vm_vln_msgs/include/vm_vln_msgs/vm_vln_msgs/msg/rosidl_generator_c__visibility_control.h
[2.200s] -- Installing: /home/anhnt298/Downloads/SpatialStack_RxR/ros2_ws/install/vm_vln_msgs/include/vm_vln_msgs/vm_vln_msgs/msg/vln_hybrid_output.h
[2.200s] -- Installing: /home/anhnt298/Downloads/SpatialStack_RxR/ros2_ws/install/vm_vln_msgs/share/vm_vln_msgs/environment/library_path.sh
[2.200s] -- Installing: /home/anhnt298/Downloads/SpatialStack_RxR/ros2_ws/install/vm_vln_msgs/share/vm_vln_msgs/environment/library_path.dsv
[2.201s] -- Installing: /home/anhnt298/Downloads/SpatialStack_RxR/ros2_ws/install/vm_vln_msgs/lib/libvm_vln_msgs__rosidl_generator_c.so
[2.201s] -- Set runtime path of "/home/anhnt298/Downloads/SpatialStack_RxR/ros2_ws/install/vm_vln_msgs/lib/libvm_vln_msgs__rosidl_generator_c.so" to ""
[2.202s] -- Up-to-date: /home/anhnt298/Downloads/SpatialStack_RxR/ros2_ws/install/vm_vln_msgs/include/vm_vln_msgs/vm_vln_msgs
[2.202s] -- Up-to-date: /home/anhnt298/Downloads/SpatialStack_RxR/ros2_ws/install/vm_vln_msgs/include/vm_vln_msgs/vm_vln_msgs/msg
[2.202s] -- Up-to-date: /home/anhnt298/Downloads/SpatialStack_RxR/ros2_ws/install/vm_vln_msgs/include/vm_vln_msgs/vm_vln_msgs/msg/detail
[2.202s] -- Installing: /home/anhnt298/Downloads/SpatialStack_RxR/ros2_ws/install/vm_vln_msgs/include/vm_vln_msgs/vm_vln_msgs/msg/detail/vln_hybrid_output__rosidl_typesupport_fastrtps_c.h
[2.202s] -- Installing: /home/anhnt298/Downloads/SpatialStack_RxR/ros2_ws/install/vm_vln_msgs/include/vm_vln_msgs/vm_vln_msgs/msg/rosidl_typesupport_fastrtps_c__visibility_control.h
[2.202s] -- Installing: /home/anhnt298/Downloads/SpatialStack_RxR/ros2_ws/install/vm_vln_msgs/lib/libvm_vln_msgs__rosidl_typesupport_fastrtps_c.so
[2.202s] -- Set runtime path of "/home/anhnt298/Downloads/SpatialStack_RxR/ros2_ws/install/vm_vln_msgs/lib/libvm_vln_msgs__rosidl_typesupport_fastrtps_c.so" to ""
[2.202s] -- Up-to-date: /home/anhnt298/Downloads/SpatialStack_RxR/ros2_ws/install/vm_vln_msgs/include/vm_vln_msgs/vm_vln_msgs
[2.202s] -- Up-to-date: /home/anhnt298/Downloads/SpatialStack_RxR/ros2_ws/install/vm_vln_msgs/include/vm_vln_msgs/vm_vln_msgs/msg
[2.202s] -- Up-to-date: /home/anhnt298/Downloads/SpatialStack_RxR/ros2_ws/install/vm_vln_msgs/include/vm_vln_msgs/vm_vln_msgs/msg/detail
[2.202s] -- Installing: /home/anhnt298/Downloads/SpatialStack_RxR/ros2_ws/install/vm_vln_msgs/include/vm_vln_msgs/vm_vln_msgs/msg/detail/vln_hybrid_output__struct.hpp
[2.203s] -- Installing: /home/anhnt298/Downloads/SpatialStack_RxR/ros2_ws/install/vm_vln_msgs/include/vm_vln_msgs/vm_vln_msgs/msg/detail/vln_hybrid_output__traits.hpp
[2.203s] -- Installing: /home/anhnt298/Downloads/SpatialStack_RxR/ros2_ws/install/vm_vln_msgs/include/vm_vln_msgs/vm_vln_msgs/msg/detail/vln_hybrid_output__type_support.hpp
[2.203s] -- Installing: /home/anhnt298/Downloads/SpatialStack_RxR/ros2_ws/install/vm_vln_msgs/include/vm_vln_msgs/vm_vln_msgs/msg/detail/vln_hybrid_output__builder.hpp
[2.203s] -- Installing: /home/anhnt298/Downloads/SpatialStack_RxR/ros2_ws/install/vm_vln_msgs/include/vm_vln_msgs/vm_vln_msgs/msg/rosidl_generator_cpp__visibility_control.hpp
[2.203s] -- Installing: /home/anhnt298/Downloads/SpatialStack_RxR/ros2_ws/install/vm_vln_msgs/include/vm_vln_msgs/vm_vln_msgs/msg/vln_hybrid_output.hpp
[2.204s] -- Up-to-date: /home/anhnt298/Downloads/SpatialStack_RxR/ros2_ws/install/vm_vln_msgs/include/vm_vln_msgs/vm_vln_msgs
[2.204s] -- Up-to-date: /home/anhnt298/Downloads/SpatialStack_RxR/ros2_ws/install/vm_vln_msgs/include/vm_vln_msgs/vm_vln_msgs/msg
[2.204s] -- Up-to-date: /home/anhnt298/Downloads/SpatialStack_RxR/ros2_ws/install/vm_vln_msgs/include/vm_vln_msgs/vm_vln_msgs/msg/detail
[2.204s] -- Installing: /home/anhnt298/Downloads/SpatialStack_RxR/ros2_ws/install/vm_vln_msgs/include/vm_vln_msgs/vm_vln_msgs/msg/detail/dds_fastrtps
[2.204s] -- Installing: /home/anhnt298/Downloads/SpatialStack_RxR/ros2_ws/install/vm_vln_msgs/include/vm_vln_msgs/vm_vln_msgs/msg/detail/vln_hybrid_output__rosidl_typesupport_fastrtps_cpp.hpp
[2.204s] -- Installing: /home/anhnt298/Downloads/SpatialStack_RxR/ros2_ws/install/vm_vln_msgs/include/vm_vln_msgs/vm_vln_msgs/msg/rosidl_typesupport_fastrtps_cpp__visibility_control.h
[2.204s] -- Installing: /home/anhnt298/Downloads/SpatialStack_RxR/ros2_ws/install/vm_vln_msgs/lib/libvm_vln_msgs__rosidl_typesupport_fastrtps_cpp.so
[2.205s] -- Set runtime path of "/home/anhnt298/Downloads/SpatialStack_RxR/ros2_ws/install/vm_vln_msgs/lib/libvm_vln_msgs__rosidl_typesupport_fastrtps_cpp.so" to ""
[2.205s] -- Up-to-date: /home/anhnt298/Downloads/SpatialStack_RxR/ros2_ws/install/vm_vln_msgs/include/vm_vln_msgs/vm_vln_msgs
[2.205s] -- Up-to-date: /home/anhnt298/Downloads/SpatialStack_RxR/ros2_ws/install/vm_vln_msgs/include/vm_vln_msgs/vm_vln_msgs/msg
[2.205s] -- Up-to-date: /home/anhnt298/Downloads/SpatialStack_RxR/ros2_ws/install/vm_vln_msgs/include/vm_vln_msgs/vm_vln_msgs/msg/detail
[2.205s] -- Installing: /home/anhnt298/Downloads/SpatialStack_RxR/ros2_ws/install/vm_vln_msgs/include/vm_vln_msgs/vm_vln_msgs/msg/detail/vln_hybrid_output__rosidl_typesupport_introspection_c.h
[2.205s] -- Installing: /home/anhnt298/Downloads/SpatialStack_RxR/ros2_ws/install/vm_vln_msgs/include/vm_vln_msgs/vm_vln_msgs/msg/detail/vln_hybrid_output__type_support.c
[2.205s] -- Installing: /home/anhnt298/Downloads/SpatialStack_RxR/ros2_ws/install/vm_vln_msgs/include/vm_vln_msgs/vm_vln_msgs/msg/rosidl_typesupport_introspection_c__visibility_control.h
[2.205s] -- Installing: /home/anhnt298/Downloads/SpatialStack_RxR/ros2_ws/install/vm_vln_msgs/lib/libvm_vln_msgs__rosidl_typesupport_introspection_c.so
[2.206s] -- Set runtime path of "/home/anhnt298/Downloads/SpatialStack_RxR/ros2_ws/install/vm_vln_msgs/lib/libvm_vln_msgs__rosidl_typesupport_introspection_c.so" to ""
[2.206s] -- Installing: /home/anhnt298/Downloads/SpatialStack_RxR/ros2_ws/install/vm_vln_msgs/lib/libvm_vln_msgs__rosidl_typesupport_c.so
[2.206s] -- Set runtime path of "/home/anhnt298/Downloads/SpatialStack_RxR/ros2_ws/install/vm_vln_msgs/lib/libvm_vln_msgs__rosidl_typesupport_c.so" to ""
[2.206s] -- Up-to-date: /home/anhnt298/Downloads/SpatialStack_RxR/ros2_ws/install/vm_vln_msgs/include/vm_vln_msgs/vm_vln_msgs
[2.206s] -- Up-to-date: /home/anhnt298/Downloads/SpatialStack_RxR/ros2_ws/install/vm_vln_msgs/include/vm_vln_msgs/vm_vln_msgs/msg
[2.206s] -- Up-to-date: /home/anhnt298/Downloads/SpatialStack_RxR/ros2_ws/install/vm_vln_msgs/include/vm_vln_msgs/vm_vln_msgs/msg/detail
[2.206s] -- Installing: /home/anhnt298/Downloads/SpatialStack_RxR/ros2_ws/install/vm_vln_msgs/include/vm_vln_msgs/vm_vln_msgs/msg/detail/vln_hybrid_output__rosidl_typesupport_introspection_cpp.hpp
[2.206s] -- Installing: /home/anhnt298/Downloads/SpatialStack_RxR/ros2_ws/install/vm_vln_msgs/include/vm_vln_msgs/vm_vln_msgs/msg/detail/vln_hybrid_output__type_support.cpp
[2.206s] -- Installing: /home/anhnt298/Downloads/SpatialStack_RxR/ros2_ws/install/vm_vln_msgs/lib/libvm_vln_msgs__rosidl_typesupport_introspection_cpp.so
[2.207s] -- Set runtime path of "/home/anhnt298/Downloads/SpatialStack_RxR/ros2_ws/install/vm_vln_msgs/lib/libvm_vln_msgs__rosidl_typesupport_introspection_cpp.so" to ""
[2.207s] -- Installing: /home/anhnt298/Downloads/SpatialStack_RxR/ros2_ws/install/vm_vln_msgs/lib/libvm_vln_msgs__rosidl_typesupport_cpp.so
[2.207s] -- Set runtime path of "/home/anhnt298/Downloads/SpatialStack_RxR/ros2_ws/install/vm_vln_msgs/lib/libvm_vln_msgs__rosidl_typesupport_cpp.so" to ""
[2.207s] -- Installing: /home/anhnt298/Downloads/SpatialStack_RxR/ros2_ws/install/vm_vln_msgs/share/vm_vln_msgs/environment/pythonpath.sh
[2.207s] -- Installing: /home/anhnt298/Downloads/SpatialStack_RxR/ros2_ws/install/vm_vln_msgs/share/vm_vln_msgs/environment/pythonpath.dsv
[2.208s] -- Installing: /home/anhnt298/Downloads/SpatialStack_RxR/ros2_ws/install/vm_vln_msgs/local/lib/python3.10/dist-packages/vm_vln_msgs-0.0.0-py3.10.egg-info
[2.208s] -- Installing: /home/anhnt298/Downloads/SpatialStack_RxR/ros2_ws/install/vm_vln_msgs/local/lib/python3.10/dist-packages/vm_vln_msgs-0.0.0-py3.10.egg-info/PKG-INFO
[2.208s] -- Installing: /home/anhnt298/Downloads/SpatialStack_RxR/ros2_ws/install/vm_vln_msgs/local/lib/python3.10/dist-packages/vm_vln_msgs-0.0.0-py3.10.egg-info/dependency_links.txt
[2.208s] -- Installing: /home/anhnt298/Downloads/SpatialStack_RxR/ros2_ws/install/vm_vln_msgs/local/lib/python3.10/dist-packages/vm_vln_msgs-0.0.0-py3.10.egg-info/top_level.txt
[2.208s] -- Installing: /home/anhnt298/Downloads/SpatialStack_RxR/ros2_ws/install/vm_vln_msgs/local/lib/python3.10/dist-packages/vm_vln_msgs-0.0.0-py3.10.egg-info/SOURCES.txt
[2.209s] -- Installing: /home/anhnt298/Downloads/SpatialStack_RxR/ros2_ws/install/vm_vln_msgs/local/lib/python3.10/dist-packages/vm_vln_msgs
[2.209s] -- Installing: /home/anhnt298/Downloads/SpatialStack_RxR/ros2_ws/install/vm_vln_msgs/local/lib/python3.10/dist-packages/vm_vln_msgs/msg
[2.209s] -- Installing: /home/anhnt298/Downloads/SpatialStack_RxR/ros2_ws/install/vm_vln_msgs/local/lib/python3.10/dist-packages/vm_vln_msgs/msg/_vln_hybrid_output_s.c
[2.209s] -- Installing: /home/anhnt298/Downloads/SpatialStack_RxR/ros2_ws/install/vm_vln_msgs/local/lib/python3.10/dist-packages/vm_vln_msgs/msg/_vln_hybrid_output.py
[2.209s] -- Installing: /home/anhnt298/Downloads/SpatialStack_RxR/ros2_ws/install/vm_vln_msgs/local/lib/python3.10/dist-packages/vm_vln_msgs/msg/__init__.py
[2.210s] -- Installing: /home/anhnt298/Downloads/SpatialStack_RxR/ros2_ws/install/vm_vln_msgs/local/lib/python3.10/dist-packages/vm_vln_msgs/vm_vln_msgs_s__rosidl_typesupport_c.cpython-310-x86_64-linux-gnu.so
[2.210s] -- Installing: /home/anhnt298/Downloads/SpatialStack_RxR/ros2_ws/install/vm_vln_msgs/local/lib/python3.10/dist-packages/vm_vln_msgs/libvm_vln_msgs__rosidl_generator_py.so
[2.210s] -- Installing: /home/anhnt298/Downloads/SpatialStack_RxR/ros2_ws/install/vm_vln_msgs/local/lib/python3.10/dist-packages/vm_vln_msgs/__init__.py
[2.210s] -- Installing: /home/anhnt298/Downloads/SpatialStack_RxR/ros2_ws/install/vm_vln_msgs/local/lib/python3.10/dist-packages/vm_vln_msgs/_vm_vln_msgs_s.ep.rosidl_typesupport_introspection_c.c
[2.210s] -- Installing: /home/anhnt298/Downloads/SpatialStack_RxR/ros2_ws/install/vm_vln_msgs/local/lib/python3.10/dist-packages/vm_vln_msgs/_vm_vln_msgs_s.ep.rosidl_typesupport_c.c
[2.210s] -- Installing: /home/anhnt298/Downloads/SpatialStack_RxR/ros2_ws/install/vm_vln_msgs/local/lib/python3.10/dist-packages/vm_vln_msgs/vm_vln_msgs_s__rosidl_typesupport_introspection_c.cpython-310-x86_64-linux-gnu.so
[2.210s] -- Installing: /home/anhnt298/Downloads/SpatialStack_RxR/ros2_ws/install/vm_vln_msgs/local/lib/python3.10/dist-packages/vm_vln_msgs/_vm_vln_msgs_s.ep.rosidl_typesupport_fastrtps_c.c
[2.210s] -- Installing: /home/anhnt298/Downloads/SpatialStack_RxR/ros2_ws/install/vm_vln_msgs/local/lib/python3.10/dist-packages/vm_vln_msgs/vm_vln_msgs_s__rosidl_typesupport_fastrtps_c.cpython-310-x86_64-linux-gnu.so
[2.227s] Listing '/home/anhnt298/Downloads/SpatialStack_RxR/ros2_ws/install/vm_vln_msgs/local/lib/python3.10/dist-packages/vm_vln_msgs'...
[2.228s] Compiling '/home/anhnt298/Downloads/SpatialStack_RxR/ros2_ws/install/vm_vln_msgs/local/lib/python3.10/dist-packages/vm_vln_msgs/__init__.py'...
[2.228s] Listing '/home/anhnt298/Downloads/SpatialStack_RxR/ros2_ws/install/vm_vln_msgs/local/lib/python3.10/dist-packages/vm_vln_msgs/msg'...
[2.228s] Compiling '/home/anhnt298/Downloads/SpatialStack_RxR/ros2_ws/install/vm_vln_msgs/local/lib/python3.10/dist-packages/vm_vln_msgs/msg/__init__.py'...
[2.228s] Compiling '/home/anhnt298/Downloads/SpatialStack_RxR/ros2_ws/install/vm_vln_msgs/local/lib/python3.10/dist-packages/vm_vln_msgs/msg/_vln_hybrid_output.py'...
[2.230s] -- Installing: /home/anhnt298/Downloads/SpatialStack_RxR/ros2_ws/install/vm_vln_msgs/local/lib/python3.10/dist-packages/vm_vln_msgs/vm_vln_msgs_s__rosidl_typesupport_fastrtps_c.cpython-310-x86_64-linux-gnu.so
[2.230s] -- Set runtime path of "/home/anhnt298/Downloads/SpatialStack_RxR/ros2_ws/install/vm_vln_msgs/local/lib/python3.10/dist-packages/vm_vln_msgs/vm_vln_msgs_s__rosidl_typesupport_fastrtps_c.cpython-310-x86_64-linux-gnu.so" to ""
[2.230s] -- Installing: /home/anhnt298/Downloads/SpatialStack_RxR/ros2_ws/install/vm_vln_msgs/local/lib/python3.10/dist-packages/vm_vln_msgs/vm_vln_msgs_s__rosidl_typesupport_introspection_c.cpython-310-x86_64-linux-gnu.so
[2.230s] -- Set runtime path of "/home/anhnt298/Downloads/SpatialStack_RxR/ros2_ws/install/vm_vln_msgs/local/lib/python3.10/dist-packages/vm_vln_msgs/vm_vln_msgs_s__rosidl_typesupport_introspection_c.cpython-310-x86_64-linux-gnu.so" to ""
[2.230s] -- Installing: /home/anhnt298/Downloads/SpatialStack_RxR/ros2_ws/install/vm_vln_msgs/local/lib/python3.10/dist-packages/vm_vln_msgs/vm_vln_msgs_s__rosidl_typesupport_c.cpython-310-x86_64-linux-gnu.so
[2.231s] -- Set runtime path of "/home/anhnt298/Downloads/SpatialStack_RxR/ros2_ws/install/vm_vln_msgs/local/lib/python3.10/dist-packages/vm_vln_msgs/vm_vln_msgs_s__rosidl_typesupport_c.cpython-310-x86_64-linux-gnu.so" to ""
[2.231s] -- Installing: /home/anhnt298/Downloads/SpatialStack_RxR/ros2_ws/install/vm_vln_msgs/lib/libvm_vln_msgs__rosidl_generator_py.so
[2.231s] -- Set runtime path of "/home/anhnt298/Downloads/SpatialStack_RxR/ros2_ws/install/vm_vln_msgs/lib/libvm_vln_msgs__rosidl_generator_py.so" to ""
[2.231s] -- Installing: /home/anhnt298/Downloads/SpatialStack_RxR/ros2_ws/install/vm_vln_msgs/share/ament_index/resource_index/rust_packages/vm_vln_msgs
[2.232s] -- Installing: /home/anhnt298/Downloads/SpatialStack_RxR/ros2_ws/install/vm_vln_msgs/share/vm_vln_msgs/rust
[2.232s] -- Installing: /home/anhnt298/Downloads/SpatialStack_RxR/ros2_ws/install/vm_vln_msgs/share/vm_vln_msgs/rust/Cargo.toml
[2.232s] -- Installing: /home/anhnt298/Downloads/SpatialStack_RxR/ros2_ws/install/vm_vln_msgs/share/vm_vln_msgs/rust/src
[2.232s] -- Installing: /home/anhnt298/Downloads/SpatialStack_RxR/ros2_ws/install/vm_vln_msgs/share/vm_vln_msgs/rust/src/msg.rs
[2.232s] -- Installing: /home/anhnt298/Downloads/SpatialStack_RxR/ros2_ws/install/vm_vln_msgs/share/vm_vln_msgs/rust/src/msg
[2.232s] -- Installing: /home/anhnt298/Downloads/SpatialStack_RxR/ros2_ws/install/vm_vln_msgs/share/vm_vln_msgs/rust/src/msg/rmw.rs
[2.232s] -- Installing: /home/anhnt298/Downloads/SpatialStack_RxR/ros2_ws/install/vm_vln_msgs/share/vm_vln_msgs/rust/src/lib.rs
[2.232s] -- Installing: /home/anhnt298/Downloads/SpatialStack_RxR/ros2_ws/install/vm_vln_msgs/share/vm_vln_msgs/rust/build.rs
[2.233s] -- Installing: /home/anhnt298/Downloads/SpatialStack_RxR/ros2_ws/install/vm_vln_msgs/share/vm_vln_msgs/msg/VlnHybridOutput.idl
[2.233s] -- Installing: /home/anhnt298/Downloads/SpatialStack_RxR/ros2_ws/install/vm_vln_msgs/share/vm_vln_msgs/msg/VlnHybridOutput.msg
[2.233s] -- Installing: /home/anhnt298/Downloads/SpatialStack_RxR/ros2_ws/install/vm_vln_msgs/share/ament_index/resource_index/package_run_dependencies/vm_vln_msgs
[2.233s] -- Installing: /home/anhnt298/Downloads/SpatialStack_RxR/ros2_ws/install/vm_vln_msgs/share/ament_index/resource_index/parent_prefix_path/vm_vln_msgs
[2.234s] -- Installing: /home/anhnt298/Downloads/SpatialStack_RxR/ros2_ws/install/vm_vln_msgs/share/vm_vln_msgs/environment/ament_prefix_path.sh
[2.234s] -- Installing: /home/anhnt298/Downloads/SpatialStack_RxR/ros2_ws/install/vm_vln_msgs/share/vm_vln_msgs/environment/ament_prefix_path.dsv
[2.234s] -- Installing: /home/anhnt298/Downloads/SpatialStack_RxR/ros2_ws/install/vm_vln_msgs/share/vm_vln_msgs/environment/path.sh
[2.234s] -- Installing: /home/anhnt298/Downloads/SpatialStack_RxR/ros2_ws/install/vm_vln_msgs/share/vm_vln_msgs/environment/path.dsv
[2.234s] -- Installing: /home/anhnt298/Downloads/SpatialStack_RxR/ros2_ws/install/vm_vln_msgs/share/vm_vln_msgs/local_setup.bash
[2.234s] -- Installing: /home/anhnt298/Downloads/SpatialStack_RxR/ros2_ws/install/vm_vln_msgs/share/vm_vln_msgs/local_setup.sh
[2.234s] -- Installing: /home/anhnt298/Downloads/SpatialStack_RxR/ros2_ws/install/vm_vln_msgs/share/vm_vln_msgs/local_setup.zsh
[2.234s] -- Installing: /home/anhnt298/Downloads/SpatialStack_RxR/ros2_ws/install/vm_vln_msgs/share/vm_vln_msgs/local_setup.dsv
[2.234s] -- Installing: /home/anhnt298/Downloads/SpatialStack_RxR/ros2_ws/install/vm_vln_msgs/share/vm_vln_msgs/package.dsv
[2.235s] -- Installing: /home/anhnt298/Downloads/SpatialStack_RxR/ros2_ws/install/vm_vln_msgs/share/ament_index/resource_index/packages/vm_vln_msgs
[2.235s] -- Installing: /home/anhnt298/Downloads/SpatialStack_RxR/ros2_ws/install/vm_vln_msgs/share/vm_vln_msgs/cmake/export_vm_vln_msgs__rosidl_generator_cExport.cmake
[2.235s] -- Installing: /home/anhnt298/Downloads/SpatialStack_RxR/ros2_ws/install/vm_vln_msgs/share/vm_vln_msgs/cmake/export_vm_vln_msgs__rosidl_generator_cExport-noconfig.cmake
[2.235s] -- Installing: /home/anhnt298/Downloads/SpatialStack_RxR/ros2_ws/install/vm_vln_msgs/share/vm_vln_msgs/cmake/export_vm_vln_msgs__rosidl_typesupport_fastrtps_cExport.cmake
[2.235s] -- Installing: /home/anhnt298/Downloads/SpatialStack_RxR/ros2_ws/install/vm_vln_msgs/share/vm_vln_msgs/cmake/export_vm_vln_msgs__rosidl_typesupport_fastrtps_cExport-noconfig.cmake
[2.235s] -- Installing: /home/anhnt298/Downloads/SpatialStack_RxR/ros2_ws/install/vm_vln_msgs/share/vm_vln_msgs/cmake/export_vm_vln_msgs__rosidl_generator_cppExport.cmake
[2.235s] -- Installing: /home/anhnt298/Downloads/SpatialStack_RxR/ros2_ws/install/vm_vln_msgs/share/vm_vln_msgs/cmake/export_vm_vln_msgs__rosidl_typesupport_fastrtps_cppExport.cmake
[2.235s] -- Installing: /home/anhnt298/Downloads/SpatialStack_RxR/ros2_ws/install/vm_vln_msgs/share/vm_vln_msgs/cmake/export_vm_vln_msgs__rosidl_typesupport_fastrtps_cppExport-noconfig.cmake
[2.235s] -- Installing: /home/anhnt298/Downloads/SpatialStack_RxR/ros2_ws/install/vm_vln_msgs/share/vm_vln_msgs/cmake/vm_vln_msgs__rosidl_typesupport_introspection_cExport.cmake
[2.236s] -- Installing: /home/anhnt298/Downloads/SpatialStack_RxR/ros2_ws/install/vm_vln_msgs/share/vm_vln_msgs/cmake/vm_vln_msgs__rosidl_typesupport_introspection_cExport-noconfig.cmake
[2.236s] -- Installing: /home/anhnt298/Downloads/SpatialStack_RxR/ros2_ws/install/vm_vln_msgs/share/vm_vln_msgs/cmake/vm_vln_msgs__rosidl_typesupport_cExport.cmake
[2.236s] -- Installing: /home/anhnt298/Downloads/SpatialStack_RxR/ros2_ws/install/vm_vln_msgs/share/vm_vln_msgs/cmake/vm_vln_msgs__rosidl_typesupport_cExport-noconfig.cmake
[2.236s] -- Installing: /home/anhnt298/Downloads/SpatialStack_RxR/ros2_ws/install/vm_vln_msgs/share/vm_vln_msgs/cmake/vm_vln_msgs__rosidl_typesupport_introspection_cppExport.cmake
[2.236s] -- Installing: /home/anhnt298/Downloads/SpatialStack_RxR/ros2_ws/install/vm_vln_msgs/share/vm_vln_msgs/cmake/vm_vln_msgs__rosidl_typesupport_introspection_cppExport-noconfig.cmake
[2.236s] -- Installing: /home/anhnt298/Downloads/SpatialStack_RxR/ros2_ws/install/vm_vln_msgs/share/vm_vln_msgs/cmake/vm_vln_msgs__rosidl_typesupport_cppExport.cmake
[2.236s] -- Installing: /home/anhnt298/Downloads/SpatialStack_RxR/ros2_ws/install/vm_vln_msgs/share/vm_vln_msgs/cmake/vm_vln_msgs__rosidl_typesupport_cppExport-noconfig.cmake
[2.236s] -- Installing: /home/anhnt298/Downloads/SpatialStack_RxR/ros2_ws/install/vm_vln_msgs/share/vm_vln_msgs/cmake/export_vm_vln_msgs__rosidl_generator_pyExport.cmake
[2.236s] -- Installing: /home/anhnt298/Downloads/SpatialStack_RxR/ros2_ws/install/vm_vln_msgs/share/vm_vln_msgs/cmake/export_vm_vln_msgs__rosidl_generator_pyExport-noconfig.cmake
[2.236s] -- Installing: /home/anhnt298/Downloads/SpatialStack_RxR/ros2_ws/install/vm_vln_msgs/share/vm_vln_msgs/cmake/rosidl_cmake-extras.cmake
[2.237s] -- Installing: /home/anhnt298/Downloads/SpatialStack_RxR/ros2_ws/install/vm_vln_msgs/share/vm_vln_msgs/cmake/ament_cmake_export_dependencies-extras.cmake
[2.237s] -- Installing: /home/anhnt298/Downloads/SpatialStack_RxR/ros2_ws/install/vm_vln_msgs/share/vm_vln_msgs/cmake/ament_cmake_export_include_directories-extras.cmake
[2.237s] -- Installing: /home/anhnt298/Downloads/SpatialStack_RxR/ros2_ws/install/vm_vln_msgs/share/vm_vln_msgs/cmake/ament_cmake_export_libraries-extras.cmake
[2.237s] -- Installing: /home/anhnt298/Downloads/SpatialStack_RxR/ros2_ws/install/vm_vln_msgs/share/vm_vln_msgs/cmake/ament_cmake_export_targets-extras.cmake
[2.237s] -- Installing: /home/anhnt298/Downloads/SpatialStack_RxR/ros2_ws/install/vm_vln_msgs/share/vm_vln_msgs/cmake/rosidl_cmake_export_typesupport_targets-extras.cmake
[2.237s] -- Installing: /home/anhnt298/Downloads/SpatialStack_RxR/ros2_ws/install/vm_vln_msgs/share/vm_vln_msgs/cmake/rosidl_cmake_export_typesupport_libraries-extras.cmake
[2.237s] -- Installing: /home/anhnt298/Downloads/SpatialStack_RxR/ros2_ws/install/vm_vln_msgs/share/vm_vln_msgs/cmake/vm_vln_msgsConfig.cmake
[2.237s] -- Installing: /home/anhnt298/Downloads/SpatialStack_RxR/ros2_ws/install/vm_vln_msgs/share/vm_vln_msgs/cmake/vm_vln_msgsConfig-version.cmake
[2.237s] -- Installing: /home/anhnt298/Downloads/SpatialStack_RxR/ros2_ws/install/vm_vln_msgs/share/vm_vln_msgs/package.xml
[2.239s] Invoked command in '/home/anhnt298/Downloads/SpatialStack_RxR/ros2_ws/build/vm_vln_msgs' returned '0': CMAKE_PREFIX_PATH=/opt/ros/humble /usr/bin/cmake --install /home/anhnt298/Downloads/SpatialStack_RxR/ros2_ws/build/vm_vln_msgs
